<html>
<body>
<pre>
<h1>µVision Build Log</h1>
<h2>Tool Versions:</h2>
IDE-Version: µVision V5.14.0.0
Copyright (C) 2015 ARM Ltd and ARM Germany GmbH. All rights reserved.
License Information: fa Microsoft, Microsoft, LIC=----
 
Tool Versions:
Toolchain:       MDK-Lite  Version: 5.14.0.0
Toolchain Path:  C:\Keil_v5\ARM\ARMCC\Bin
C Compiler:      Armcc.exe V5.05 update 1 (build 106)
Assembler:       Armasm.exe V5.05 update 1 (build 106)
Linker/Locator:  ArmLink.exe V5.05 update 1 (build 106)
Library Manager: ArmAr.exe V5.05 update 1 (build 106)
Hex Converter:   FromElf.exe V5.05 update 1 (build 106)
CPU DLL:         
Dialog DLL:      
Target DLL:      Segger\JL2CM3.dll V2.99.13.0
Dialog DLL:      TARMCM1.DLL V1.9.0.0
 
<h2>Project:</h2>
C:\Users\Faustyna\Desktop\nordic\examples\ble_central\ble_app_multilink_central\pca10028\s130\arm5_no_packs\ble_app_multilink_central_s130_pca10028.uvprojx
Project File Date:  09/23/2015

<h2>Output:</h2>
Build target 'nrf51422_xxac_s130'
compiling main.c...
..\..\..\main.c(92): warning:  #177-D: variable "m_lls_timer" was declared but never referenced
  static app_timer_id_t m_lls_timer;
..\..\..\main.c(93): warning:  #177-D: variable "p_temporatry" was declared but never referenced
  static ble_lls_c_t *p_temporatry;
..\..\..\main.c: 2 warnings, 0 errors
compiling lls_client.c...
lls_client.c(297): warning:  #177-D: variable "gatt_server" was declared but never referenced
        ble_gatts_evt_t gatt_server = p_ble_evt->evt.gatts_evt;
lls_client.c(73): warning:  #550-D: variable "alert_value" was set but never used
  static uint8_t alert_value=BLE_CHAR_ALERT_LEVEL_HIGH_ALERT;
lls_client.c: 2 warnings, 0 errors
linking...
Program Size: Code=15752 RO-data=920 RW-data=172 ZI-data=5164  
FromELF: creating hex file...
".\_build\nrf51422_xxac_s130.axf" - 0 Error(s), 4 Warning(s).

<h2>Software Packages used:</h2>

Package Vendor: ARM
                http://www.keil.com/pack/ARM.CMSIS.4.3.0.pack
                ARM::CMSIS:CORE:4.1.0
                CMSIS (Cortex Microcontroller Software Interface Standard)
   * Component: CORE Version: 4.1.0

Package Vendor: NordicSemiconductor
                http://developer.nordicsemi.com/nRF51_SDK/pieces/nRF_DeviceFamilyPack/NordicSemiconductor.nRF_DeviceFamilyPack.7.2.1.pack
                NordicSemiconductor::Device:Startup:7.2.1
                Nordic Semiconductor nRF ARM devices Device Family Pack.
   * Component: Startup Version: 7.2.1

<h2>Collection of Component include folders:</h2>
  C:\Users\Faustyna\Desktop\nordic\examples\ble_central\ble_app_multilink_central\pca10028\s130\arm5_no_packs\RTE
  C:\Keil_v5\ARM\PACK\ARM\CMSIS\4.3.0\CMSIS\Include
  C:\Keil_v5\ARM\PACK\NordicSemiconductor\nRF_DeviceFamilyPack\7.2.1\Device\Include

<h2>Collection of Component Files used:</h2>

   * Component: ARM::CMSIS:CORE:4.1.0

   * Component: NordicSemiconductor::Device:Startup:7.2.1
      Source file:   Device\Source\arm\arm_startup_nrf51.s
      Source file:   Device\Source\system_nrf51.c
      Include file:  Device\Include\system_nrf51.h
</pre>
</body>
</html>
