Component: ARM Compiler 5.05 update 1 (build 106) Tool: armlink [4d0efa]

==============================================================================

Section Cross References

    client_handling.o(i.client_handling_destroy) refers to client_handling.o(.bss) for .bss
    client_handling.o(i.client_handling_destroy) refers to client_handling.o(.constdata) for .constdata
    client_handling.o(i.client_handling_destroy) refers to client_handling.o(.data) for .data
    main.o(i.assert_nrf_callback) refers to app_error.o(i.app_error_handler) for app_error_handler
    main.o(i.ble_evt_dispatch) refers to device_manager_central.o(i.dm_ble_evt_handler) for dm_ble_evt_handler
    main.o(i.ble_evt_dispatch) refers to ble_db_discovery.o(i.ble_db_discovery_on_ble_evt) for ble_db_discovery_on_ble_evt
    main.o(i.ble_evt_dispatch) refers to lls_client.o(i.ble_lls_c_on_ble_evt) for ble_lls_c_on_ble_evt
    main.o(i.ble_evt_dispatch) refers to main.o(i.on_ble_evt) for on_ble_evt
    main.o(i.ble_evt_dispatch) refers to main.o(.bss) for .bss
    main.o(i.ble_stack_init) refers to softdevice_handler.o(i.softdevice_handler_init) for softdevice_handler_init
    main.o(i.ble_stack_init) refers to app_error.o(i.app_error_handler) for app_error_handler
    main.o(i.ble_stack_init) refers to softdevice_handler.o(i.softdevice_ble_evt_handler_set) for softdevice_ble_evt_handler_set
    main.o(i.ble_stack_init) refers to softdevice_handler.o(i.softdevice_sys_evt_handler_set) for softdevice_sys_evt_handler_set
    main.o(i.ble_stack_init) refers to main.o(.bss) for .bss
    main.o(i.ble_stack_init) refers to main.o(i.ble_evt_dispatch) for ble_evt_dispatch
    main.o(i.ble_stack_init) refers to main.o(i.sys_evt_dispatch) for sys_evt_dispatch
    main.o(i.device_manager_event_handler) refers to printf8.o(i.__0printf$8) for __2printf
    main.o(i.device_manager_event_handler) refers to memcpya.o(.text) for __aeabi_memcpy
    main.o(i.device_manager_event_handler) refers to ble_db_discovery.o(i.ble_db_discovery_start) for ble_db_discovery_start
    main.o(i.device_manager_event_handler) refers to app_error.o(i.app_error_handler) for app_error_handler
    main.o(i.device_manager_event_handler) refers to main.o(i.scan_start) for scan_start
    main.o(i.device_manager_event_handler) refers to client_handling.o(i.client_handling_destroy) for client_handling_destroy
    main.o(i.device_manager_event_handler) refers to device_manager_central.o(i.dm_security_setup_req) for dm_security_setup_req
    main.o(i.device_manager_event_handler) refers to main.o(.data) for .data
    main.o(i.device_manager_event_handler) refers to main.o(.conststring) for .conststring
    main.o(i.device_manager_event_handler) refers to main.o(.bss) for .bss
    main.o(i.device_manager_init) refers to pstorage.o(i.pstorage_init) for pstorage_init
    main.o(i.device_manager_init) refers to app_error.o(i.app_error_handler) for app_error_handler
    main.o(i.device_manager_init) refers to device_manager_central.o(i.dm_init) for dm_init
    main.o(i.device_manager_init) refers to memseta.o(.text) for __aeabi_memclr
    main.o(i.device_manager_init) refers to device_manager_central.o(i.dm_register) for dm_register
    main.o(i.device_manager_init) refers to main.o(i.device_manager_event_handler) for device_manager_event_handler
    main.o(i.device_manager_init) refers to main.o(.data) for .data
    main.o(i.lls_c_evt_handler) refers to device_manager_central.o(i.dm_security_setup_req) for dm_security_setup_req
    main.o(i.lls_c_evt_handler) refers to app_error.o(i.app_error_handler) for app_error_handler
    main.o(i.lls_c_evt_handler) refers to lls_client.o(i.write_characteristic_value) for write_characteristic_value
    main.o(i.lls_c_evt_handler) refers to printf8.o(i.__0printf$8) for __2printf
    main.o(i.lls_c_evt_handler) refers to lls_client.o(i.ble_lls_c_alert_remove) for ble_lls_c_alert_remove
    main.o(i.lls_c_evt_handler) refers to main.o(.data) for .data
    main.o(i.lls_c_init) refers to lls_client.o(i.ble_lls_c_init) for ble_lls_c_init
    main.o(i.lls_c_init) refers to app_error.o(i.app_error_handler) for app_error_handler
    main.o(i.lls_c_init) refers to main.o(.bss) for .bss
    main.o(i.lls_c_init) refers to main.o(i.lls_c_evt_handler) for lls_c_evt_handler
    main.o(i.main) refers to app_trace.o(i.app_trace_init) for app_trace_init
    main.o(i.main) refers to main.o(i.ble_stack_init) for ble_stack_init
    main.o(i.main) refers to main.o(i.device_manager_init) for device_manager_init
    main.o(i.main) refers to ble_db_discovery.o(i.ble_db_discovery_init) for ble_db_discovery_init
    main.o(i.main) refers to app_error.o(i.app_error_handler) for app_error_handler
    main.o(i.main) refers to main.o(i.lls_c_init) for lls_c_init
    main.o(i.main) refers to main.o(i.scan_start) for scan_start
    main.o(i.on_ble_evt) refers to main.o(i.adv_report_parse) for adv_report_parse
[...]
    ../clib/microlib/printf/printf.c         0x00000000   Number         0  printfb.o ABSOLUTE
    ../clib/microlib/printf/printf.c         0x00000000   Number         0  printf0.o ABSOLUTE
    ../clib/microlib/printf/printf.c         0x00000000   Number         0  printf2.o ABSOLUTE
    ../clib/microlib/printf/printf.c         0x00000000   Number         0  printf3.o ABSOLUTE
    ../clib/microlib/printf/stubs.s          0x00000000   Number         0  stubs.o ABSOLUTE
    ../clib/microlib/string/memcmp.c         0x00000000   Number         0  memcmp.o ABSOLUTE
    ../clib/microlib/string/memcpy.c         0x00000000   Number         0  memcpyb.o ABSOLUTE
    ../clib/microlib/string/memcpy.c         0x00000000   Number         0  memcpya.o ABSOLUTE
    ../clib/microlib/string/memset.c         0x00000000   Number         0  memseta.o ABSOLUTE
    ../clib/microlib/string/strlen.c         0x00000000   Number         0  strlen.o ABSOLUTE
    ../clib/microlib/stubs.s                 0x00000000   Number         0  iusefp.o ABSOLUTE
    ../fplib/microlib/fpadd.c                0x00000000   Number         0  dadd.o ABSOLUTE
    ../fplib/microlib/fpdiv.c                0x00000000   Number         0  ddiv.o ABSOLUTE
    ../fplib/microlib/fpepilogue.c           0x00000000   Number         0  depilogue.o ABSOLUTE
    ../fplib/microlib/fpfix.c                0x00000000   Number         0  dfixul.o ABSOLUTE
    ../fplib/microlib/fpmul.c                0x00000000   Number         0  dmul.o ABSOLUTE
    ..\..\..\..\..\..\components\ble\ble_db_discovery\ble_db_discovery.c 0x00000000   Number         0  ble_db_discovery.o ABSOLUTE
    ..\..\..\..\..\..\components\ble\ble_services\ble_lls\ble_lls.c 0x00000000   Number         0  ble_lls.o ABSOLUTE
    ..\..\..\..\..\..\components\ble\common\ble_advdata.c 0x00000000   Number         0  ble_advdata.o ABSOLUTE
    ..\..\..\..\..\..\components\ble\common\ble_conn_params.c 0x00000000   Number         0  ble_conn_params.o ABSOLUTE
    ..\..\..\..\..\..\components\ble\common\ble_srv_common.c 0x00000000   Number         0  ble_srv_common.o ABSOLUTE
    ..\..\..\..\..\..\components\ble\device_manager\device_manager_central.c 0x00000000   Number         0  device_manager_central.o ABSOLUTE
    ..\..\..\..\..\..\components\drivers_nrf\common\nrf_drv_common.c 0x00000000   Number         0  nrf_drv_common.o ABSOLUTE
    ..\..\..\..\..\..\components\drivers_nrf\gpiote\nrf_drv_gpiote.c 0x00000000   Number         0  nrf_drv_gpiote.o ABSOLUTE
    ..\..\..\..\..\..\components\drivers_nrf\hal\nrf_delay.c 0x00000000   Number         0  nrf_delay.o ABSOLUTE
    ..\..\..\..\..\..\components\drivers_nrf\pstorage\pstorage.c 0x00000000   Number         0  pstorage.o ABSOLUTE
    ..\..\..\..\..\..\components\drivers_nrf\uart\app_uart_fifo.c 0x00000000   Number         0  app_uart_fifo.o ABSOLUTE
    ..\..\..\..\..\..\components\libraries\button\app_button.c 0x00000000   Number         0  app_button.o ABSOLUTE
    ..\..\..\..\..\..\components\libraries\fifo\app_fifo.c 0x00000000   Number         0  app_fifo.o ABSOLUTE
    ..\..\..\..\..\..\components\libraries\timer\app_timer.c 0x00000000   Number         0  app_timer.o ABSOLUTE
    ..\..\..\..\..\..\components\libraries\trace\app_trace.c 0x00000000   Number         0  app_trace.o ABSOLUTE
    ..\..\..\..\..\..\components\libraries\uart\retarget.c 0x00000000   Number         0  retarget.o ABSOLUTE
    ..\..\..\..\..\..\components\libraries\util\app_error.c 0x00000000   Number         0  app_error.o ABSOLUTE
    ..\..\..\..\..\..\components\libraries\util\nrf_assert.c 0x00000000   Number         0  nrf_assert.o ABSOLUTE
    ..\..\..\..\..\..\components\softdevice\common\softdevice_handler\softdevice_handler.c 0x00000000   Number         0  softdevice_handler.o ABSOLUTE
    ..\..\..\..\..\bsp\bsp.c                 0x00000000   Number         0  bsp.o ABSOLUTE
    ..\..\..\client_handling.c               0x00000000   Number         0  client_handling.o ABSOLUTE
    ..\..\..\main.c                          0x00000000   Number         0  main.o ABSOLUTE
    ..\\..\\..\\..\\..\\..\\components\\ble\\ble_services\\ble_lls\\ble_lls.c 0x00000000   Number         0  ble_lls.o ABSOLUTE
    ..\\..\\..\\..\\..\\..\\components\\ble\\device_manager\\device_manager_central.c 0x00000000   Number         0  device_manager_central.o ABSOLUTE
    ..\\..\\..\\..\\..\\..\\components\\drivers_nrf\\common\\nrf_drv_common.c 0x00000000   Number         0  nrf_drv_common.o ABSOLUTE
    ..\\..\\..\\..\\..\\..\\components\\drivers_nrf\\gpiote\\nrf_drv_gpiote.c 0x00000000   Number         0  nrf_drv_gpiote.o ABSOLUTE
    ..\\..\\..\\..\\..\\..\\components\\drivers_nrf\\hal\\nrf_delay.c 0x00000000   Number         0  nrf_delay.o ABSOLUTE
    ..\\..\\..\\..\\..\\..\\components\\drivers_nrf\\pstorage\\pstorage.c 0x00000000   Number         0  pstorage.o ABSOLUTE
    ..\\..\\..\\..\\..\\..\\components\\drivers_nrf\\uart\\app_uart_fifo.c 0x00000000   Number         0  app_uart_fifo.o ABSOLUTE
    ..\\..\\..\\..\\..\\..\\components\\libraries\\button\\app_button.c 0x00000000   Number         0  app_button.o ABSOLUTE
    ..\\..\\..\\..\\..\\..\\components\\libraries\\timer\\app_timer.c 0x00000000   Number         0  app_timer.o ABSOLUTE
    ..\\..\\..\\..\\..\\..\\components\\libraries\\trace\\app_trace.c 0x00000000   Number         0  app_trace.o ABSOLUTE
    ..\\..\\..\\..\\..\\..\\components\\libraries\\uart\\retarget.c 0x00000000   Number         0  retarget.o ABSOLUTE
    ..\\..\\..\\..\\..\\..\\components\\libraries\\util\\app_error.c 0x00000000   Number         0  app_error.o ABSOLUTE
    ..\\..\\..\\..\\..\\..\\components\\softdevice\\common\\softdevice_handler\\softdevice_handler.c 0x00000000   Number         0  softdevice_handler.o ABSOLUTE
    ..\\..\\..\\..\\..\\bsp\\bsp.c           0x00000000   Number         0  bsp.o ABSOLUTE
    ..\\..\\..\\client_handling.c            0x00000000   Number         0  client_handling.o ABSOLUTE
    ..\\..\\..\\main.c                       0x00000000   Number         0  main.o ABSOLUTE
    RTE\Device\nRF51422_xxAC\arm_startup_nrf51.s 0x00000000   Number         0  arm_startup_nrf51.o ABSOLUTE
    RTE\Device\nRF51422_xxAC\system_nrf51.c  0x00000000   Number         0  system_nrf51.o ABSOLUTE
    RTE\\Device\\nRF51422_xxAC\\system_nrf51.c 0x00000000   Number         0  system_nrf51.o ABSOLUTE
    cdrcmple.s                               0x00000000   Number         0  cdrcmple.o ABSOLUTE
    dc.s                                     0x00000000   Number         0  dc.o ABSOLUTE
    handlers.s                               0x00000000   Number         0  handlers.o ABSOLUTE
    init.s                                   0x00000000   Number         0  init.o ABSOLUTE
    lls_client.c                             0x00000000   Number         0  lls_client.o ABSOLUTE
    lls_client.c                             0x00000000   Number         0  lls_client.o ABSOLUTE
    RESET                                    0x0001c000   Section      192  arm_startup_nrf51.o(RESET)
    .ARM.Collect$$$$00000000                 0x0001c0c0   Section        0  entry.o(.ARM.Collect$$$$00000000)
    .ARM.Collect$$$$00000001                 0x0001c0c0   Section        4  entry2.o(.ARM.Collect$$$$00000001)
    .ARM.Collect$$$$00000004                 0x0001c0c4   Section        4  entry5.o(.ARM.Collect$$$$00000004)
    .ARM.Collect$$$$00000008                 0x0001c0c8   Section        0  entry7b.o(.ARM.Collect$$$$00000008)
    .ARM.Collect$$$$0000000A                 0x0001c0c8   Section        0  entry8b.o(.ARM.Collect$$$$0000000A)
    .ARM.Collect$$$$0000000B                 0x0001c0c8   Section        8  entry9a.o(.ARM.Collect$$$$0000000B)
    .ARM.Collect$$$$0000000D                 0x0001c0d0   Section        0  entry10a.o(.ARM.Collect$$$$0000000D)
    .ARM.Collect$$$$0000000F                 0x0001c0d0   Section        0  entry11a.o(.ARM.Collect$$$$0000000F)
    .ARM.Collect$$$$00002712                 0x0001c0d0   Section        4  entry2.o(.ARM.Collect$$$$00002712)
    __lit__00000000                          0x0001c0d0   Data           4  entry2.o(.ARM.Collect$$$$00002712)
    .emb_text                                0x0001c0d4   Section       30  nrf_delay.o(.emb_text)
    .emb_text                                0x0001c0f4   Section       30  app_timer.o(.emb_text)
    .text                                    0x0001c114   Section       56  arm_startup_nrf51.o(.text)
    .text                                    0x0001c14c   Section        0  uidiv.o(.text)
    .text                                    0x0001c178   Section        0  idiv.o(.text)
    .text                                    0x0001c1a0   Section        0  memcpya.o(.text)
    .text                                    0x0001c1c4   Section        0  memseta.o(.text)
    .text                                    0x0001c1e8   Section        0  memcmp.o(.text)
    .text                                    0x0001c202   Section        0  uldiv.o(.text)
    .text                                    0x0001c264   Section       36  init.o(.text)
    .text                                    0x0001c288   Section        0  llshl.o(.text)
    .text                                    0x0001c2a8   Section        0  llushr.o(.text)
    i.GPIOTE_IRQHandler                      0x0001c2cc   Section        0  nrf_drv_gpiote.o(i.GPIOTE_IRQHandler)
    i.RTC1_IRQHandler                        0x0001c3c8   Section        0  app_timer.o(i.RTC1_IRQHandler)
    i.SWI0_IRQHandler                        0x0001c3e8   Section        0  app_timer.o(i.SWI0_IRQHandler)
    i.SWI2_IRQHandler                        0x0001c43c   Section        0  softdevice_handler.o(i.SWI2_IRQHandler)
    i.SystemInit                             0x0001c460   Section        0  system_nrf51.o(i.SystemInit)
    i.UART0_IRQHandler                       0x0001c4b4   Section        0  app_uart_fifo.o(i.UART0_IRQHandler)
    i.__0printf$8                            0x0001c534   Section        0  printf8.o(i.__0printf$8)
    i.__ARM_common_switch8                   0x0001c554   Section        0  bsp.o(i.__ARM_common_switch8)
    i.__scatterload_copy                     0x0001c56e   Section       14  handlers.o(i.__scatterload_copy)
    i.__scatterload_null                     0x0001c57c   Section        2  handlers.o(i.__scatterload_null)
    i.__scatterload_zeroinit                 0x0001c57e   Section       14  handlers.o(i.__scatterload_zeroinit)
    i._printf_core                           0x0001c58c   Section        0  printf8.o(i._printf_core)
    _printf_core                             0x0001c58d   Thumb Code  1020  printf8.o(i._printf_core)
    i._printf_post_padding                   0x0001c9b4   Section        0  printf8.o(i._printf_post_padding)
    _printf_post_padding                     0x0001c9b5   Thumb Code    32  printf8.o(i._printf_post_padding)
    i._printf_pre_padding                    0x0001c9d4   Section        0  printf8.o(i._printf_pre_padding)
    _printf_pre_padding                      0x0001c9d5   Thumb Code    44  printf8.o(i._printf_pre_padding)
    i.action_tx_send                         0x0001ca00   Section        0  app_uart_fifo.o(i.action_tx_send)
    action_tx_send                           0x0001ca01   Thumb Code    56  app_uart_fifo.o(i.action_tx_send)
    i.action_tx_stop                         0x0001ca4c   Section        0  app_uart_fifo.o(i.action_tx_stop)
    i.action_uart_deactivate                 0x0001ca70   Section        0  app_uart_fifo.o(i.action_uart_deactivate)
    action_uart_deactivate                   0x0001ca71   Thumb Code    20  app_uart_fifo.o(i.action_uart_deactivate)
    i.adv_report_parse                       0x0001ca90   Section        0  main.o(i.adv_report_parse)
    adv_report_parse                         0x0001ca91   Thumb Code    46  main.o(i.adv_report_parse)
    i.app_error_handler                      0x0001cac0   Section        0  app_error.o(i.app_error_handler)
    i.app_evt_notify                         0x0001cadc   Section        0  device_manager_central.o(i.app_evt_notify)
    app_evt_notify                           0x0001cadd   Thumb Code     6  device_manager_central.o(i.app_evt_notify)
    i.app_fifo_get                           0x0001cae8   Section        0  app_fifo.o(i.app_fifo_get)
    i.app_fifo_init                          0x0001cb0a   Section        0  app_fifo.o(i.app_fifo_init)
    i.app_fifo_put                           0x0001cb2e   Section        0  app_fifo.o(i.app_fifo_put)
    i.app_notify                             0x0001cb50   Section        0  pstorage.o(i.app_notify)
    app_notify                               0x0001cb51   Thumb Code    34  pstorage.o(i.app_notify)
    i.app_notify_error_state_transit         0x0001cb7c   Section        0  pstorage.o(i.app_notify_error_state_transit)
    app_notify_error_state_transit           0x0001cb7d   Thumb Code    26  pstorage.o(i.app_notify_error_state_transit)
    i.app_trace_init                         0x0001cb9c   Section        0  app_trace.o(i.app_trace_init)
    i.app_uart_init                          0x0001cbe4   Section        0  app_uart_fifo.o(i.app_uart_init)
    i.app_uart_put                           0x0001cd78   Section        0  app_uart_fifo.o(i.app_uart_put)
    i.ble_db_discovery_evt_register          0x0001cd94   Section        0  ble_db_discovery.o(i.ble_db_discovery_evt_register)
    i.ble_db_discovery_init                  0x0001cde0   Section        0  ble_db_discovery.o(i.ble_db_discovery_init)
    i.ble_db_discovery_on_ble_evt            0x0001cdf8   Section        0  ble_db_discovery.o(i.ble_db_discovery_on_ble_evt)
    i.ble_db_discovery_start                 0x0001ce98   Section        0  ble_db_discovery.o(i.ble_db_discovery_start)
    i.ble_evt_dispatch                       0x0001cf08   Section        0  main.o(i.ble_evt_dispatch)
    ble_evt_dispatch                         0x0001cf09   Thumb Code    34  main.o(i.ble_evt_dispatch)
    i.ble_lls_alert_get                      0x0001cf30   Section        0  lls_client.o(i.ble_lls_alert_get)
    i.ble_lls_c_alert_remove                 0x0001cf3c   Section        0  lls_client.o(i.ble_lls_c_alert_remove)
    i.ble_lls_c_init                         0x0001cf60   Section        0  lls_client.o(i.ble_lls_c_init)
    i.ble_lls_c_on_ble_evt                   0x0001cfb8   Section        0  lls_client.o(i.ble_lls_c_on_ble_evt)
    i.ble_stack_init                         0x0001d120   Section        0  main.o(i.ble_stack_init)
    ble_stack_init                           0x0001d121   Thumb Code    90  main.o(i.ble_stack_init)
    i.channel_free                           0x0001d188   Section        0  nrf_drv_gpiote.o(i.channel_free)
    channel_free                             0x0001d189   Thumb Code    22  nrf_drv_gpiote.o(i.channel_free)
    i.channel_port_alloc                     0x0001d1a4   Section        0  nrf_drv_gpiote.o(i.channel_port_alloc)
    channel_port_alloc                       0x0001d1a5   Thumb Code    64  nrf_drv_gpiote.o(i.channel_port_alloc)
    i.channel_port_get                       0x0001d1e8   Section        0  nrf_drv_gpiote.o(i.channel_port_get)
    channel_port_get                         0x0001d1e9   Thumb Code    10  nrf_drv_gpiote.o(i.channel_port_get)
    i.characteristics_discover               0x0001d1f8   Section        0  ble_db_discovery.o(i.characteristics_discover)
    characteristics_discover                 0x0001d1f9   Thumb Code    56  ble_db_discovery.o(i.characteristics_discover)
    i.clear_operation_execute                0x0001d230   Section        0  pstorage.o(i.clear_operation_execute)
    clear_operation_execute                  0x0001d231   Thumb Code   252  pstorage.o(i.clear_operation_execute)
    i.clear_post_processing_run              0x0001d334   Section        0  pstorage.o(i.clear_post_processing_run)
    clear_post_processing_run                0x0001d335   Thumb Code    32  pstorage.o(i.clear_post_processing_run)
    i.client_handling_destroy                0x0001d358   Section        0  client_handling.o(i.client_handling_destroy)
    i.cmd_process                            0x0001d3bc   Section        0  pstorage.o(i.cmd_process)
    cmd_process                              0x0001d3bd   Thumb Code    46  pstorage.o(i.cmd_process)
    i.cmd_queue_element_init                 0x0001d3f4   Section        0  pstorage.o(i.cmd_queue_element_init)
    cmd_queue_element_init                   0x0001d3f5   Thumb Code    26  pstorage.o(i.cmd_queue_element_init)
    i.cmd_queue_enqueue                      0x0001d414   Section        0  pstorage.o(i.cmd_queue_enqueue)
    cmd_queue_enqueue                        0x0001d415   Thumb Code    68  pstorage.o(i.cmd_queue_enqueue)
    i.command_end_procedure_run              0x0001d460   Section        0  pstorage.o(i.command_end_procedure_run)
    command_end_procedure_run                0x0001d461   Thumb Code    56  pstorage.o(i.command_end_procedure_run)
    i.compare_reg_update                     0x0001d49c   Section        0  app_timer.o(i.compare_reg_update)
    compare_reg_update                       0x0001d49d   Thumb Code   140  app_timer.o(i.compare_reg_update)
    i.connection_instance_find               0x0001d540   Section        0  device_manager_central.o(i.connection_instance_find)
    connection_instance_find                 0x0001d541   Thumb Code    54  device_manager_central.o(i.connection_instance_find)
    i.connection_instance_init               0x0001d580   Section        0  device_manager_central.o(i.connection_instance_init)
    connection_instance_init                 0x0001d581   Thumb Code    30  device_manager_central.o(i.connection_instance_init)
    i.data_page_erase_state_run              0x0001d5a4   Section        0  pstorage.o(i.data_page_erase_state_run)
    data_page_erase_state_run                0x0001d5a5   Thumb Code    80  pstorage.o(i.data_page_erase_state_run)
    i.data_to_swap_write_state_run           0x0001d5f8   Section        0  pstorage.o(i.data_to_swap_write_state_run)
    data_to_swap_write_state_run             0x0001d5f9   Thumb Code    34  pstorage.o(i.data_to_swap_write_state_run)
    i.db_discovery_evt_handler               0x0001d620   Section        0  lls_client.o(i.db_discovery_evt_handler)
    db_discovery_evt_handler                 0x0001d621   Thumb Code   178  lls_client.o(i.db_discovery_evt_handler)
    i.descriptors_discover                   0x0001d780   Section        0  ble_db_discovery.o(i.descriptors_discover)
    descriptors_discover                     0x0001d781   Thumb Code   132  ble_db_discovery.o(i.descriptors_discover)
    i.device_context_store                   0x0001d804   Section        0  device_manager_central.o(i.device_context_store)
    device_context_store                     0x0001d805   Thumb Code   150  device_manager_central.o(i.device_context_store)
    i.device_instance_allocate               0x0001d8b8   Section        0  device_manager_central.o(i.device_instance_allocate)
    device_instance_allocate                 0x0001d8b9   Thumb Code    74  device_manager_central.o(i.device_instance_allocate)
    i.device_manager_event_handler           0x0001d90c   Section        0  main.o(i.device_manager_event_handler)
    device_manager_event_handler             0x0001d90d   Thumb Code   348  main.o(i.device_manager_event_handler)
    i.device_manager_init                    0x0001dd38   Section        0  main.o(i.device_manager_init)
    device_manager_init                      0x0001dd39   Thumb Code   142  main.o(i.device_manager_init)
    i.discovery_complete_evt_trigger         0x0001ddd4   Section        0  ble_db_discovery.o(i.discovery_complete_evt_trigger)
    discovery_complete_evt_trigger           0x0001ddd5   Thumb Code   100  ble_db_discovery.o(i.discovery_complete_evt_trigger)
    i.discovery_error_evt_trigger            0x0001de40   Section        0  ble_db_discovery.o(i.discovery_error_evt_trigger)
    discovery_error_evt_trigger              0x0001de41   Thumb Code    72  ble_db_discovery.o(i.discovery_error_evt_trigger)
    i.dm_ble_evt_handler                     0x0001de90   Section        0  device_manager_central.o(i.dm_ble_evt_handler)
    i.dm_handle_initialize                   0x0001e200   Section        0  device_manager_central.o(i.dm_handle_initialize)
    i.dm_init                                0x0001e21c   Section        0  device_manager_central.o(i.dm_init)
    i.dm_pstorage_cb_handler                 0x0001e2dc   Section        0  device_manager_central.o(i.dm_pstorage_cb_handler)
    dm_pstorage_cb_handler                   0x0001e2dd   Thumb Code   364  device_manager_central.o(i.dm_pstorage_cb_handler)
    i.dm_register                            0x0001e454   Section        0  device_manager_central.o(i.dm_register)
    i.dm_security_setup_req                  0x0001e4ac   Section        0  device_manager_central.o(i.dm_security_setup_req)
    i.elapsed_ticks_acquire                  0x0001e580   Section        0  app_timer.o(i.elapsed_ticks_acquire)
    elapsed_ticks_acquire                    0x0001e581   Thumb Code    58  app_timer.o(i.elapsed_ticks_acquire)
    i.expired_timers_handler                 0x0001e5c0   Section        0  app_timer.o(i.expired_timers_handler)
    expired_timers_handler                   0x0001e5c1   Thumb Code    82  app_timer.o(i.expired_timers_handler)
    i.flash_api_err_code_process             0x0001e618   Section        0  pstorage.o(i.flash_api_err_code_process)
    flash_api_err_code_process               0x0001e619   Thumb Code    28  pstorage.o(i.flash_api_err_code_process)
    i.flash_operation_success_run            0x0001e638   Section        0  pstorage.o(i.flash_operation_success_run)
    flash_operation_success_run              0x0001e639   Thumb Code   114  pstorage.o(i.flash_operation_success_run)
    i.flash_page_erase                       0x0001e6b8   Section        0  pstorage.o(i.flash_page_erase)
    flash_page_erase                         0x0001e6b9   Thumb Code    10  pstorage.o(i.flash_page_erase)
    i.flash_write                            0x0001e6c2   Section        0  pstorage.o(i.flash_write)
    flash_write                              0x0001e6c3   Thumb Code    10  pstorage.o(i.flash_write)
    i.fputc                                  0x0001e6cc   Section        0  retarget.o(i.fputc)
    i.gattc_context_apply                    0x0001e6da   Section        0  device_manager_central.o(i.gattc_context_apply)
    gattc_context_apply                      0x0001e6db   Thumb Code     4  device_manager_central.o(i.gattc_context_apply)
    i.gattc_context_load                     0x0001e6de   Section        0  device_manager_central.o(i.gattc_context_load)
    gattc_context_load                       0x0001e6df   Thumb Code     4  device_manager_central.o(i.gattc_context_load)
    i.gattc_context_store                    0x0001e6e2   Section        0  device_manager_central.o(i.gattc_context_store)
    gattc_context_store                      0x0001e6e3   Thumb Code     4  device_manager_central.o(i.gattc_context_store)
    i.gatts_context_apply                    0x0001e6e8   Section        0  device_manager_central.o(i.gatts_context_apply)
    gatts_context_apply                      0x0001e6e9   Thumb Code    56  device_manager_central.o(i.gatts_context_apply)
    i.gatts_context_load                     0x0001e728   Section        0  device_manager_central.o(i.gatts_context_load)
    gatts_context_load                       0x0001e729   Thumb Code    42  device_manager_central.o(i.gatts_context_load)
    i.gatts_context_store                    0x0001e758   Section        0  device_manager_central.o(i.gatts_context_store)
    gatts_context_store                      0x0001e759   Thumb Code   146  device_manager_central.o(i.gatts_context_store)
    i.gattsc_context_apply                   0x0001e7f8   Section        0  device_manager_central.o(i.gattsc_context_apply)
    gattsc_context_apply                     0x0001e7f9   Thumb Code     8  device_manager_central.o(i.gattsc_context_apply)
    i.gattsc_context_load                    0x0001e800   Section        0  device_manager_central.o(i.gattsc_context_load)
    gattsc_context_load                      0x0001e801   Thumb Code     8  device_manager_central.o(i.gattsc_context_load)
    i.gattsc_context_store                   0x0001e808   Section        0  device_manager_central.o(i.gattsc_context_store)
    gattsc_context_store                     0x0001e809   Thumb Code     8  device_manager_central.o(i.gattsc_context_store)
    i.gpiote_uart_event_handler              0x0001e810   Section        0  app_uart_fifo.o(i.gpiote_uart_event_handler)
    gpiote_uart_event_handler                0x0001e811   Thumb Code    22  app_uart_fifo.o(i.gpiote_uart_event_handler)
    i.head_restore_state_run                 0x0001e828   Section        0  pstorage.o(i.head_restore_state_run)
    head_restore_state_run                   0x0001e829   Thumb Code   110  pstorage.o(i.head_restore_state_run)
    i.initiate_security_request              0x0001e8a0   Section        0  device_manager_central.o(i.initiate_security_request)
    i.intern_softdevice_events_execute       0x0001e8fc   Section        0  softdevice_handler.o(i.intern_softdevice_events_execute)
    i.is_desc_discovery_reqd                 0x0001e97c   Section        0  ble_db_discovery.o(i.is_desc_discovery_reqd)
    is_desc_discovery_reqd                   0x0001e97d   Thumb Code    66  ble_db_discovery.o(i.is_desc_discovery_reqd)
    i.is_manual_peripheral_setup_needed      0x0001e9c0   Section        0  system_nrf51.o(i.is_manual_peripheral_setup_needed)
    is_manual_peripheral_setup_needed        0x0001e9c1   Thumb Code    66  system_nrf51.o(i.is_manual_peripheral_setup_needed)
    i.is_page_erase_required                 0x0001ea08   Section        0  pstorage.o(i.is_page_erase_required)
    is_page_erase_required                   0x0001ea09   Thumb Code    60  pstorage.o(i.is_page_erase_required)
    i.is_word_aligned                        0x0001ea4c   Section        0  pstorage.o(i.is_word_aligned)
    is_word_aligned                          0x0001ea4d   Thumb Code    12  pstorage.o(i.is_word_aligned)
    i.list_deletions_handler                 0x0001ea58   Section        0  app_timer.o(i.list_deletions_handler)
    list_deletions_handler                   0x0001ea59   Thumb Code   144  app_timer.o(i.list_deletions_handler)
    i.list_insertions_handler                0x0001eaec   Section        0  app_timer.o(i.list_insertions_handler)
    list_insertions_handler                  0x0001eaed   Thumb Code   230  app_timer.o(i.list_insertions_handler)
    i.lls_c_evt_handler                      0x0001ebdc   Section        0  main.o(i.lls_c_evt_handler)
    lls_c_evt_handler                        0x0001ebdd   Thumb Code    94  main.o(i.lls_c_evt_handler)
    i.lls_c_init                             0x0001ecbc   Section        0  main.o(i.lls_c_init)
    i.main                                   0x0001ed00   Section        0  main.o(i.main)
    i.main_state_err_busy_process            0x0001ed74   Section        0  pstorage.o(i.main_state_err_busy_process)
    main_state_err_busy_process              0x0001ed75   Thumb Code    20  pstorage.o(i.main_state_err_busy_process)
    i.no_service_context_apply               0x0001ed8c   Section        0  device_manager_central.o(i.no_service_context_apply)
    no_service_context_apply                 0x0001ed8d   Thumb Code     4  device_manager_central.o(i.no_service_context_apply)
    i.no_service_context_load                0x0001ed90   Section        0  device_manager_central.o(i.no_service_context_load)
    no_service_context_load                  0x0001ed91   Thumb Code     4  device_manager_central.o(i.no_service_context_load)
    i.no_service_context_store               0x0001ed94   Section        0  device_manager_central.o(i.no_service_context_store)
    no_service_context_store                 0x0001ed95   Thumb Code     4  device_manager_central.o(i.no_service_context_store)
    i.nrf_delay_ms                           0x0001ed98   Section        0  nrf_delay.o(i.nrf_delay_ms)
    i.nrf_drv_common_irq_enable              0x0001edb4   Section        0  nrf_drv_common.o(i.nrf_drv_common_irq_enable)
    i.nrf_drv_gpiote_in_event_enable         0x0001ee14   Section        0  nrf_drv_gpiote.o(i.nrf_drv_gpiote_in_event_enable)
    i.nrf_drv_gpiote_in_init                 0x0001eeb4   Section        0  nrf_drv_gpiote.o(i.nrf_drv_gpiote_in_init)
    i.nrf_drv_gpiote_in_is_set               0x0001ef48   Section        0  nrf_drv_gpiote.o(i.nrf_drv_gpiote_in_is_set)
    i.nrf_drv_gpiote_init                    0x0001ef5c   Section        0  nrf_drv_gpiote.o(i.nrf_drv_gpiote_init)
    i.nrf_drv_gpiote_is_init                 0x0001efb0   Section        0  nrf_drv_gpiote.o(i.nrf_drv_gpiote_is_init)
    i.nrf_drv_gpiote_out_init                0x0001efc0   Section        0  nrf_drv_gpiote.o(i.nrf_drv_gpiote_out_init)
    i.nrf_gpio_cfg_sense_set                 0x0001f054   Section        0  nrf_drv_gpiote.o(i.nrf_gpio_cfg_sense_set)
    nrf_gpio_cfg_sense_set                   0x0001f055   Thumb Code    26  nrf_drv_gpiote.o(i.nrf_gpio_cfg_sense_set)
    i.nrf_gpiote_event_is_set                0x0001f074   Section        0  nrf_drv_gpiote.o(i.nrf_gpiote_event_is_set)
    nrf_gpiote_event_is_set                  0x0001f075   Thumb Code    14  nrf_drv_gpiote.o(i.nrf_gpiote_event_is_set)
    i.on_ble_evt                             0x0001f088   Section        0  main.o(i.on_ble_evt)
    on_ble_evt                               0x0001f089   Thumb Code   110  main.o(i.on_ble_evt)
    i.on_characteristic_discovery_rsp        0x0001f198   Section        0  ble_db_discovery.o(i.on_characteristic_discovery_rsp)
    on_characteristic_discovery_rsp          0x0001f199   Thumb Code   214  ble_db_discovery.o(i.on_characteristic_discovery_rsp)
    i.on_descriptor_discovery_rsp            0x0001f274   Section        0  ble_db_discovery.o(i.on_descriptor_discovery_rsp)
    on_descriptor_discovery_rsp              0x0001f275   Thumb Code   166  ble_db_discovery.o(i.on_descriptor_discovery_rsp)
    i.on_srv_disc_completion                 0x0001f324   Section        0  ble_db_discovery.o(i.on_srv_disc_completion)
    on_srv_disc_completion                   0x0001f325   Thumb Code    98  ble_db_discovery.o(i.on_srv_disc_completion)
    i.on_uart_event                          0x0001f394   Section        0  app_uart_fifo.o(i.on_uart_event)
    on_uart_event                            0x0001f395   Thumb Code   118  app_uart_fifo.o(i.on_uart_event)
    i.peer_instance_init                     0x0001f41c   Section        0  device_manager_central.o(i.peer_instance_init)
    peer_instance_init                       0x0001f41d   Thumb Code    46  device_manager_central.o(i.peer_instance_init)
    i.pending_user_evts_send                 0x0001f450   Section        0  ble_db_discovery.o(i.pending_user_evts_send)
    pending_user_evts_send                   0x0001f451   Thumb Code    34  ble_db_discovery.o(i.pending_user_evts_send)
    i.pin_in_use_by_port                     0x0001f47c   Section        0  nrf_drv_gpiote.o(i.pin_in_use_by_port)
    pin_in_use_by_port                       0x0001f47d   Thumb Code    20  nrf_drv_gpiote.o(i.pin_in_use_by_port)
    i.pin_in_use_by_te                       0x0001f494   Section        0  nrf_drv_gpiote.o(i.pin_in_use_by_te)
    pin_in_use_by_te                         0x0001f495   Thumb Code    20  nrf_drv_gpiote.o(i.pin_in_use_by_te)
    i.pstorage_access_status_get             0x0001f4ac   Section        0  pstorage.o(i.pstorage_access_status_get)
    i.pstorage_block_identifier_get          0x0001f4d4   Section        0  pstorage.o(i.pstorage_block_identifier_get)
    i.pstorage_clear                         0x0001f528   Section        0  pstorage.o(i.pstorage_clear)
    i.pstorage_flash_page_end                0x0001f5cc   Section        0  pstorage.o(i.pstorage_flash_page_end)
    pstorage_flash_page_end                  0x0001f5cd   Thumb Code    32  pstorage.o(i.pstorage_flash_page_end)
    i.pstorage_flash_page_size               0x0001f5f0   Section        0  pstorage.o(i.pstorage_flash_page_size)
    pstorage_flash_page_size                 0x0001f5f1   Thumb Code    10  pstorage.o(i.pstorage_flash_page_size)
    i.pstorage_init                          0x0001f5fc   Section        0  pstorage.o(i.pstorage_init)
    i.pstorage_load                          0x0001f648   Section        0  pstorage.o(i.pstorage_load)
    i.pstorage_register                      0x0001f6f0   Section        0  pstorage.o(i.pstorage_register)
    i.pstorage_store                         0x0001f7a4   Section        0  pstorage.o(i.pstorage_store)
    i.pstorage_sys_event_handler             0x0001f834   Section        0  pstorage.o(i.pstorage_sys_event_handler)
    i.pstorage_update                        0x0001f880   Section        0  pstorage.o(i.pstorage_update)
    i.registered_handler_get                 0x0001f910   Section        0  ble_db_discovery.o(i.registered_handler_get)
    registered_handler_get                   0x0001f911   Thumb Code    50  ble_db_discovery.o(i.registered_handler_get)
    i.rtc1_stop                              0x0001f94c   Section        0  app_timer.o(i.rtc1_stop)
    rtc1_stop                                0x0001f94d   Thumb Code    50  app_timer.o(i.rtc1_stop)
    i.scan_start                             0x0001f990   Section        0  main.o(i.scan_start)
    scan_start                               0x0001f991   Thumb Code    52  main.o(i.scan_start)
    i.sm_state_change                        0x0001f9cc   Section        0  pstorage.o(i.sm_state_change)
    sm_state_change                          0x0001f9cd   Thumb Code    62  pstorage.o(i.sm_state_change)
    i.softdevice_assertion_handler           0x0001fa14   Section        0  softdevice_handler.o(i.softdevice_assertion_handler)
    i.softdevice_ble_evt_handler_set         0x0001fa20   Section        0  softdevice_handler.o(i.softdevice_ble_evt_handler_set)
    i.softdevice_handler_init                0x0001fa34   Section        0  softdevice_handler.o(i.softdevice_handler_init)
    i.softdevice_sys_evt_handler_set         0x0001fa64   Section        0  softdevice_handler.o(i.softdevice_sys_evt_handler_set)
    i.state_data_erase_swap_entry_run        0x0001fa78   Section        0  pstorage.o(i.state_data_erase_swap_entry_run)
    state_data_erase_swap_entry_run          0x0001fa79   Thumb Code    92  pstorage.o(i.state_data_erase_swap_entry_run)
    i.state_erase_data_page_entry_run        0x0001fadc   Section        0  pstorage.o(i.state_erase_data_page_entry_run)
    state_erase_data_page_entry_run          0x0001fadd   Thumb Code    12  pstorage.o(i.state_erase_data_page_entry_run)
    i.state_restore_head_entry_run           0x0001faec   Section        0  pstorage.o(i.state_restore_head_entry_run)
    state_restore_head_entry_run             0x0001faed   Thumb Code    36  pstorage.o(i.state_restore_head_entry_run)
    i.state_restore_tail_entry_run           0x0001fb14   Section        0  pstorage.o(i.state_restore_tail_entry_run)
    state_restore_tail_entry_run             0x0001fb15   Thumb Code    66  pstorage.o(i.state_restore_tail_entry_run)
    i.state_swap_erase_entry_run             0x0001fb60   Section        0  pstorage.o(i.state_swap_erase_entry_run)
    state_swap_erase_entry_run               0x0001fb61   Thumb Code    32  pstorage.o(i.state_swap_erase_entry_run)
    i.state_write_data_swap_entry_run        0x0001fb80   Section        0  pstorage.o(i.state_write_data_swap_entry_run)
    state_write_data_swap_entry_run          0x0001fb81   Thumb Code    42  pstorage.o(i.state_write_data_swap_entry_run)
    i.storage_operation_dummy_handler        0x0001fbb0   Section        0  device_manager_central.o(i.storage_operation_dummy_handler)
    storage_operation_dummy_handler          0x0001fbb1   Thumb Code     4  device_manager_central.o(i.storage_operation_dummy_handler)
    i.store_cmd_flash_write_execute          0x0001fbb4   Section        0  pstorage.o(i.store_cmd_flash_write_execute)
    store_cmd_flash_write_execute            0x0001fbb5   Thumb Code    82  pstorage.o(i.store_cmd_flash_write_execute)
    i.swap_erase_state_run                   0x0001fc10   Section        0  pstorage.o(i.swap_erase_state_run)
    swap_erase_state_run                     0x0001fc11   Thumb Code    24  pstorage.o(i.swap_erase_state_run)
    i.swap_sub_state_err_busy_process        0x0001fc2c   Section        0  pstorage.o(i.swap_sub_state_err_busy_process)
    swap_sub_state_err_busy_process          0x0001fc2d   Thumb Code    20  pstorage.o(i.swap_sub_state_err_busy_process)
    i.swap_sub_state_state_change            0x0001fc44   Section        0  pstorage.o(i.swap_sub_state_state_change)
    swap_sub_state_state_change              0x0001fc45   Thumb Code    12  pstorage.o(i.swap_sub_state_state_change)
    i.sys_evt_dispatch                       0x0001fc58   Section        0  main.o(i.sys_evt_dispatch)
    sys_evt_dispatch                         0x0001fc59   Thumb Code    34  main.o(i.sys_evt_dispatch)
    i.tail_restore_state_run                 0x0001fc80   Section        0  pstorage.o(i.tail_restore_state_run)
    tail_restore_state_run                   0x0001fc81   Thumb Code    22  pstorage.o(i.tail_restore_state_run)
    i.timer_list_handler_sched               0x0001fc9c   Section        0  app_timer.o(i.timer_list_handler_sched)
    timer_list_handler_sched                 0x0001fc9d   Thumb Code    10  app_timer.o(i.timer_list_handler_sched)
    i.timer_list_insert                      0x0001fcac   Section        0  app_timer.o(i.timer_list_insert)
    timer_list_insert                        0x0001fcad   Thumb Code    94  app_timer.o(i.timer_list_insert)
    i.timer_list_remove                      0x0001fd10   Section        0  app_timer.o(i.timer_list_remove)
    timer_list_remove                        0x0001fd11   Thumb Code   104  app_timer.o(i.timer_list_remove)
    i.timer_timeouts_check                   0x0001fd80   Section        0  app_timer.o(i.timer_timeouts_check)
    timer_timeouts_check                     0x0001fd81   Thumb Code   120  app_timer.o(i.timer_timeouts_check)
    i.uart_error_handle                      0x0001fe00   Section        0  app_trace.o(i.uart_error_handle)
    i.update_status_bit_reset                0x0001fe18   Section        0  device_manager_central.o(i.update_status_bit_reset)
    update_status_bit_reset                  0x0001fe19   Thumb Code    14  device_manager_central.o(i.update_status_bit_reset)
    i.write_characteristic_value             0x0001fe2c   Section        0  lls_client.o(i.write_characteristic_value)
    .constdata                               0x0001fe48   Section       16  client_handling.o(.constdata)
    .constdata                               0x0001fe58   Section       24  main.o(.constdata)
    m_connection_param                       0x0001fe58   Data           8  main.o(.constdata)
    m_scan_param                             0x0001fe60   Data          16  main.o(.constdata)
    .constdata                               0x0001fe70   Section       48  device_manager_central.o(.constdata)
    .constdata                               0x0001fea0   Section        8  app_uart_fifo.o(.constdata)
    .constdata                               0x0001fea8   Section       40  pstorage.o(.constdata)
    swap_sub_state_sm_lut                    0x0001fea8   Data          20  pstorage.o(.constdata)
    swap_sub_state_sm_lut                    0x0001febc   Data          20  pstorage.o(.constdata)
    .constdata                               0x0001fed0   Section       12  app_trace.o(.constdata)
    .conststring                             0x0001fedc   Section      133  main.o(.conststring)
    .conststring                             0x0001ff64   Section      146  lls_client.o(.conststring)
    .conststring                             0x0001fff8   Section      263  ble_db_discovery.o(.conststring)
    .data                                    0x20002800   Section        1  client_handling.o(.data)
    m_client_count                           0x20002800   Data           1  client_handling.o(.data)
    .data                                    0x20002802   Section       10  main.o(.data)
    m_peer_count                             0x20002802   Data           1  main.o(.data)
    m_memory_access_in_progress              0x20002803   Data           1  main.o(.data)
    m_dm_app_id                              0x20002805   Data           1  main.o(.data)
    m_conn_handle                            0x20002806   Data           2  main.o(.data)
    m_dm_device_handle                       0x20002808   Data           4  main.o(.data)
    .data                                    0x2000280c   Section       16  lls_client.o(.data)
    alert_value                              0x2000280c   Data           1  lls_client.o(.data)
    max_clients                              0x2000280d   Data           1  lls_client.o(.data)
    m_tx_insert_index                        0x20002810   Data           4  lls_client.o(.data)
    m_tx_index                               0x20002814   Data           4  lls_client.o(.data)
    mp_ble_lls_c                             0x20002818   Data           4  lls_client.o(.data)
    .data                                    0x2000281c   Section       16  ble_db_discovery.o(.data)
    m_initialized                            0x2000281c   Data           1  ble_db_discovery.o(.data)
    m_pending_usr_evt_index                  0x20002820   Data           4  ble_db_discovery.o(.data)
    m_num_of_handlers_reg                    0x20002824   Data           4  ble_db_discovery.o(.data)
    m_num_of_discoveries_made                0x20002828   Data           4  ble_db_discovery.o(.data)
    .data                                    0x2000282c   Section       16  device_manager_central.o(.data)
    m_module_initialized                     0x2000282c   Data           1  device_manager_central.o(.data)
    m_peer_addr_update                       0x20002830   Data           4  device_manager_central.o(.data)
    m_storage_handle                         0x20002834   Data           8  device_manager_central.o(.data)
    .data                                    0x2000283c   Section        8  app_uart_fifo.o(.data)
    m_instance_counter                       0x2000283c   Data           1  app_uart_fifo.o(.data)
    m_current_state                          0x2000283d   Data           1  app_uart_fifo.o(.data)
    m_event_handler                          0x20002840   Data           4  app_uart_fifo.o(.data)
    .data                                    0x20002844   Section       36  pstorage.o(.data)
    m_state                                  0x20002844   Data           1  pstorage.o(.data)
    m_swap_sub_state                         0x20002845   Data           1  pstorage.o(.data)
    m_next_app_instance                      0x20002846   Data           2  pstorage.o(.data)
    m_flags                                  0x20002848   Data           4  pstorage.o(.data)
    m_next_page_addr                         0x2000284c   Data           4  pstorage.o(.data)
    m_head_word_size                         0x20002850   Data           4  pstorage.o(.data)
    m_tail_word_size                         0x20002854   Data           4  pstorage.o(.data)
    m_current_page_id                        0x20002858   Data           4  pstorage.o(.data)
    m_num_of_command_retries                 0x2000285c   Data           4  pstorage.o(.data)
    m_num_of_bytes_written                   0x20002860   Data           4  pstorage.o(.data)
    m_app_data_size                          0x20002864   Data           4  pstorage.o(.data)
    .data                                    0x20002868   Section       36  app_timer.o(.data)
    m_node_array_size                        0x20002868   Data           1  app_timer.o(.data)
    m_user_array_size                        0x20002869   Data           1  app_timer.o(.data)
    m_ticks_elapsed_q_read_ind               0x2000286a   Data           1  app_timer.o(.data)
    m_ticks_elapsed_q_write_ind              0x2000286b   Data           1  app_timer.o(.data)
    m_rtc1_running                           0x2000286c   Data           1  app_timer.o(.data)
    m_rtc1_reset                             0x2000286d   Data           1  app_timer.o(.data)
    mp_nodes                                 0x20002870   Data           4  app_timer.o(.data)
    mp_users                                 0x20002874   Data           4  app_timer.o(.data)
    m_timer_id_head                          0x20002878   Data           4  app_timer.o(.data)
    m_ticks_latest                           0x2000287c   Data           4  app_timer.o(.data)
    m_evt_schedule_func                      0x20002880   Data           4  app_timer.o(.data)
    m_ticks_elapsed                          0x20002884   Data           8  app_timer.o(.data)
    .data                                    0x2000288c   Section        1  app_trace.o(.data)
    rx_buf                                   0x2000288c   Data           1  app_trace.o(.data)
    .data                                    0x20002890   Section        4  retarget.o(.data)
    .data                                    0x20002894   Section       20  softdevice_handler.o(.data)
    m_softdevice_enabled                     0x20002894   Data           1  softdevice_handler.o(.data)
    m_ble_evt_buffer_size                    0x20002896   Data           2  softdevice_handler.o(.data)
    m_evt_schedule_func                      0x20002898   Data           4  softdevice_handler.o(.data)
    mp_ble_evt_buffer                        0x2000289c   Data           4  softdevice_handler.o(.data)
    m_ble_evt_handler                        0x200028a0   Data           4  softdevice_handler.o(.data)
    m_sys_evt_handler                        0x200028a4   Data           4  softdevice_handler.o(.data)
    .data                                    0x200028a8   Section        4  system_nrf51.o(.data)
    __tagsym$$used                           0x200028a8   Number         0  system_nrf51.o(.data)
    .bss                                     0x200028ac   Section      832  client_handling.o(.bss)
    m_client                                 0x200028ac   Data         832  client_handling.o(.bss)
    .bss                                     0x20002bec   Section      300  main.o(.bss)
    BLE_EVT_BUFFER                           0x20002bec   Data          72  main.o(.bss)
    m_ble_db_discovery                       0x20002c34   Data          98  main.o(.bss)
    m_lls_client                             0x20002c98   Data          96  main.o(.bss)
    p_lls_clients                            0x20002cf8   Data          32  main.o(.bss)
    .bss                                     0x20002d18   Section      128  ble_db_discovery.o(.bss)
    m_registered_handlers                    0x20002d18   Data          16  ble_db_discovery.o(.bss)
    m_pending_user_evts                      0x20002d28   Data         112  ble_db_discovery.o(.bss)
    .bss                                     0x20002d98   Section      643  device_manager_central.o(.bss)
    m_peer_table                             0x20002d98   Data         192  device_manager_central.o(.bss)
    m_bond_table                             0x20002e58   Data         224  device_manager_central.o(.bss)
    m_gatts_table                            0x20002f38   Data          96  device_manager_central.o(.bss)
    m_connection_table                       0x20002f98   Data          96  device_manager_central.o(.bss)
    m_application_table                      0x20002ff8   Data          12  device_manager_central.o(.bss)
    m_local_id_info                          0x20003004   Data          23  device_manager_central.o(.bss)
    .bss                                     0x2000301c   Section       32  app_uart_fifo.o(.bss)
    m_rx_fifo                                0x2000301c   Data          16  app_uart_fifo.o(.bss)
    m_tx_fifo                                0x2000302c   Data          16  app_uart_fifo.o(.bss)
    .bss                                     0x2000303c   Section       56  nrf_drv_gpiote.o(.bss)
    m_cb                                     0x2000303c   Data          56  nrf_drv_gpiote.o(.bss)
    .bss                                     0x20003074   Section       96  pstorage.o(.bss)
    m_cmd_queue                              0x20003074   Data          84  pstorage.o(.bss)
    m_app_table                              0x200030c8   Data          12  pstorage.o(.bss)
    .bss                                     0x200030d4   Section     1024  app_trace.o(.bss)
    tx_buf                                   0x200030d4   Data        1024  app_trace.o(.bss)
    STACK                                    0x200034d8   Section     2048  arm_startup_nrf51.o(STACK)

    Global Symbols

    Symbol Name                              Value     Ov Type        Size  Object(Section)

    BuildAttributes$$THM_ISAv3M$S$PE$A:L22$X:L11$S22$IEEE1$IW$USESV6$~STKCKD$USESV7$~SHL$OSPACE$ROPI$EBA8$MICROLIB$REQ8$PRES8$EABIv2 0x00000000   Number         0  anon$$obj.o ABSOLUTE
    __ARM_use_no_argv                        0x00000000   Number         0  main.o ABSOLUTE
    _printf_a                                0x00000000   Number         0  stubs.o ABSOLUTE
    _printf_c                                0x00000000   Number         0  stubs.o ABSOLUTE
    _printf_charcount                        0x00000000   Number         0  stubs.o ABSOLUTE
    _printf_d                                0x00000000   Number         0  stubs.o ABSOLUTE
    _printf_e                                0x00000000   Number         0  stubs.o ABSOLUTE
    _printf_f                                0x00000000   Number         0  stubs.o ABSOLUTE
    _printf_flags                            0x00000000   Number         0  stubs.o ABSOLUTE
    _printf_fp_dec                           0x00000000   Number         0  stubs.o ABSOLUTE
    _printf_fp_hex                           0x00000000   Number         0  stubs.o ABSOLUTE
    _printf_g                                0x00000000   Number         0  stubs.o ABSOLUTE
    _printf_i                                0x00000000   Number         0  stubs.o ABSOLUTE
    _printf_int_dec                          0x00000000   Number         0  stubs.o ABSOLUTE
    _printf_l                                0x00000000   Number         0  stubs.o ABSOLUTE
    _printf_lc                               0x00000000   Number         0  stubs.o ABSOLUTE
    _printf_ll                               0x00000000   Number         0  stubs.o ABSOLUTE
    _printf_lld                              0x00000000   Number         0  stubs.o ABSOLUTE
    _printf_lli                              0x00000000   Number         0  stubs.o ABSOLUTE
    _printf_llo                              0x00000000   Number         0  stubs.o ABSOLUTE
    _printf_llu                              0x00000000   Number         0  stubs.o ABSOLUTE
    _printf_llx                              0x00000000   Number         0  stubs.o ABSOLUTE
    _printf_longlong_dec                     0x00000000   Number         0  stubs.o ABSOLUTE
    _printf_longlong_hex                     0x00000000   Number         0  stubs.o ABSOLUTE
    _printf_longlong_oct                     0x00000000   Number         0  stubs.o ABSOLUTE
    _printf_ls                               0x00000000   Number         0  stubs.o ABSOLUTE
    _printf_mbtowc                           0x00000000   Number         0  stubs.o ABSOLUTE
    _printf_n                                0x00000000   Number         0  stubs.o ABSOLUTE
    _printf_o                                0x00000000   Number         0  stubs.o ABSOLUTE
    _printf_p                                0x00000000   Number         0  stubs.o ABSOLUTE
    _printf_percent                          0x00000000   Number         0  stubs.o ABSOLUTE
    _printf_pre_padding                      0x00000000   Number         0  stubs.o ABSOLUTE
    _printf_return_value                     0x00000000   Number         0  stubs.o ABSOLUTE
    _printf_s                                0x00000000   Number         0  stubs.o ABSOLUTE
    _printf_sizespec                         0x00000000   Number         0  stubs.o ABSOLUTE
    _printf_str                              0x00000000   Number         0  stubs.o ABSOLUTE
    _printf_truncate_signed                  0x00000000   Number         0  stubs.o ABSOLUTE
    _printf_truncate_unsigned                0x00000000   Number         0  stubs.o ABSOLUTE
    _printf_u                                0x00000000   Number         0  stubs.o ABSOLUTE
    _printf_wc                               0x00000000   Number         0  stubs.o ABSOLUTE
    _printf_wctomb                           0x00000000   Number         0  stubs.o ABSOLUTE
    _printf_widthprec                        0x00000000   Number         0  stubs.o ABSOLUTE
    _printf_x                                0x00000000   Number         0  stubs.o ABSOLUTE
    __cpp_initialize__aeabi_                  - Undefined Weak Reference
    __cxa_finalize                            - Undefined Weak Reference
    __decompress                              - Undefined Weak Reference
    _clock_init                               - Undefined Weak Reference
    _microlib_exit                            - Undefined Weak Reference
    __Vectors_Size                           0x000000c0   Number         0  arm_startup_nrf51.o ABSOLUTE
    __Vectors                                0x0001c000   Data           4  arm_startup_nrf51.o(RESET)
    __Vectors_End                            0x0001c0c0   Data           0  arm_startup_nrf51.o(RESET)
    __main                                   0x0001c0c1   Thumb Code     0  entry.o(.ARM.Collect$$$$00000000)
    _main_stk                                0x0001c0c1   Thumb Code     0  entry2.o(.ARM.Collect$$$$00000001)
    _main_scatterload                        0x0001c0c5   Thumb Code     0  entry5.o(.ARM.Collect$$$$00000004)
    __main_after_scatterload                 0x0001c0c9   Thumb Code     0  entry5.o(.ARM.Collect$$$$00000004)
    _main_clock                              0x0001c0c9   Thumb Code     0  entry7b.o(.ARM.Collect$$$$00000008)
    _main_cpp_init                           0x0001c0c9   Thumb Code     0  entry8b.o(.ARM.Collect$$$$0000000A)
    _main_init                               0x0001c0c9   Thumb Code     0  entry9a.o(.ARM.Collect$$$$0000000B)
    __rt_final_cpp                           0x0001c0d1   Thumb Code     0  entry10a.o(.ARM.Collect$$$$0000000D)
    __rt_final_exit                          0x0001c0d1   Thumb Code     0  entry11a.o(.ARM.Collect$$$$0000000F)
    __asm___11_nrf_delay_c_532987f3__nrf_delay_us 0x0001c0d5   Thumb Code    30  nrf_delay.o(.emb_text)
    __asm___11_app_timer_c_cd27f9c3__nrf_delay_us 0x0001c0f5   Thumb Code    30  app_timer.o(.emb_text)
    Reset_Handler                            0x0001c115   Thumb Code    26  arm_startup_nrf51.o(.text)
    NMI_Handler                              0x0001c12f   Thumb Code     2  arm_startup_nrf51.o(.text)
    HardFault_Handler                        0x0001c131   Thumb Code     2  arm_startup_nrf51.o(.text)
    SVC_Handler                              0x0001c133   Thumb Code     2  arm_startup_nrf51.o(.text)
    PendSV_Handler                           0x0001c135   Thumb Code     2  arm_startup_nrf51.o(.text)
    SysTick_Handler                          0x0001c137   Thumb Code     2  arm_startup_nrf51.o(.text)
    ADC_IRQHandler                           0x0001c139   Thumb Code     0  arm_startup_nrf51.o(.text)
    CCM_AAR_IRQHandler                       0x0001c139   Thumb Code     0  arm_startup_nrf51.o(.text)
    ECB_IRQHandler                           0x0001c139   Thumb Code     0  arm_startup_nrf51.o(.text)
    LPCOMP_IRQHandler                        0x0001c139   Thumb Code     0  arm_startup_nrf51.o(.text)
    POWER_CLOCK_IRQHandler                   0x0001c139   Thumb Code     0  arm_startup_nrf51.o(.text)
    QDEC_IRQHandler                          0x0001c139   Thumb Code     0  arm_startup_nrf51.o(.text)
    RADIO_IRQHandler                         0x0001c139   Thumb Code     0  arm_startup_nrf51.o(.text)
    RNG_IRQHandler                           0x0001c139   Thumb Code     0  arm_startup_nrf51.o(.text)
    RTC0_IRQHandler                          0x0001c139   Thumb Code     0  arm_startup_nrf51.o(.text)
    SPI0_TWI0_IRQHandler                     0x0001c139   Thumb Code     0  arm_startup_nrf51.o(.text)
    SPI1_TWI1_IRQHandler                     0x0001c139   Thumb Code     0  arm_startup_nrf51.o(.text)
    SWI1_IRQHandler                          0x0001c139   Thumb Code     0  arm_startup_nrf51.o(.text)
    SWI3_IRQHandler                          0x0001c139   Thumb Code     0  arm_startup_nrf51.o(.text)
    SWI4_IRQHandler                          0x0001c139   Thumb Code     0  arm_startup_nrf51.o(.text)
    SWI5_IRQHandler                          0x0001c139   Thumb Code     0  arm_startup_nrf51.o(.text)
    TEMP_IRQHandler                          0x0001c139   Thumb Code     0  arm_startup_nrf51.o(.text)
    TIMER0_IRQHandler                        0x0001c139   Thumb Code     0  arm_startup_nrf51.o(.text)
    TIMER1_IRQHandler                        0x0001c139   Thumb Code     0  arm_startup_nrf51.o(.text)
    TIMER2_IRQHandler                        0x0001c139   Thumb Code     0  arm_startup_nrf51.o(.text)
    WDT_IRQHandler                           0x0001c139   Thumb Code     0  arm_startup_nrf51.o(.text)
    __aeabi_uidiv                            0x0001c14d   Thumb Code     0  uidiv.o(.text)
    __aeabi_uidivmod                         0x0001c14d   Thumb Code    44  uidiv.o(.text)
    __aeabi_idiv                             0x0001c179   Thumb Code     0  idiv.o(.text)
    __aeabi_idivmod                          0x0001c179   Thumb Code    40  idiv.o(.text)
    __aeabi_memcpy                           0x0001c1a1   Thumb Code    36  memcpya.o(.text)
    __aeabi_memcpy4                          0x0001c1a1   Thumb Code     0  memcpya.o(.text)
    __aeabi_memcpy8                          0x0001c1a1   Thumb Code     0  memcpya.o(.text)
    __aeabi_memset                           0x0001c1c5   Thumb Code    14  memseta.o(.text)
    __aeabi_memset4                          0x0001c1c5   Thumb Code     0  memseta.o(.text)
    __aeabi_memset8                          0x0001c1c5   Thumb Code     0  memseta.o(.text)
    __aeabi_memclr                           0x0001c1d3   Thumb Code     4  memseta.o(.text)
    __aeabi_memclr4                          0x0001c1d3   Thumb Code     0  memseta.o(.text)
    __aeabi_memclr8                          0x0001c1d3   Thumb Code     0  memseta.o(.text)
    _memset$wrapper                          0x0001c1d7   Thumb Code    18  memseta.o(.text)
    memcmp                                   0x0001c1e9   Thumb Code    26  memcmp.o(.text)
    __aeabi_uldivmod                         0x0001c203   Thumb Code    96  uldiv.o(.text)
    __scatterload                            0x0001c265   Thumb Code    28  init.o(.text)
    __scatterload_rt2                        0x0001c265   Thumb Code     0  init.o(.text)
    __aeabi_llsl                             0x0001c289   Thumb Code    32  llshl.o(.text)
    _ll_shift_l                              0x0001c289   Thumb Code     0  llshl.o(.text)
    __aeabi_llsr                             0x0001c2a9   Thumb Code    34  llushr.o(.text)
    _ll_ushift_r                             0x0001c2a9   Thumb Code     0  llushr.o(.text)
    GPIOTE_IRQHandler                        0x0001c2cd   Thumb Code   224  nrf_drv_gpiote.o(i.GPIOTE_IRQHandler)
    RTC1_IRQHandler                          0x0001c3c9   Thumb Code    28  app_timer.o(i.RTC1_IRQHandler)
    SWI0_IRQHandler                          0x0001c3e9   Thumb Code    78  app_timer.o(i.SWI0_IRQHandler)
    SWI2_IRQHandler                          0x0001c43d   Thumb Code    32  softdevice_handler.o(i.SWI2_IRQHandler)
    SystemInit                               0x0001c461   Thumb Code    64  system_nrf51.o(i.SystemInit)
    UART0_IRQHandler                         0x0001c4b5   Thumb Code   110  app_uart_fifo.o(i.UART0_IRQHandler)
    __0printf$8                              0x0001c535   Thumb Code    24  printf8.o(i.__0printf$8)
    __1printf$8                              0x0001c535   Thumb Code     0  printf8.o(i.__0printf$8)
    __2printf                                0x0001c535   Thumb Code     0  printf8.o(i.__0printf$8)
    __ARM_common_switch8                     0x0001c555   Thumb Code    26  bsp.o(i.__ARM_common_switch8)
    __scatterload_copy                       0x0001c56f   Thumb Code    14  handlers.o(i.__scatterload_copy)
    __scatterload_null                       0x0001c57d   Thumb Code     2  handlers.o(i.__scatterload_null)
    __scatterload_zeroinit                   0x0001c57f   Thumb Code    14  handlers.o(i.__scatterload_zeroinit)
    action_tx_stop                           0x0001ca4d   Thumb Code    26  app_uart_fifo.o(i.action_tx_stop)
    app_error_handler                        0x0001cac1   Thumb Code    18  app_error.o(i.app_error_handler)
    app_fifo_get                             0x0001cae9   Thumb Code    34  app_fifo.o(i.app_fifo_get)
    app_fifo_init                            0x0001cb0b   Thumb Code    36  app_fifo.o(i.app_fifo_init)
    app_fifo_put                             0x0001cb2f   Thumb Code    34  app_fifo.o(i.app_fifo_put)
    app_trace_init                           0x0001cb9d   Thumb Code    56  app_trace.o(i.app_trace_init)
    app_uart_init                            0x0001cbe5   Thumb Code   354  app_uart_fifo.o(i.app_uart_init)
    app_uart_put                             0x0001cd79   Thumb Code    22  app_uart_fifo.o(i.app_uart_put)
    ble_db_discovery_evt_register            0x0001cd95   Thumb Code    66  ble_db_discovery.o(i.ble_db_discovery_evt_register)
    ble_db_discovery_init                    0x0001cde1   Thumb Code    18  ble_db_discovery.o(i.ble_db_discovery_init)
    ble_db_discovery_on_ble_evt              0x0001cdf9   Thumb Code   156  ble_db_discovery.o(i.ble_db_discovery_on_ble_evt)
    ble_db_discovery_start                   0x0001ce99   Thumb Code   100  ble_db_discovery.o(i.ble_db_discovery_start)
    ble_lls_alert_get                        0x0001cf31   Thumb Code    10  lls_client.o(i.ble_lls_alert_get)
    ble_lls_c_alert_remove                   0x0001cf3d   Thumb Code    26  lls_client.o(i.ble_lls_c_alert_remove)
    ble_lls_c_init                           0x0001cf61   Thumb Code    70  lls_client.o(i.ble_lls_c_init)
    ble_lls_c_on_ble_evt                     0x0001cfb9   Thumb Code   154  lls_client.o(i.ble_lls_c_on_ble_evt)
    client_handling_destroy                  0x0001d359   Thumb Code    82  client_handling.o(i.client_handling_destroy)
    dm_ble_evt_handler                       0x0001de91   Thumb Code   858  device_manager_central.o(i.dm_ble_evt_handler)
    dm_handle_initialize                     0x0001e201   Thumb Code    22  device_manager_central.o(i.dm_handle_initialize)
    dm_init                                  0x0001e21d   Thumb Code   170  device_manager_central.o(i.dm_init)
    dm_register                              0x0001e455   Thumb Code    76  device_manager_central.o(i.dm_register)
    dm_security_setup_req                    0x0001e4ad   Thumb Code   194  device_manager_central.o(i.dm_security_setup_req)
    fputc                                    0x0001e6cd   Thumb Code    14  retarget.o(i.fputc)
    initiate_security_request                0x0001e8a1   Thumb Code    86  device_manager_central.o(i.initiate_security_request)
    intern_softdevice_events_execute         0x0001e8fd   Thumb Code   124  softdevice_handler.o(i.intern_softdevice_events_execute)
    lls_c_init                               0x0001ecbd   Thumb Code    58  main.o(i.lls_c_init)
    main                                     0x0001ed01   Thumb Code   102  main.o(i.main)
    nrf_delay_ms                             0x0001ed99   Thumb Code    24  nrf_delay.o(i.nrf_delay_ms)
    nrf_drv_common_irq_enable                0x0001edb5   Thumb Code    78  nrf_drv_common.o(i.nrf_drv_common_irq_enable)
    nrf_drv_gpiote_in_event_enable           0x0001ee15   Thumb Code   138  nrf_drv_gpiote.o(i.nrf_drv_gpiote_in_event_enable)
    nrf_drv_gpiote_in_init                   0x0001eeb5   Thumb Code   130  nrf_drv_gpiote.o(i.nrf_drv_gpiote_in_init)
    nrf_drv_gpiote_in_is_set                 0x0001ef49   Thumb Code    16  nrf_drv_gpiote.o(i.nrf_drv_gpiote_in_is_set)
    nrf_drv_gpiote_init                      0x0001ef5d   Thumb Code    74  nrf_drv_gpiote.o(i.nrf_drv_gpiote_init)
    nrf_drv_gpiote_is_init                   0x0001efb1   Thumb Code    12  nrf_drv_gpiote.o(i.nrf_drv_gpiote_is_init)
    nrf_drv_gpiote_out_init                  0x0001efc1   Thumb Code   128  nrf_drv_gpiote.o(i.nrf_drv_gpiote_out_init)
    pstorage_access_status_get               0x0001f4ad   Thumb Code    30  pstorage.o(i.pstorage_access_status_get)
    pstorage_block_identifier_get            0x0001f4d5   Thumb Code    74  pstorage.o(i.pstorage_block_identifier_get)
    pstorage_clear                           0x0001f529   Thumb Code   156  pstorage.o(i.pstorage_clear)
    pstorage_init                            0x0001f5fd   Thumb Code    68  pstorage.o(i.pstorage_init)
    pstorage_load                            0x0001f649   Thumb Code   158  pstorage.o(i.pstorage_load)
    pstorage_register                        0x0001f6f1   Thumb Code   170  pstorage.o(i.pstorage_register)
    pstorage_store                           0x0001f7a5   Thumb Code   134  pstorage.o(i.pstorage_store)
    pstorage_sys_event_handler               0x0001f835   Thumb Code    72  pstorage.o(i.pstorage_sys_event_handler)
    pstorage_update                          0x0001f881   Thumb Code   134  pstorage.o(i.pstorage_update)
    softdevice_assertion_handler             0x0001fa15   Thumb Code    12  softdevice_handler.o(i.softdevice_assertion_handler)
    softdevice_ble_evt_handler_set           0x0001fa21   Thumb Code    16  softdevice_handler.o(i.softdevice_ble_evt_handler_set)
    softdevice_handler_init                  0x0001fa35   Thumb Code    40  softdevice_handler.o(i.softdevice_handler_init)
    softdevice_sys_evt_handler_set           0x0001fa65   Thumb Code    16  softdevice_handler.o(i.softdevice_sys_evt_handler_set)
    uart_error_handle                        0x0001fe01   Thumb Code    24  app_trace.o(i.uart_error_handle)
    write_characteristic_value               0x0001fe2d   Thumb Code    28  lls_client.o(i.write_characteristic_value)
    m_service_context_store                  0x0001fe70   Data          16  device_manager_central.o(.constdata)
    m_service_context_load                   0x0001fe80   Data          16  device_manager_central.o(.constdata)
    m_service_context_apply                  0x0001fe90   Data          16  device_manager_central.o(.constdata)
    Region$$Table$$Base                      0x00020100   Number         0  anon$$obj.o(Region$$Table)
    Region$$Table$$Limit                     0x00020120   Number         0  anon$$obj.o(Region$$Table)
    alert_value                              0x20002804   Data           1  main.o(.data)
    __stdout                                 0x20002890   Data           4  retarget.o(.data)
    SystemCoreClock                          0x200028a8   Data           4  system_nrf51.o(.data)
    __initial_sp                             0x20003cd8   Data           0  arm_startup_nrf51.o(STACK)



==============================================================================

Memory Map of the image

  Image Entry point : 0x0001c0c1

  Load Region LR_IROM1 (Base: 0x0001c000, Size: 0x000041cc, Max: 0x00024000, ABSOLUTE)

    Execution Region ER_IROM1 (Base: 0x0001c000, Size: 0x00004120, Max: 0x00024000, ABSOLUTE)

    Base Addr    Size         Type   Attr      Idx    E Section Name        Object

    0x0001c000   0x000000c0   Data   RO         2094    RESET               arm_startup_nrf51.o
    0x0001c0c0   0x00000000   Code   RO         2136  * .ARM.Collect$$$$00000000  mc_p.l(entry.o)
    0x0001c0c0   0x00000004   Code   RO         2414    .ARM.Collect$$$$00000001  mc_p.l(entry2.o)
    0x0001c0c4   0x00000004   Code   RO         2417    .ARM.Collect$$$$00000004  mc_p.l(entry5.o)
    0x0001c0c8   0x00000000   Code   RO         2419    .ARM.Collect$$$$00000008  mc_p.l(entry7b.o)
    0x0001c0c8   0x00000000   Code   RO         2421    .ARM.Collect$$$$0000000A  mc_p.l(entry8b.o)
    0x0001c0c8   0x00000008   Code   RO         2422    .ARM.Collect$$$$0000000B  mc_p.l(entry9a.o)
    0x0001c0d0   0x00000000   Code   RO         2424    .ARM.Collect$$$$0000000D  mc_p.l(entry10a.o)
    0x0001c0d0   0x00000000   Code   RO         2426    .ARM.Collect$$$$0000000F  mc_p.l(entry11a.o)
    0x0001c0d0   0x00000004   Code   RO         2415    .ARM.Collect$$$$00002712  mc_p.l(entry2.o)
    0x0001c0d4   0x0000001e   Code   RO         1282    .emb_text           nrf_delay.o
    0x0001c0f2   0x00000002   PAD
    0x0001c0f4   0x0000001e   Code   RO         1803    .emb_text           app_timer.o
    0x0001c112   0x00000002   PAD
    0x0001c114   0x00000038   Code   RO         2095    .text               arm_startup_nrf51.o
    0x0001c14c   0x0000002c   Code   RO         2139    .text               mc_p.l(uidiv.o)
    0x0001c178   0x00000028   Code   RO         2141    .text               mc_p.l(idiv.o)
    0x0001c1a0   0x00000024   Code   RO         2143    .text               mc_p.l(memcpya.o)
    0x0001c1c4   0x00000024   Code   RO         2145    .text               mc_p.l(memseta.o)
    0x0001c1e8   0x0000001a   Code   RO         2149    .text               mc_p.l(memcmp.o)
    0x0001c202   0x00000060   Code   RO         2428    .text               mc_p.l(uldiv.o)
    0x0001c262   0x00000002   PAD
    0x0001c264   0x00000024   Code   RO         2441    .text               mc_p.l(init.o)
    0x0001c288   0x00000020   Code   RO         2443    .text               mc_p.l(llshl.o)
    0x0001c2a8   0x00000022   Code   RO         2445    .text               mc_p.l(llushr.o)
    0x0001c2ca   0x00000002   PAD
    0x0001c2cc   0x000000fc   Code   RO         1329    i.GPIOTE_IRQHandler  nrf_drv_gpiote.o
    0x0001c3c8   0x00000020   Code   RO         1805    i.RTC1_IRQHandler   app_timer.o
    0x0001c3e8   0x00000054   Code   RO         1806    i.SWI0_IRQHandler   app_timer.o
    0x0001c43c   0x00000024   Code   RO         2030    i.SWI2_IRQHandler   softdevice_handler.o
    0x0001c460   0x00000054   Code   RO         2102    i.SystemInit        system_nrf51.o
    0x0001c4b4   0x00000080   Code   RO         1172    i.UART0_IRQHandler  app_uart_fifo.o
    0x0001c534   0x00000020   Code   RO         2360    i.__0printf$8       mc_p.l(printf8.o)
    0x0001c554   0x0000001a   Code   RO          445    i.__ARM_common_switch8  bsp.o
    0x0001c56e   0x0000000e   Code   RO         2455    i.__scatterload_copy  mc_p.l(handlers.o)
    0x0001c57c   0x00000002   Code   RO         2456    i.__scatterload_null  mc_p.l(handlers.o)
    0x0001c57e   0x0000000e   Code   RO         2457    i.__scatterload_zeroinit  mc_p.l(handlers.o)
    0x0001c58c   0x00000428   Code   RO         2367    i._printf_core      mc_p.l(printf8.o)
    0x0001c9b4   0x00000020   Code   RO         2368    i._printf_post_padding  mc_p.l(printf8.o)
    0x0001c9d4   0x0000002c   Code   RO         2369    i._printf_pre_padding  mc_p.l(printf8.o)
    0x0001ca00   0x0000004c   Code   RO         1173    i.action_tx_send    app_uart_fifo.o
    0x0001ca4c   0x00000024   Code   RO         1174    i.action_tx_stop    app_uart_fifo.o
    0x0001ca70   0x00000020   Code   RO         1175    i.action_uart_deactivate  app_uart_fifo.o
    0x0001ca90   0x0000002e   Code   RO          150    i.adv_report_parse  main.o
    0x0001cabe   0x00000002   PAD
    0x0001cac0   0x0000001c   Code   RO         1750    i.app_error_handler  app_error.o
    0x0001cadc   0x0000000c   Code   RO          864    i.app_evt_notify    device_manager_central.o
    0x0001cae8   0x00000022   Code   RO         1772    i.app_fifo_get      app_fifo.o
    0x0001cb0a   0x00000024   Code   RO         1773    i.app_fifo_init     app_fifo.o
    0x0001cb2e   0x00000022   Code   RO         1774    i.app_fifo_put      app_fifo.o
    0x0001cb50   0x0000002c   Code   RO         1509    i.app_notify        pstorage.o
    0x0001cb7c   0x00000020   Code   RO         1510    i.app_notify_error_state_transit  pstorage.o
    0x0001cb9c   0x00000048   Code   RO         1949    i.app_trace_init    app_trace.o
    0x0001cbe4   0x00000194   Code   RO         1180    i.app_uart_init     app_uart_fifo.o
    0x0001cd78   0x0000001c   Code   RO         1181    i.app_uart_put      app_uart_fifo.o
    0x0001cd94   0x0000004c   Code   RO          741    i.ble_db_discovery_evt_register  ble_db_discovery.o
    0x0001cde0   0x00000018   Code   RO          742    i.ble_db_discovery_init  ble_db_discovery.o
    0x0001cdf8   0x000000a0   Code   RO          743    i.ble_db_discovery_on_ble_evt  ble_db_discovery.o
    0x0001ce98   0x00000070   Code   RO          744    i.ble_db_discovery_start  ble_db_discovery.o
    0x0001cf08   0x00000028   Code   RO          152    i.ble_evt_dispatch  main.o
    0x0001cf30   0x0000000a   Code   RO          533    i.ble_lls_alert_get  lls_client.o
    0x0001cf3a   0x00000002   PAD
    0x0001cf3c   0x00000024   Code   RO          534    i.ble_lls_c_alert_remove  lls_client.o
    0x0001cf60   0x00000058   Code   RO          537    i.ble_lls_c_init    lls_client.o
    0x0001cfb8   0x00000168   Code   RO          539    i.ble_lls_c_on_ble_evt  lls_client.o
    0x0001d120   0x00000068   Code   RO          153    i.ble_stack_init    main.o
    0x0001d188   0x0000001c   Code   RO         1330    i.channel_free      nrf_drv_gpiote.o
    0x0001d1a4   0x00000044   Code   RO         1331    i.channel_port_alloc  nrf_drv_gpiote.o
    0x0001d1e8   0x00000010   Code   RO         1332    i.channel_port_get  nrf_drv_gpiote.o
    0x0001d1f8   0x00000038   Code   RO          745    i.characteristics_discover  ble_db_discovery.o
    0x0001d230   0x00000104   Code   RO         1511    i.clear_operation_execute  pstorage.o
    0x0001d334   0x00000024   Code   RO         1512    i.clear_post_processing_run  pstorage.o
    0x0001d358   0x00000064   Code   RO            3    i.client_handling_destroy  client_handling.o
    0x0001d3bc   0x00000038   Code   RO         1513    i.cmd_process       pstorage.o
    0x0001d3f4   0x00000020   Code   RO         1514    i.cmd_queue_element_init  pstorage.o
    0x0001d414   0x0000004c   Code   RO         1515    i.cmd_queue_enqueue  pstorage.o
    0x0001d460   0x0000003c   Code   RO         1516    i.command_end_procedure_run  pstorage.o
    0x0001d49c   0x000000a4   Code   RO         1814    i.compare_reg_update  app_timer.o
    0x0001d540   0x00000040   Code   RO          865    i.connection_instance_find  device_manager_central.o
    0x0001d580   0x00000024   Code   RO          866    i.connection_instance_init  device_manager_central.o
    0x0001d5a4   0x00000054   Code   RO         1517    i.data_page_erase_state_run  pstorage.o
    0x0001d5f8   0x00000028   Code   RO         1518    i.data_to_swap_write_state_run  pstorage.o
    0x0001d620   0x00000160   Code   RO          541    i.db_discovery_evt_handler  lls_client.o
    0x0001d780   0x00000084   Code   RO          746    i.descriptors_discover  ble_db_discovery.o
    0x0001d804   0x000000b4   Code   RO          867    i.device_context_store  device_manager_central.o
    0x0001d8b8   0x00000054   Code   RO          868    i.device_instance_allocate  device_manager_central.o
    0x0001d90c   0x0000042c   Code   RO          154    i.device_manager_event_handler  main.o
    0x0001dd38   0x0000009c   Code   RO          155    i.device_manager_init  main.o
    0x0001ddd4   0x0000006c   Code   RO          747    i.discovery_complete_evt_trigger  ble_db_discovery.o
    0x0001de40   0x00000050   Code   RO          748    i.discovery_error_evt_trigger  ble_db_discovery.o
    0x0001de90   0x00000370   Code   RO          874    i.dm_ble_evt_handler  device_manager_central.o
    0x0001e200   0x0000001c   Code   RO          879    i.dm_handle_initialize  device_manager_central.o
    0x0001e21c   0x000000c0   Code   RO          880    i.dm_init           device_manager_central.o
    0x0001e2dc   0x00000178   Code   RO          883    i.dm_pstorage_cb_handler  device_manager_central.o
    0x0001e454   0x00000058   Code   RO          884    i.dm_register       device_manager_central.o
    0x0001e4ac   0x000000d4   Code   RO          885    i.dm_security_setup_req  device_manager_central.o
    0x0001e580   0x00000040   Code   RO         1815    i.elapsed_ticks_acquire  app_timer.o
    0x0001e5c0   0x00000058   Code   RO         1816    i.expired_timers_handler  app_timer.o
    0x0001e618   0x00000020   Code   RO         1519    i.flash_api_err_code_process  pstorage.o
    0x0001e638   0x00000080   Code   RO         1520    i.flash_operation_success_run  pstorage.o
    0x0001e6b8   0x0000000a   Code   RO         1521    i.flash_page_erase  pstorage.o
    0x0001e6c2   0x0000000a   Code   RO         1522    i.flash_write       pstorage.o
    0x0001e6cc   0x0000000e   Code   RO         1997    i.fputc             retarget.o
    0x0001e6da   0x00000004   Code   RO          891    i.gattc_context_apply  device_manager_central.o
    0x0001e6de   0x00000004   Code   RO          892    i.gattc_context_load  device_manager_central.o
    0x0001e6e2   0x00000004   Code   RO          893    i.gattc_context_store  device_manager_central.o
    0x0001e6e6   0x00000002   PAD
    0x0001e6e8   0x00000040   Code   RO          894    i.gatts_context_apply  device_manager_central.o
    0x0001e728   0x00000030   Code   RO          895    i.gatts_context_load  device_manager_central.o
    0x0001e758   0x000000a0   Code   RO          896    i.gatts_context_store  device_manager_central.o
    0x0001e7f8   0x00000008   Code   RO          897    i.gattsc_context_apply  device_manager_central.o
    0x0001e800   0x00000008   Code   RO          898    i.gattsc_context_load  device_manager_central.o
    0x0001e808   0x00000008   Code   RO          899    i.gattsc_context_store  device_manager_central.o
    0x0001e810   0x00000016   Code   RO         1182    i.gpiote_uart_event_handler  app_uart_fifo.o
    0x0001e826   0x00000002   PAD
    0x0001e828   0x00000078   Code   RO         1523    i.head_restore_state_run  pstorage.o
    0x0001e8a0   0x0000005c   Code   RO          900    i.initiate_security_request  device_manager_central.o
    0x0001e8fc   0x00000080   Code   RO         2031    i.intern_softdevice_events_execute  softdevice_handler.o
    0x0001e97c   0x00000042   Code   RO          749    i.is_desc_discovery_reqd  ble_db_discovery.o
    0x0001e9be   0x00000002   PAD
    0x0001e9c0   0x00000048   Code   RO         2103    i.is_manual_peripheral_setup_needed  system_nrf51.o
    0x0001ea08   0x00000044   Code   RO         1524    i.is_page_erase_required  pstorage.o
    0x0001ea4c   0x0000000c   Code   RO         1525    i.is_word_aligned   pstorage.o
    0x0001ea58   0x00000094   Code   RO         1817    i.list_deletions_handler  app_timer.o
    0x0001eaec   0x000000f0   Code   RO         1818    i.list_insertions_handler  app_timer.o
    0x0001ebdc   0x000000e0   Code   RO          156    i.lls_c_evt_handler  main.o
    0x0001ecbc   0x00000044   Code   RO          157    i.lls_c_init        main.o
    0x0001ed00   0x00000074   Code   RO          158    i.main              main.o
    0x0001ed74   0x00000018   Code   RO         1526    i.main_state_err_busy_process  pstorage.o
    0x0001ed8c   0x00000004   Code   RO          901    i.no_service_context_apply  device_manager_central.o
    0x0001ed90   0x00000004   Code   RO          902    i.no_service_context_load  device_manager_central.o
    0x0001ed94   0x00000004   Code   RO          903    i.no_service_context_store  device_manager_central.o
    0x0001ed98   0x0000001c   Code   RO         1283    i.nrf_delay_ms      nrf_delay.o
    0x0001edb4   0x00000060   Code   RO         1306    i.nrf_drv_common_irq_enable  nrf_drv_common.o
    0x0001ee14   0x000000a0   Code   RO         1335    i.nrf_drv_gpiote_in_event_enable  nrf_drv_gpiote.o
    0x0001eeb4   0x00000094   Code   RO         1336    i.nrf_drv_gpiote_in_init  nrf_drv_gpiote.o
    0x0001ef48   0x00000014   Code   RO         1337    i.nrf_drv_gpiote_in_is_set  nrf_drv_gpiote.o
    0x0001ef5c   0x00000054   Code   RO         1339    i.nrf_drv_gpiote_init  nrf_drv_gpiote.o
    0x0001efb0   0x00000010   Code   RO         1340    i.nrf_drv_gpiote_is_init  nrf_drv_gpiote.o
    0x0001efc0   0x00000094   Code   RO         1342    i.nrf_drv_gpiote_out_init  nrf_drv_gpiote.o
    0x0001f054   0x00000020   Code   RO         1352    i.nrf_gpio_cfg_sense_set  nrf_drv_gpiote.o
    0x0001f074   0x00000014   Code   RO         1353    i.nrf_gpiote_event_is_set  nrf_drv_gpiote.o
    0x0001f088   0x00000110   Code   RO          159    i.on_ble_evt        main.o
    0x0001f198   0x000000dc   Code   RO          750    i.on_characteristic_discovery_rsp  ble_db_discovery.o
    0x0001f274   0x000000b0   Code   RO          751    i.on_descriptor_discovery_rsp  ble_db_discovery.o
    0x0001f324   0x00000070   Code   RO          752    i.on_srv_disc_completion  ble_db_discovery.o
    0x0001f394   0x00000088   Code   RO         1183    i.on_uart_event     app_uart_fifo.o
    0x0001f41c   0x00000034   Code   RO          904    i.peer_instance_init  device_manager_central.o
    0x0001f450   0x0000002c   Code   RO          753    i.pending_user_evts_send  ble_db_discovery.o
    0x0001f47c   0x00000018   Code   RO         1354    i.pin_in_use_by_port  nrf_drv_gpiote.o
    0x0001f494   0x00000018   Code   RO         1355    i.pin_in_use_by_te  nrf_drv_gpiote.o
    0x0001f4ac   0x00000028   Code   RO         1527    i.pstorage_access_status_get  pstorage.o
    0x0001f4d4   0x00000054   Code   RO         1528    i.pstorage_block_identifier_get  pstorage.o
    0x0001f528   0x000000a4   Code   RO         1529    i.pstorage_clear    pstorage.o
    0x0001f5cc   0x00000024   Code   RO         1530    i.pstorage_flash_page_end  pstorage.o
    0x0001f5f0   0x0000000a   Code   RO         1531    i.pstorage_flash_page_size  pstorage.o
    0x0001f5fa   0x00000002   PAD
    0x0001f5fc   0x0000004c   Code   RO         1532    i.pstorage_init     pstorage.o
    0x0001f648   0x000000a8   Code   RO         1533    i.pstorage_load     pstorage.o
    0x0001f6f0   0x000000b4   Code   RO         1534    i.pstorage_register  pstorage.o
    0x0001f7a4   0x00000090   Code   RO         1535    i.pstorage_store    pstorage.o
    0x0001f834   0x0000004c   Code   RO         1536    i.pstorage_sys_event_handler  pstorage.o
    0x0001f880   0x00000090   Code   RO         1537    i.pstorage_update   pstorage.o
    0x0001f910   0x0000003c   Code   RO          754    i.registered_handler_get  ble_db_discovery.o
    0x0001f94c   0x00000044   Code   RO         1819    i.rtc1_stop         app_timer.o
    0x0001f990   0x0000003c   Code   RO          160    i.scan_start        main.o
    0x0001f9cc   0x00000048   Code   RO         1538    i.sm_state_change   pstorage.o
    0x0001fa14   0x0000000c   Code   RO         2032    i.softdevice_assertion_handler  softdevice_handler.o
    0x0001fa20   0x00000014   Code   RO         2033    i.softdevice_ble_evt_handler_set  softdevice_handler.o
    0x0001fa34   0x00000030   Code   RO         2034    i.softdevice_handler_init  softdevice_handler.o
    0x0001fa64   0x00000014   Code   RO         2036    i.softdevice_sys_evt_handler_set  softdevice_handler.o
    0x0001fa78   0x00000064   Code   RO         1539    i.state_data_erase_swap_entry_run  pstorage.o
    0x0001fadc   0x00000010   Code   RO         1540    i.state_erase_data_page_entry_run  pstorage.o
    0x0001faec   0x00000028   Code   RO         1541    i.state_restore_head_entry_run  pstorage.o
    0x0001fb14   0x0000004c   Code   RO         1542    i.state_restore_tail_entry_run  pstorage.o
    0x0001fb60   0x00000020   Code   RO         1543    i.state_swap_erase_entry_run  pstorage.o
    0x0001fb80   0x00000030   Code   RO         1544    i.state_write_data_swap_entry_run  pstorage.o
    0x0001fbb0   0x00000004   Code   RO          905    i.storage_operation_dummy_handler  device_manager_central.o
    0x0001fbb4   0x0000005c   Code   RO         1545    i.store_cmd_flash_write_execute  pstorage.o
    0x0001fc10   0x0000001c   Code   RO         1546    i.swap_erase_state_run  pstorage.o
    0x0001fc2c   0x00000018   Code   RO         1547    i.swap_sub_state_err_busy_process  pstorage.o
    0x0001fc44   0x00000014   Code   RO         1548    i.swap_sub_state_state_change  pstorage.o
    0x0001fc58   0x00000028   Code   RO          161    i.sys_evt_dispatch  main.o
    0x0001fc80   0x0000001c   Code   RO         1549    i.tail_restore_state_run  pstorage.o
    0x0001fc9c   0x00000010   Code   RO         1820    i.timer_list_handler_sched  app_timer.o
    0x0001fcac   0x00000064   Code   RO         1821    i.timer_list_insert  app_timer.o
    0x0001fd10   0x00000070   Code   RO         1822    i.timer_list_remove  app_timer.o
    0x0001fd80   0x00000080   Code   RO         1823    i.timer_timeouts_check  app_timer.o
    0x0001fe00   0x00000018   Code   RO         1950    i.uart_error_handle  app_trace.o
    0x0001fe18   0x00000014   Code   RO          906    i.update_status_bit_reset  device_manager_central.o
    0x0001fe2c   0x0000001c   Code   RO          543    i.write_characteristic_value  lls_client.o
    0x0001fe48   0x00000010   Data   RO            5    .constdata          client_handling.o
    0x0001fe58   0x00000018   Data   RO          163    .constdata          main.o
    0x0001fe70   0x00000030   Data   RO          908    .constdata          device_manager_central.o
    0x0001fea0   0x00000008   Data   RO         1185    .constdata          app_uart_fifo.o
    0x0001fea8   0x00000028   Data   RO         1551    .constdata          pstorage.o
    0x0001fed0   0x0000000c   Data   RO         1952    .constdata          app_trace.o
    0x0001fedc   0x00000085   Data   RO          164    .conststring        main.o
    0x0001ff61   0x00000003   PAD
    0x0001ff64   0x00000092   Data   RO          545    .conststring        lls_client.o
    0x0001fff6   0x00000002   PAD
    0x0001fff8   0x00000107   Data   RO          756    .conststring        ble_db_discovery.o
    0x000200ff   0x00000001   PAD
    0x00020100   0x00000020   Data   RO         2453    Region$$Table       anon$$obj.o


    Execution Region RW_IRAM1 (Base: 0x20002800, Size: 0x000014d8, Max: 0x00005800, ABSOLUTE)

    Base Addr    Size         Type   Attr      Idx    E Section Name        Object

    0x20002800   0x00000001   Data   RW            6    .data               client_handling.o
    0x20002801   0x00000001   PAD
    0x20002802   0x0000000a   Data   RW          165    .data               main.o
    0x2000280c   0x00000010   Data   RW          546    .data               lls_client.o
    0x2000281c   0x00000010   Data   RW          757    .data               ble_db_discovery.o
    0x2000282c   0x00000010   Data   RW          910    .data               device_manager_central.o
    0x2000283c   0x00000008   Data   RW         1186    .data               app_uart_fifo.o
    0x20002844   0x00000024   Data   RW         1552    .data               pstorage.o
    0x20002868   0x00000024   Data   RW         1826    .data               app_timer.o
    0x2000288c   0x00000001   Data   RW         1953    .data               app_trace.o
    0x2000288d   0x00000003   PAD
    0x20002890   0x00000004   Data   RW         1998    .data               retarget.o
    0x20002894   0x00000014   Data   RW         2037    .data               softdevice_handler.o
    0x200028a8   0x00000004   Data   RW         2104    .data               system_nrf51.o
    0x200028ac   0x00000340   Zero   RW            4    .bss                client_handling.o
    0x20002bec   0x0000012c   Zero   RW          162    .bss                main.o
    0x20002d18   0x00000080   Zero   RW          755    .bss                ble_db_discovery.o
    0x20002d98   0x00000283   Zero   RW          907    .bss                device_manager_central.o
    0x2000301b   0x00000001   PAD
    0x2000301c   0x00000020   Zero   RW         1184    .bss                app_uart_fifo.o
    0x2000303c   0x00000038   Zero   RW         1356    .bss                nrf_drv_gpiote.o
    0x20003074   0x00000060   Zero   RW         1550    .bss                pstorage.o
    0x200030d4   0x00000400   Zero   RW         1951    .bss                app_trace.o
    0x200034d4   0x00000004   PAD
    0x200034d8   0x00000800   Zero   RW         2092    STACK               arm_startup_nrf51.o


==============================================================================

Image component sizes


      Code (inc. data)   RO Data    RW Data    ZI Data      Debug   Object Name

         0          0          0          0          0       2356   app_button.o
        28         10          0          0          0       7380   app_error.o
       104          0          0          0          0       2710   app_fifo.o
      1274        106          0         36          0      19864   app_timer.o
        96         16         12          1       1024       2133   app_trace.o
       862        142          8          8         32      22903   app_uart_fifo.o
        56         18        192          0       2048        700   arm_startup_nrf51.o
      1426         98        263         16        128      13203   ble_db_discovery.o
        26          0          0          0          0         72   bsp.o
       100         18         16          1        832      58930   client_handling.o
      2640        200         48         16        643      26128   device_manager_central.o
       874        408        146         16          0       6854   lls_client.o
      2194       1084        157         10        300      55414   main.o
        58          4          0          0          0       1683   nrf_delay.o
        96         18          0          0          0       1572   nrf_drv_common.o
      1040        142          0          0         56      20454   nrf_drv_gpiote.o
      2822        264         40         36         96      34990   pstorage.o
        14          0          0          4          0       2754   retarget.o
       264         24          0         20          0       9020   softdevice_handler.o
       156         26          0          4          0       2107   system_nrf51.o

    ----------------------------------------------------------------------
     14146       2578        920        172       5164     291227   Object Totals
         0          0         32          0          0          0   (incl. Generated)
        16          0          6          4          5          0   (incl. Padding)

    ----------------------------------------------------------------------

      Code (inc. data)   RO Data    RW Data    ZI Data      Debug   Library Member Name

         0          0          0          0          0          0   entry.o
         0          0          0          0          0          0   entry10a.o
         0          0          0          0          0          0   entry11a.o
         8          4          0          0          0          0   entry2.o
         4          0          0          0          0          0   entry5.o
         0          0          0          0          0          0   entry7b.o
         0          0          0          0          0          0   entry8b.o
         8          4          0          0          0          0   entry9a.o
        30          0          0          0          0          0   handlers.o
        40          0          0          0          0         72   idiv.o
        36          8          0          0          0         68   init.o
        32          0          0          0          0         68   llshl.o
        34          0          0          0          0         68   llushr.o
        26          0          0          0          0         72   memcmp.o
        36          0          0          0          0         60   memcpya.o
        36          0          0          0          0        100   memseta.o
      1172         52          0          0          0        324   printf8.o
        44          0          0          0          0         72   uidiv.o
        96          0          0          0          0         84   uldiv.o

    ----------------------------------------------------------------------
      1606         68          0          0          0        988   Library Totals
         4          0          0          0          0          0   (incl. Padding)

    ----------------------------------------------------------------------

      Code (inc. data)   RO Data    RW Data    ZI Data      Debug   Library Name

      1602         68          0          0          0        988   mc_p.l

    ----------------------------------------------------------------------
      1606         68          0          0          0        988   Library Totals

    ----------------------------------------------------------------------

==============================================================================


      Code (inc. data)   RO Data    RW Data    ZI Data      Debug   

     15752       2646        920        172       5164     285267   Grand Totals
     15752       2646        920        172       5164     285267   ELF Image Totals
     15752       2646        920        172          0          0   ROM Totals

==============================================================================

    Total RO  Size (Code + RO Data)                16672 (  16.28kB)
    Total RW  Size (RW Data + ZI Data)              5336 (   5.21kB)
    Total ROM Size (Code + RO Data + RW Data)      16844 (  16.45kB)

==============================================================================

