Component: ARM Compiler 5.05 update 1 (build 106) Tool: armlink [4d0efa]

==============================================================================

Section Cross References

    main.o(i.ADC_IRQHandler) refers to uidiv.o(.text) for __aeabi_uidivmod
    main.o(i.ADC_IRQHandler) refers to main.o(i.battery_level_in_percent) for battery_level_in_percent
    main.o(i.ADC_IRQHandler) refers to ble_bas.o(i.ble_bas_battery_level_update) for ble_bas_battery_level_update
    main.o(i.ADC_IRQHandler) refers to app_error.o(i.app_error_handler) for app_error_handler
    main.o(i.ADC_IRQHandler) refers to main.o(.bss) for .bss
    main.o(i.adc_configure) refers to nrf_adc.o(i.nrf_adc_configure) for nrf_adc_configure
    main.o(i.adc_configure) refers to app_error.o(i.app_error_handler) for app_error_handler
    main.o(i.adc_configure) refers to main.o(.constdata) for .constdata
    main.o(i.advertising_init) refers to memseta.o(.text) for __aeabi_memclr4
    main.o(i.advertising_init) refers to ble_advdata.o(i.ble_advdata_set) for ble_advdata_set
    main.o(i.advertising_init) refers to app_error.o(i.app_error_handler) for app_error_handler
    main.o(i.advertising_init) refers to main.o(.constdata) for .constdata
    main.o(i.advertising_init) refers to main.o(.data) for .data
    main.o(i.advertising_start) refers to pstorage.o(i.pstorage_access_status_get) for pstorage_access_status_get
    main.o(i.advertising_start) refers to app_error.o(i.app_error_handler) for app_error_handler
    main.o(i.advertising_start) refers to memseta.o(.text) for __aeabi_memclr4
    main.o(i.advertising_start) refers to device_manager_peripheral.o(i.dm_whitelist_create) for dm_whitelist_create
    main.o(i.advertising_start) refers to main.o(i.advertising_init) for advertising_init
    main.o(i.advertising_start) refers to bsp.o(i.bsp_indication_set) for bsp_indication_set
    main.o(i.advertising_start) refers to main.o(.data) for .data
    main.o(i.alert_signal) refers to app_error.o(i.app_error_handler) for app_error_handler
    main.o(i.alert_signal) refers to bsp.o(i.bsp_indication_set) for bsp_indication_set
    main.o(i.assert_nrf_callback) refers to app_error.o(i.app_error_handler) for app_error_handler
    main.o(i.bas_init) refers to memseta.o(.text) for __aeabi_memclr4
    main.o(i.bas_init) refers to ble_bas.o(i.ble_bas_init) for ble_bas_init
    main.o(i.bas_init) refers to app_error.o(i.app_error_handler) for app_error_handler
    main.o(i.bas_init) refers to main.o(i.on_bas_evt) for on_bas_evt
    main.o(i.bas_init) refers to main.o(.bss) for .bss
    main.o(i.battery_level_in_percent) refers to idiv.o(.text) for __aeabi_idivmod
    main.o(i.ble_evt_dispatch) refers to device_manager_peripheral.o(i.dm_ble_evt_handler) for dm_ble_evt_handler
    main.o(i.ble_evt_dispatch) refers to ble_conn_params.o(i.ble_conn_params_on_ble_evt) for ble_conn_params_on_ble_evt
    main.o(i.ble_evt_dispatch) refers to ble_ias.o(i.ble_ias_on_ble_evt) for ble_ias_on_ble_evt
    main.o(i.ble_evt_dispatch) refers to ble_lls.o(i.ble_lls_on_ble_evt) for ble_lls_on_ble_evt
    main.o(i.ble_evt_dispatch) refers to ble_bas.o(i.ble_bas_on_ble_evt) for ble_bas_on_ble_evt
    main.o(i.ble_evt_dispatch) refers to ble_ias_c.o(i.ble_ias_c_on_ble_evt) for ble_ias_c_on_ble_evt
    main.o(i.ble_evt_dispatch) refers to ble_tps.o(i.ble_tps_on_ble_evt) for ble_tps_on_ble_evt
    main.o(i.ble_evt_dispatch) refers to bsp_btn_ble.o(i.bsp_btn_ble_on_ble_evt) for bsp_btn_ble_on_ble_evt
    main.o(i.ble_evt_dispatch) refers to main.o(i.on_ble_evt) for on_ble_evt
    main.o(i.ble_evt_dispatch) refers to main.o(.bss) for .bss
    main.o(i.ble_stack_init) refers to softdevice_handler.o(i.softdevice_handler_init) for softdevice_handler_init
    main.o(i.ble_stack_init) refers to app_error.o(i.app_error_handler) for app_error_handler
    main.o(i.ble_stack_init) refers to softdevice_handler.o(i.softdevice_ble_evt_handler_set) for softdevice_ble_evt_handler_set
    main.o(i.ble_stack_init) refers to softdevice_handler.o(i.softdevice_sys_evt_handler_set) for softdevice_sys_evt_handler_set
    main.o(i.ble_stack_init) refers to main.o(.bss) for .bss
    main.o(i.ble_stack_init) refers to main.o(i.ble_evt_dispatch) for ble_evt_dispatch
    main.o(i.ble_stack_init) refers to main.o(i.sys_evt_dispatch) for sys_evt_dispatch
    main.o(i.bsp_event_handler) refers to bsp.o(i.bsp_indication_set) for bsp_indication_set
    main.o(i.bsp_event_handler) refers to main.o(i.sleep_mode_enter) for sleep_mode_enter
    main.o(i.bsp_event_handler) refers to ble_ias_c.o(i.ble_ias_c_send_alert_level) for ble_ias_c_send_alert_level
    main.o(i.bsp_event_handler) refers to app_error.o(i.app_error_handler) for app_error_handler
    main.o(i.bsp_event_handler) refers to main.o(.data) for .data
    main.o(i.bsp_event_handler) refers to main.o(.bss) for .bss
    main.o(i.conn_params_error_handler) refers to app_error.o(i.app_error_handler) for app_error_handler
[...]
    i.ble_lls_alert_level_get                0x0001db0c   Section        0  ble_lls.o(i.ble_lls_alert_level_get)
    i.ble_lls_init                           0x0001db28   Section        0  ble_lls.o(i.ble_lls_init)
    i.ble_lls_on_ble_evt                     0x0001db64   Section        0  ble_lls.o(i.ble_lls_on_ble_evt)
    i.ble_srv_report_ref_encode              0x0001db94   Section        0  ble_srv_common.o(i.ble_srv_report_ref_encode)
    i.ble_stack_init                         0x0001dba0   Section        0  main.o(i.ble_stack_init)
    ble_stack_init                           0x0001dba1   Thumb Code    90  main.o(i.ble_stack_init)
    i.ble_tps_init                           0x0001dc08   Section        0  ble_tps.o(i.ble_tps_init)
    i.ble_tps_on_ble_evt                     0x0001dc34   Section        0  ble_tps.o(i.ble_tps_on_ble_evt)
    i.bond_data_load                         0x0001dc40   Section        0  device_manager_peripheral.o(i.bond_data_load)
    i.bsp_btn_ble_init                       0x0001dc88   Section        0  bsp_btn_ble.o(i.bsp_btn_ble_init)
    i.bsp_btn_ble_on_ble_evt                 0x0001dcdc   Section        0  bsp_btn_ble.o(i.bsp_btn_ble_on_ble_evt)
    i.bsp_btn_ble_sleep_mode_prepare         0x0001dd54   Section        0  bsp_btn_ble.o(i.bsp_btn_ble_sleep_mode_prepare)
    i.bsp_button_event_handler               0x0001dd68   Section        0  bsp.o(i.bsp_button_event_handler)
    bsp_button_event_handler                 0x0001dd69   Thumb Code   144  bsp.o(i.bsp_button_event_handler)
    i.bsp_button_is_pressed                  0x0001de04   Section        0  bsp.o(i.bsp_button_is_pressed)
    i.bsp_event_handler                      0x0001de30   Section        0  main.o(i.bsp_event_handler)
    bsp_event_handler                        0x0001de31   Thumb Code   116  main.o(i.bsp_event_handler)
    i.bsp_event_to_button_action_assign      0x0001deb4   Section        0  bsp.o(i.bsp_event_to_button_action_assign)
    i.bsp_indication_set                     0x0001defc   Section        0  bsp.o(i.bsp_indication_set)
    i.bsp_init                               0x0001df18   Section        0  bsp.o(i.bsp_init)
    i.bsp_led_indication                     0x0001dfb8   Section        0  bsp.o(i.bsp_led_indication)
    bsp_led_indication                       0x0001dfb9   Thumb Code   482  bsp.o(i.bsp_led_indication)
    i.bsp_wakeup_buttons_set                 0x0001e1a8   Section        0  bsp.o(i.bsp_wakeup_buttons_set)
    i.button_timer_handler                   0x0001e1e4   Section        0  bsp.o(i.button_timer_handler)
    button_timer_handler                     0x0001e1e5   Thumb Code    12  bsp.o(i.button_timer_handler)
    i.channel_free                           0x0001e1f0   Section        0  nrf_drv_gpiote.o(i.channel_free)
    channel_free                             0x0001e1f1   Thumb Code    22  nrf_drv_gpiote.o(i.channel_free)
    i.channel_port_alloc                     0x0001e20c   Section        0  nrf_drv_gpiote.o(i.channel_port_alloc)
    channel_port_alloc                       0x0001e20d   Thumb Code    66  nrf_drv_gpiote.o(i.channel_port_alloc)
    i.channel_port_get                       0x0001e254   Section        0  nrf_drv_gpiote.o(i.channel_port_get)
    channel_port_get                         0x0001e255   Thumb Code    10  nrf_drv_gpiote.o(i.channel_port_get)
    i.clear_operation_execute                0x0001e264   Section        0  pstorage.o(i.clear_operation_execute)
    clear_operation_execute                  0x0001e265   Thumb Code   252  pstorage.o(i.clear_operation_execute)
    i.clear_post_processing_run              0x0001e368   Section        0  pstorage.o(i.clear_post_processing_run)
    clear_post_processing_run                0x0001e369   Thumb Code    32  pstorage.o(i.clear_post_processing_run)
    i.cmd_process                            0x0001e38c   Section        0  pstorage.o(i.cmd_process)
    cmd_process                              0x0001e38d   Thumb Code    46  pstorage.o(i.cmd_process)
    i.cmd_queue_element_init                 0x0001e3c4   Section        0  pstorage.o(i.cmd_queue_element_init)
    cmd_queue_element_init                   0x0001e3c5   Thumb Code    26  pstorage.o(i.cmd_queue_element_init)
    i.cmd_queue_enqueue                      0x0001e3e4   Section        0  pstorage.o(i.cmd_queue_enqueue)
    cmd_queue_enqueue                        0x0001e3e5   Thumb Code    68  pstorage.o(i.cmd_queue_enqueue)
    i.command_end_procedure_run              0x0001e430   Section        0  pstorage.o(i.command_end_procedure_run)
    command_end_procedure_run                0x0001e431   Thumb Code    56  pstorage.o(i.command_end_procedure_run)
    i.compare_reg_update                     0x0001e46c   Section        0  app_timer.o(i.compare_reg_update)
    compare_reg_update                       0x0001e46d   Thumb Code   140  app_timer.o(i.compare_reg_update)
    i.conn_int_encode                        0x0001e510   Section        0  ble_advdata.o(i.conn_int_encode)
    conn_int_encode                          0x0001e511   Thumb Code   126  ble_advdata.o(i.conn_int_encode)
    i.conn_params_error_handler              0x0001e594   Section        0  main.o(i.conn_params_error_handler)
    conn_params_error_handler                0x0001e595   Thumb Code    12  main.o(i.conn_params_error_handler)
    i.conn_params_negotiation                0x0001e5a0   Section        0  ble_conn_params.o(i.conn_params_negotiation)
    conn_params_negotiation                  0x0001e5a1   Thumb Code    90  ble_conn_params.o(i.conn_params_negotiation)
    i.connection_instance_find               0x0001e604   Section        0  device_manager_peripheral.o(i.connection_instance_find)
    connection_instance_find                 0x0001e605   Thumb Code    38  device_manager_peripheral.o(i.connection_instance_find)
    i.connection_instance_init               0x0001e634   Section        0  device_manager_peripheral.o(i.connection_instance_init)
    connection_instance_init                 0x0001e635   Thumb Code    30  device_manager_peripheral.o(i.connection_instance_init)
    i.data_page_erase_state_run              0x0001e658   Section        0  pstorage.o(i.data_page_erase_state_run)
    data_page_erase_state_run                0x0001e659   Thumb Code    80  pstorage.o(i.data_page_erase_state_run)
    i.data_to_swap_write_state_run           0x0001e6ac   Section        0  pstorage.o(i.data_to_swap_write_state_run)
    data_to_swap_write_state_run             0x0001e6ad   Thumb Code    34  pstorage.o(i.data_to_swap_write_state_run)
    i.detection_delay_timeout_handler        0x0001e6d4   Section        0  app_button.o(i.detection_delay_timeout_handler)
    detection_delay_timeout_handler          0x0001e6d5   Thumb Code    90  app_button.o(i.detection_delay_timeout_handler)
    i.device_context_store                   0x0001e734   Section        0  device_manager_peripheral.o(i.device_context_store)
    device_context_store                     0x0001e735   Thumb Code   152  device_manager_peripheral.o(i.device_context_store)
    i.device_instance_allocate               0x0001e7e4   Section        0  device_manager_peripheral.o(i.device_instance_allocate)
    device_instance_allocate                 0x0001e7e5   Thumb Code    74  device_manager_peripheral.o(i.device_instance_allocate)
    i.device_instance_find                   0x0001e838   Section        0  device_manager_peripheral.o(i.device_instance_find)
    device_instance_find                     0x0001e839   Thumb Code    68  device_manager_peripheral.o(i.device_instance_find)
    i.device_instance_free                   0x0001e880   Section        0  device_manager_peripheral.o(i.device_instance_free)
    device_instance_free                     0x0001e881   Thumb Code    40  device_manager_peripheral.o(i.device_instance_free)
    i.device_manager_evt_handler             0x0001e8ac   Section        0  main.o(i.device_manager_evt_handler)
    device_manager_evt_handler               0x0001e8ad   Thumb Code    18  main.o(i.device_manager_evt_handler)
    i.device_manager_init                    0x0001e8c0   Section        0  main.o(i.device_manager_init)
    device_manager_init                      0x0001e8c1   Thumb Code   106  main.o(i.device_manager_init)
    i.dm_ble_evt_handler                     0x0001e934   Section        0  device_manager_peripheral.o(i.dm_ble_evt_handler)
    i.dm_handle_initialize                   0x0001ecf0   Section        0  device_manager_peripheral.o(i.dm_handle_initialize)
    i.dm_init                                0x0001ed0c   Section        0  device_manager_peripheral.o(i.dm_init)
    i.dm_pstorage_cb_handler                 0x0001edd0   Section        0  device_manager_peripheral.o(i.dm_pstorage_cb_handler)
    dm_pstorage_cb_handler                   0x0001edd1   Thumb Code   342  device_manager_peripheral.o(i.dm_pstorage_cb_handler)
    i.dm_register                            0x0001ef30   Section        0  device_manager_peripheral.o(i.dm_register)
    i.dm_whitelist_create                    0x0001efa4   Section        0  device_manager_peripheral.o(i.dm_whitelist_create)
    i.elapsed_ticks_acquire                  0x0001f058   Section        0  app_timer.o(i.elapsed_ticks_acquire)
    elapsed_ticks_acquire                    0x0001f059   Thumb Code    58  app_timer.o(i.elapsed_ticks_acquire)
    i.expired_timers_handler                 0x0001f098   Section        0  app_timer.o(i.expired_timers_handler)
    expired_timers_handler                   0x0001f099   Thumb Code    82  app_timer.o(i.expired_timers_handler)
    i.flash_api_err_code_process             0x0001f0f0   Section        0  pstorage.o(i.flash_api_err_code_process)
    flash_api_err_code_process               0x0001f0f1   Thumb Code    28  pstorage.o(i.flash_api_err_code_process)
    i.flash_operation_success_run            0x0001f110   Section        0  pstorage.o(i.flash_operation_success_run)
    flash_operation_success_run              0x0001f111   Thumb Code   114  pstorage.o(i.flash_operation_success_run)
    i.flash_page_erase                       0x0001f190   Section        0  pstorage.o(i.flash_page_erase)
    flash_page_erase                         0x0001f191   Thumb Code    10  pstorage.o(i.flash_page_erase)
    i.flash_write                            0x0001f19a   Section        0  pstorage.o(i.flash_write)
    flash_write                              0x0001f19b   Thumb Code    10  pstorage.o(i.flash_write)
    i.fputc                                  0x0001f1a4   Section        0  retarget.o(i.fputc)
    i.gap_params_init                        0x0001f1b4   Section        0  main.o(i.gap_params_init)
    gap_params_init                          0x0001f1b5   Thumb Code   104  main.o(i.gap_params_init)
    i.gattc_context_apply                    0x0001f228   Section        0  device_manager_peripheral.o(i.gattc_context_apply)
    gattc_context_apply                      0x0001f229   Thumb Code     4  device_manager_peripheral.o(i.gattc_context_apply)
    i.gattc_context_load                     0x0001f22c   Section        0  device_manager_peripheral.o(i.gattc_context_load)
    gattc_context_load                       0x0001f22d   Thumb Code     4  device_manager_peripheral.o(i.gattc_context_load)
    i.gattc_context_store                    0x0001f230   Section        0  device_manager_peripheral.o(i.gattc_context_store)
    gattc_context_store                      0x0001f231   Thumb Code     4  device_manager_peripheral.o(i.gattc_context_store)
    i.gatts_context_apply                    0x0001f234   Section        0  device_manager_peripheral.o(i.gatts_context_apply)
    gatts_context_apply                      0x0001f235   Thumb Code   162  device_manager_peripheral.o(i.gatts_context_apply)
    i.gatts_context_load                     0x0001f2e8   Section        0  device_manager_peripheral.o(i.gatts_context_load)
    gatts_context_load                       0x0001f2e9   Thumb Code    42  device_manager_peripheral.o(i.gatts_context_load)
    i.gatts_context_store                    0x0001f318   Section        0  device_manager_peripheral.o(i.gatts_context_store)
    gatts_context_store                      0x0001f319   Thumb Code   156  device_manager_peripheral.o(i.gatts_context_store)
    i.gattsc_context_apply                   0x0001f3c0   Section        0  device_manager_peripheral.o(i.gattsc_context_apply)
    gattsc_context_apply                     0x0001f3c1   Thumb Code     8  device_manager_peripheral.o(i.gattsc_context_apply)
    i.gattsc_context_load                    0x0001f3c8   Section        0  device_manager_peripheral.o(i.gattsc_context_load)
    gattsc_context_load                      0x0001f3c9   Thumb Code     8  device_manager_peripheral.o(i.gattsc_context_load)
    i.gattsc_context_store                   0x0001f3d0   Section        0  device_manager_peripheral.o(i.gattsc_context_store)
    gattsc_context_store                     0x0001f3d1   Thumb Code     8  device_manager_peripheral.o(i.gattsc_context_store)
    i.gpiote_event_handler                   0x0001f3d8   Section        0  app_button.o(i.gpiote_event_handler)
    gpiote_event_handler                     0x0001f3d9   Thumb Code    70  app_button.o(i.gpiote_event_handler)
    i.gpiote_uart_event_handler              0x0001f424   Section        0  app_uart_fifo.o(i.gpiote_uart_event_handler)
    gpiote_uart_event_handler                0x0001f425   Thumb Code    22  app_uart_fifo.o(i.gpiote_uart_event_handler)
    i.head_restore_state_run                 0x0001f43c   Section        0  pstorage.o(i.head_restore_state_run)
    head_restore_state_run                   0x0001f43d   Thumb Code   110  pstorage.o(i.head_restore_state_run)
    i.intern_softdevice_events_execute       0x0001f4b4   Section        0  softdevice_handler.o(i.intern_softdevice_events_execute)
    i.is_conn_params_ok                      0x0001f534   Section        0  ble_conn_params.o(i.is_conn_params_ok)
    is_conn_params_ok                        0x0001f535   Thumb Code    24  ble_conn_params.o(i.is_conn_params_ok)
    i.is_manual_peripheral_setup_needed      0x0001f550   Section        0  system_nrf51.o(i.is_manual_peripheral_setup_needed)
    is_manual_peripheral_setup_needed        0x0001f551   Thumb Code    66  system_nrf51.o(i.is_manual_peripheral_setup_needed)
    i.is_page_erase_required                 0x0001f598   Section        0  pstorage.o(i.is_page_erase_required)
    is_page_erase_required                   0x0001f599   Thumb Code    60  pstorage.o(i.is_page_erase_required)
    i.is_word_aligned                        0x0001f5dc   Section        0  pstorage.o(i.is_word_aligned)
    is_word_aligned                          0x0001f5dd   Thumb Code    12  pstorage.o(i.is_word_aligned)
    i.leds_timer_handler                     0x0001f5e8   Section        0  bsp.o(i.leds_timer_handler)
    leds_timer_handler                       0x0001f5e9   Thumb Code    18  bsp.o(i.leds_timer_handler)
    i.list_deletions_handler                 0x0001f600   Section        0  app_timer.o(i.list_deletions_handler)
    list_deletions_handler                   0x0001f601   Thumb Code   144  app_timer.o(i.list_deletions_handler)
    i.list_insertions_handler                0x0001f694   Section        0  app_timer.o(i.list_insertions_handler)
    list_insertions_handler                  0x0001f695   Thumb Code   230  app_timer.o(i.list_insertions_handler)
    i.main                                   0x0001f784   Section        0  main.o(i.main)
    i.main_state_err_busy_process            0x0001f890   Section        0  pstorage.o(i.main_state_err_busy_process)
    main_state_err_busy_process              0x0001f891   Thumb Code    20  pstorage.o(i.main_state_err_busy_process)
    i.manuf_specific_data_encode             0x0001f8a8   Section        0  ble_advdata.o(i.manuf_specific_data_encode)
    manuf_specific_data_encode               0x0001f8a9   Thumb Code   100  ble_advdata.o(i.manuf_specific_data_encode)
    i.name_encode                            0x0001f90c   Section        0  ble_advdata.o(i.name_encode)
    name_encode                              0x0001f90d   Thumb Code   106  ble_advdata.o(i.name_encode)
    i.no_service_context_apply               0x0001f976   Section        0  device_manager_peripheral.o(i.no_service_context_apply)
    no_service_context_apply                 0x0001f977   Thumb Code     4  device_manager_peripheral.o(i.no_service_context_apply)
    i.no_service_context_load                0x0001f97a   Section        0  device_manager_peripheral.o(i.no_service_context_load)
    no_service_context_load                  0x0001f97b   Thumb Code     4  device_manager_peripheral.o(i.no_service_context_load)
    i.no_service_context_store               0x0001f97e   Section        0  device_manager_peripheral.o(i.no_service_context_store)
    no_service_context_store                 0x0001f97f   Thumb Code     4  device_manager_peripheral.o(i.no_service_context_store)
    i.nrf_adc_configure                      0x0001f984   Section        0  nrf_adc.o(i.nrf_adc_configure)
    i.nrf_adc_input_select                   0x0001f9c4   Section        0  nrf_adc.o(i.nrf_adc_input_select)
    nrf_adc_input_select                     0x0001f9c5   Thumb Code    28  nrf_adc.o(i.nrf_adc_input_select)
    i.nrf_drv_common_irq_enable              0x0001f9e4   Section        0  nrf_drv_common.o(i.nrf_drv_common_irq_enable)
    i.nrf_drv_gpiote_in_event_enable         0x0001fa44   Section        0  nrf_drv_gpiote.o(i.nrf_drv_gpiote_in_event_enable)
    i.nrf_drv_gpiote_in_init                 0x0001fae4   Section        0  nrf_drv_gpiote.o(i.nrf_drv_gpiote_in_init)
    i.nrf_drv_gpiote_in_is_set               0x0001fb78   Section        0  nrf_drv_gpiote.o(i.nrf_drv_gpiote_in_is_set)
    i.nrf_drv_gpiote_init                    0x0001fb8c   Section        0  nrf_drv_gpiote.o(i.nrf_drv_gpiote_init)
    i.nrf_drv_gpiote_is_init                 0x0001fbe0   Section        0  nrf_drv_gpiote.o(i.nrf_drv_gpiote_is_init)
    i.nrf_drv_gpiote_out_init                0x0001fbf0   Section        0  nrf_drv_gpiote.o(i.nrf_drv_gpiote_out_init)
    i.nrf_gpio_cfg_sense_set                 0x0001fc88   Section        0  nrf_drv_gpiote.o(i.nrf_gpio_cfg_sense_set)
    nrf_gpio_cfg_sense_set                   0x0001fc89   Thumb Code    26  nrf_drv_gpiote.o(i.nrf_gpio_cfg_sense_set)
    i.nrf_gpiote_event_is_set                0x0001fca8   Section        0  nrf_drv_gpiote.o(i.nrf_gpiote_event_is_set)
    nrf_gpiote_event_is_set                  0x0001fca9   Thumb Code    14  nrf_drv_gpiote.o(i.nrf_gpiote_event_is_set)
    i.on_bas_evt                             0x0001fcbc   Section        0  main.o(i.on_bas_evt)
    on_bas_evt                               0x0001fcbd   Thumb Code    46  main.o(i.on_bas_evt)
    i.on_ble_evt                             0x0001fcf0   Section        0  main.o(i.on_ble_evt)
    on_ble_evt                               0x0001fcf1   Thumb Code   128  main.o(i.on_ble_evt)
    i.on_char_disc_resp                      0x0001fd74   Section        0  ble_ias_c.o(i.on_char_disc_resp)
    on_char_disc_resp                        0x0001fd75   Thumb Code    78  ble_ias_c.o(i.on_char_disc_resp)
    i.on_disconnect                          0x0001fdc8   Section        0  ble_lls.o(i.on_disconnect)
    on_disconnect                            0x0001fdc9   Thumb Code    74  ble_lls.o(i.on_disconnect)
    i.on_ias_c_evt                           0x0001fe68   Section        0  main.o(i.on_ias_c_evt)
    on_ias_c_evt                             0x0001fe69   Thumb Code    26  main.o(i.on_ias_c_evt)
    i.on_ias_evt                             0x0001fe88   Section        0  main.o(i.on_ias_evt)
    on_ias_evt                               0x0001fe89   Thumb Code    16  main.o(i.on_ias_evt)
    i.on_lls_evt                             0x0001fe98   Section        0  main.o(i.on_lls_evt)
    on_lls_evt                               0x0001fe99   Thumb Code    16  main.o(i.on_lls_evt)
    i.on_uart_event                          0x0001fea8   Section        0  app_uart_fifo.o(i.on_uart_event)
    on_uart_event                            0x0001fea9   Thumb Code   118  app_uart_fifo.o(i.on_uart_event)
    i.peer_instance_init                     0x0001ff30   Section        0  device_manager_peripheral.o(i.peer_instance_init)
    peer_instance_init                       0x0001ff31   Thumb Code    50  device_manager_peripheral.o(i.peer_instance_init)
    i.pin_in_use_by_port                     0x0001ff68   Section        0  nrf_drv_gpiote.o(i.pin_in_use_by_port)
    pin_in_use_by_port                       0x0001ff69   Thumb Code    20  nrf_drv_gpiote.o(i.pin_in_use_by_port)
    i.pin_in_use_by_te                       0x0001ff80   Section        0  nrf_drv_gpiote.o(i.pin_in_use_by_te)
    pin_in_use_by_te                         0x0001ff81   Thumb Code    20  nrf_drv_gpiote.o(i.pin_in_use_by_te)
    i.pstorage_access_status_get             0x0001ff98   Section        0  pstorage.o(i.pstorage_access_status_get)
    i.pstorage_block_identifier_get          0x0001ffc0   Section        0  pstorage.o(i.pstorage_block_identifier_get)
    i.pstorage_clear                         0x00020014   Section        0  pstorage.o(i.pstorage_clear)
    i.pstorage_flash_page_end                0x000200b8   Section        0  pstorage.o(i.pstorage_flash_page_end)
    pstorage_flash_page_end                  0x000200b9   Thumb Code    32  pstorage.o(i.pstorage_flash_page_end)
    i.pstorage_flash_page_size               0x000200dc   Section        0  pstorage.o(i.pstorage_flash_page_size)
    pstorage_flash_page_size                 0x000200dd   Thumb Code    10  pstorage.o(i.pstorage_flash_page_size)
    i.pstorage_init                          0x000200e8   Section        0  pstorage.o(i.pstorage_init)
    i.pstorage_load                          0x00020134   Section        0  pstorage.o(i.pstorage_load)
    i.pstorage_register                      0x000201dc   Section        0  pstorage.o(i.pstorage_register)
    i.pstorage_store                         0x00020290   Section        0  pstorage.o(i.pstorage_store)
    i.pstorage_sys_event_handler             0x00020320   Section        0  pstorage.o(i.pstorage_sys_event_handler)
    i.pstorage_update                        0x0002036c   Section        0  pstorage.o(i.pstorage_update)
    i.rtc1_stop                              0x000203fc   Section        0  app_timer.o(i.rtc1_stop)
    rtc1_stop                                0x000203fd   Thumb Code    50  app_timer.o(i.rtc1_stop)
    i.service_data_encode                    0x00020440   Section        0  ble_advdata.o(i.service_data_encode)
    service_data_encode                      0x00020441   Thumb Code   124  ble_advdata.o(i.service_data_encode)
    i.service_error_handler                  0x000204bc   Section        0  main.o(i.service_error_handler)
    service_error_handler                    0x000204bd   Thumb Code    12  main.o(i.service_error_handler)
    i.services_init                          0x000204c8   Section        0  main.o(i.services_init)
    services_init                            0x000204c9   Thumb Code   168  main.o(i.services_init)
    i.sleep_mode_enter                       0x00020588   Section        0  main.o(i.sleep_mode_enter)
    sleep_mode_enter                         0x00020589   Thumb Code    52  main.o(i.sleep_mode_enter)
    i.sm_state_change                        0x000205bc   Section        0  pstorage.o(i.sm_state_change)
    sm_state_change                          0x000205bd   Thumb Code    62  pstorage.o(i.sm_state_change)
    i.softdevice_assertion_handler           0x00020604   Section        0  softdevice_handler.o(i.softdevice_assertion_handler)
    i.softdevice_ble_evt_handler_set         0x00020610   Section        0  softdevice_handler.o(i.softdevice_ble_evt_handler_set)
    i.softdevice_handler_init                0x00020624   Section        0  softdevice_handler.o(i.softdevice_handler_init)
    i.softdevice_sys_evt_handler_set         0x00020654   Section        0  softdevice_handler.o(i.softdevice_sys_evt_handler_set)
    i.state_data_erase_swap_entry_run        0x00020668   Section        0  pstorage.o(i.state_data_erase_swap_entry_run)
    state_data_erase_swap_entry_run          0x00020669   Thumb Code    92  pstorage.o(i.state_data_erase_swap_entry_run)
    i.state_erase_data_page_entry_run        0x000206cc   Section        0  pstorage.o(i.state_erase_data_page_entry_run)
    state_erase_data_page_entry_run          0x000206cd   Thumb Code    12  pstorage.o(i.state_erase_data_page_entry_run)
    i.state_restore_head_entry_run           0x000206dc   Section        0  pstorage.o(i.state_restore_head_entry_run)
    state_restore_head_entry_run             0x000206dd   Thumb Code    36  pstorage.o(i.state_restore_head_entry_run)
    i.state_restore_tail_entry_run           0x00020704   Section        0  pstorage.o(i.state_restore_tail_entry_run)
    state_restore_tail_entry_run             0x00020705   Thumb Code    66  pstorage.o(i.state_restore_tail_entry_run)
    i.state_swap_erase_entry_run             0x00020750   Section        0  pstorage.o(i.state_swap_erase_entry_run)
    state_swap_erase_entry_run               0x00020751   Thumb Code    32  pstorage.o(i.state_swap_erase_entry_run)
    i.state_write_data_swap_entry_run        0x00020770   Section        0  pstorage.o(i.state_write_data_swap_entry_run)
    state_write_data_swap_entry_run          0x00020771   Thumb Code    42  pstorage.o(i.state_write_data_swap_entry_run)
    i.storage_operation_dummy_handler        0x000207a0   Section        0  device_manager_peripheral.o(i.storage_operation_dummy_handler)
    storage_operation_dummy_handler          0x000207a1   Thumb Code     4  device_manager_peripheral.o(i.storage_operation_dummy_handler)
    i.store_cmd_flash_write_execute          0x000207a4   Section        0  pstorage.o(i.store_cmd_flash_write_execute)
    store_cmd_flash_write_execute            0x000207a5   Thumb Code    82  pstorage.o(i.store_cmd_flash_write_execute)
    i.swap_erase_state_run                   0x00020800   Section        0  pstorage.o(i.swap_erase_state_run)
    swap_erase_state_run                     0x00020801   Thumb Code    24  pstorage.o(i.swap_erase_state_run)
    i.swap_sub_state_err_busy_process        0x0002081c   Section        0  pstorage.o(i.swap_sub_state_err_busy_process)
    swap_sub_state_err_busy_process          0x0002081d   Thumb Code    20  pstorage.o(i.swap_sub_state_err_busy_process)
    i.swap_sub_state_state_change            0x00020834   Section        0  pstorage.o(i.swap_sub_state_state_change)
    swap_sub_state_state_change              0x00020835   Thumb Code    12  pstorage.o(i.swap_sub_state_state_change)
    i.sys_evt_dispatch                       0x00020848   Section        0  main.o(i.sys_evt_dispatch)
    sys_evt_dispatch                         0x00020849   Thumb Code    34  main.o(i.sys_evt_dispatch)
    i.tail_restore_state_run                 0x00020870   Section        0  pstorage.o(i.tail_restore_state_run)
    tail_restore_state_run                   0x00020871   Thumb Code    22  pstorage.o(i.tail_restore_state_run)
    i.timer_list_handler_sched               0x0002088c   Section        0  app_timer.o(i.timer_list_handler_sched)
    timer_list_handler_sched                 0x0002088d   Thumb Code    10  app_timer.o(i.timer_list_handler_sched)
    i.timer_list_insert                      0x0002089c   Section        0  app_timer.o(i.timer_list_insert)
    timer_list_insert                        0x0002089d   Thumb Code    94  app_timer.o(i.timer_list_insert)
    i.timer_list_remove                      0x00020900   Section        0  app_timer.o(i.timer_list_remove)
    timer_list_remove                        0x00020901   Thumb Code   104  app_timer.o(i.timer_list_remove)
    i.timer_timeouts_check                   0x00020970   Section        0  app_timer.o(i.timer_timeouts_check)
    timer_timeouts_check                     0x00020971   Thumb Code   120  app_timer.o(i.timer_timeouts_check)
    i.tx_power_level_char_add                0x000209f0   Section        0  ble_tps.o(i.tx_power_level_char_add)
    tx_power_level_char_add                  0x000209f1   Thumb Code   134  ble_tps.o(i.tx_power_level_char_add)
    i.uart_error_handle                      0x00020a7c   Section        0  app_trace.o(i.uart_error_handle)
    i.uint16_encode                          0x00020a94   Section        0  ble_advdata.o(i.uint16_encode)
    uint16_encode                            0x00020a95   Thumb Code    10  ble_advdata.o(i.uint16_encode)
    i.update_status_bit_reset                0x00020aa0   Section        0  device_manager_peripheral.o(i.update_status_bit_reset)
    update_status_bit_reset                  0x00020aa1   Thumb Code    14  device_manager_peripheral.o(i.update_status_bit_reset)
    i.update_timeout_handler                 0x00020ab4   Section        0  ble_conn_params.o(i.update_timeout_handler)
    update_timeout_handler                   0x00020ab5   Thumb Code    86  ble_conn_params.o(i.update_timeout_handler)
    i.user_id_get                            0x00020b18   Section        0  app_timer.o(i.user_id_get)
    user_id_get                              0x00020b19   Thumb Code    74  app_timer.o(i.user_id_get)
    i.user_op_alloc                          0x00020b6c   Section        0  app_timer.o(i.user_op_alloc)
    user_op_alloc                            0x00020b6d   Thumb Code    36  app_timer.o(i.user_op_alloc)
    i.uuid_list_encode                       0x00020b90   Section        0  ble_advdata.o(i.uuid_list_encode)
    uuid_list_encode                         0x00020b91   Thumb Code    38  ble_advdata.o(i.uuid_list_encode)
    i.uuid_list_sized_encode                 0x00020bb6   Section        0  ble_advdata.o(i.uuid_list_sized_encode)
    uuid_list_sized_encode                   0x00020bb7   Thumb Code   162  ble_advdata.o(i.uuid_list_sized_encode)
    .constdata                               0x00020c58   Section       20  main.o(.constdata)
    .constdata                               0x00020c6c   Section       48  bsp.o(.constdata)
    m_buttons_list                           0x00020c6c   Data          16  bsp.o(.constdata)
    app_buttons                              0x00020c7c   Data          32  bsp.o(.constdata)
    .constdata                               0x00020c9c   Section       48  device_manager_peripheral.o(.constdata)
    .constdata                               0x00020ccc   Section        8  app_uart_fifo.o(.constdata)
    .constdata                               0x00020cd4   Section       40  pstorage.o(.constdata)
    swap_sub_state_sm_lut                    0x00020cd4   Data          20  pstorage.o(.constdata)
    swap_sub_state_sm_lut                    0x00020ce8   Data          20  pstorage.o(.constdata)
    .constdata                               0x00020cfc   Section        4  app_button.o(.constdata)
    .constdata                               0x00020d00   Section       12  app_trace.o(.constdata)
    .data                                    0x20002800   Section       12  main.o(.data)
    m_is_ias_present                         0x20002800   Data           1  main.o(.data)
    m_memory_access_in_progress              0x20002801   Data           1  main.o(.data)
    m_advertising_mode                       0x20002802   Data           1  main.o(.data)
    m_is_high_alert_signalled                0x20002803   Data           1  main.o(.data)
    m_app_handle                             0x20002804   Data           1  main.o(.data)
    m_conn_handle                            0x20002806   Data           2  main.o(.data)
    m_battery_timer_id                       0x20002808   Data           4  main.o(.data)
    .data                                    0x2000280c   Section       32  bsp.o(.data)
    m_stable_state                           0x2000280c   Data           1  bsp.o(.data)
    current_long_push_pin_no                 0x2000280d   Data           1  bsp.o(.data)
    m_app_ticks_per_100ms                    0x20002810   Data           4  bsp.o(.data)
    m_indication_type                        0x20002814   Data           4  bsp.o(.data)
    m_registered_callback                    0x20002818   Data           4  bsp.o(.data)
    release_event_at_push                    0x2000281c   Data           4  bsp.o(.data)
    m_leds_timer_id                          0x20002820   Data           4  bsp.o(.data)
    m_alert_timer_id                         0x20002824   Data           4  bsp.o(.data)
    m_button_timer_id                        0x20002828   Data           4  bsp.o(.data)
    .data                                    0x2000282c   Section        8  bsp_btn_ble.o(.data)
    m_error_handler                          0x2000282c   Data           4  bsp_btn_ble.o(.data)
    m_num_connections                        0x20002830   Data           4  bsp_btn_ble.o(.data)
    .data                                    0x20002834   Section       24  ble_conn_params.o(.data)
    m_change_param                           0x20002834   Data           1  ble_conn_params.o(.data)
    m_update_count                           0x20002835   Data           1  ble_conn_params.o(.data)
    m_conn_handle                            0x20002836   Data           2  ble_conn_params.o(.data)
    m_conn_params_timer_id                   0x20002838   Data           4  ble_conn_params.o(.data)
    m_preferred_conn_params                  0x2000283c   Data           8  ble_conn_params.o(.data)
    m_current_conn_params                    0x20002844   Data           8  ble_conn_params.o(.data)
    .data                                    0x2000284c   Section        4  ble_ias_c.o(.data)
    m_alert_level_uuid                       0x2000284c   Data           4  ble_ias_c.o(.data)
    .data                                    0x20002850   Section       24  device_manager_peripheral.o(.data)
    m_module_initialized                     0x20002850   Data           1  device_manager_peripheral.o(.data)
    m_peer_addr_update                       0x20002854   Data           4  device_manager_peripheral.o(.data)
    m_irk_index_table                        0x20002858   Data           7  device_manager_peripheral.o(.data)
    m_storage_handle                         0x20002860   Data           8  device_manager_peripheral.o(.data)
    .data                                    0x20002868   Section        8  app_uart_fifo.o(.data)
    m_instance_counter                       0x20002868   Data           1  app_uart_fifo.o(.data)
    m_current_state                          0x20002869   Data           1  app_uart_fifo.o(.data)
    m_event_handler                          0x2000286c   Data           4  app_uart_fifo.o(.data)
    .data                                    0x20002870   Section       36  pstorage.o(.data)
    m_state                                  0x20002870   Data           1  pstorage.o(.data)
    m_swap_sub_state                         0x20002871   Data           1  pstorage.o(.data)
    m_next_app_instance                      0x20002872   Data           2  pstorage.o(.data)
    m_flags                                  0x20002874   Data           4  pstorage.o(.data)
    m_next_page_addr                         0x20002878   Data           4  pstorage.o(.data)
    m_head_word_size                         0x2000287c   Data           4  pstorage.o(.data)
    m_tail_word_size                         0x20002880   Data           4  pstorage.o(.data)
    m_current_page_id                        0x20002884   Data           4  pstorage.o(.data)
    m_num_of_command_retries                 0x20002888   Data           4  pstorage.o(.data)
    m_num_of_bytes_written                   0x2000288c   Data           4  pstorage.o(.data)
    m_app_data_size                          0x20002890   Data           4  pstorage.o(.data)
    .data                                    0x20002894   Section       24  app_button.o(.data)
    m_button_count                           0x20002894   Data           1  app_button.o(.data)
    mp_buttons                               0x20002898   Data           4  app_button.o(.data)
    m_detection_delay                        0x2000289c   Data           4  app_button.o(.data)
    m_detection_delay_timer_id               0x200028a0   Data           4  app_button.o(.data)
    m_pin_state                              0x200028a4   Data           4  app_button.o(.data)
    m_pin_transition                         0x200028a8   Data           4  app_button.o(.data)
    .data                                    0x200028ac   Section       36  app_timer.o(.data)
    m_node_array_size                        0x200028ac   Data           1  app_timer.o(.data)
    m_user_array_size                        0x200028ad   Data           1  app_timer.o(.data)
    m_ticks_elapsed_q_read_ind               0x200028ae   Data           1  app_timer.o(.data)
    m_ticks_elapsed_q_write_ind              0x200028af   Data           1  app_timer.o(.data)
    m_rtc1_running                           0x200028b0   Data           1  app_timer.o(.data)
    m_rtc1_reset                             0x200028b1   Data           1  app_timer.o(.data)
    mp_nodes                                 0x200028b4   Data           4  app_timer.o(.data)
    mp_users                                 0x200028b8   Data           4  app_timer.o(.data)
    m_timer_id_head                          0x200028bc   Data           4  app_timer.o(.data)
    m_ticks_latest                           0x200028c0   Data           4  app_timer.o(.data)
    m_evt_schedule_func                      0x200028c4   Data           4  app_timer.o(.data)
    m_ticks_elapsed                          0x200028c8   Data           8  app_timer.o(.data)
    .data                                    0x200028d0   Section        1  app_trace.o(.data)
    rx_buf                                   0x200028d0   Data           1  app_trace.o(.data)
    .data                                    0x200028d4   Section        4  retarget.o(.data)
    .data                                    0x200028d8   Section       20  softdevice_handler.o(.data)
    m_softdevice_enabled                     0x200028d8   Data           1  softdevice_handler.o(.data)
    m_ble_evt_buffer_size                    0x200028da   Data           2  softdevice_handler.o(.data)
    m_evt_schedule_func                      0x200028dc   Data           4  softdevice_handler.o(.data)
    mp_ble_evt_buffer                        0x200028e0   Data           4  softdevice_handler.o(.data)
    m_ble_evt_handler                        0x200028e4   Data           4  softdevice_handler.o(.data)
    m_sys_evt_handler                        0x200028e8   Data           4  softdevice_handler.o(.data)
    .data                                    0x200028ec   Section        4  system_nrf51.o(.data)
    __tagsym$$used                           0x200028ec   Number         0  system_nrf51.o(.data)
    .bss                                     0x200028f0   Section      996  main.o(.bss)
    APP_TIMER_BUF                            0x200028f0   Data         840  main.o(.bss)
    BLE_EVT_BUFFER                           0x20002c38   Data          72  main.o(.bss)
    m_tps                                    0x20002c80   Data          12  main.o(.bss)
    m_ias                                    0x20002c8c   Data          16  main.o(.bss)
    m_lls                                    0x20002c9c   Data          20  main.o(.bss)
    m_bas                                    0x20002cb0   Data          24  main.o(.bss)
    m_ias_c                                  0x20002cc8   Data          12  main.o(.bss)
    .bss                                     0x20002cd4   Section       12  bsp.o(.bss)
    m_events_list                            0x20002cd4   Data          12  bsp.o(.bss)
    .bss                                     0x20002ce0   Section       28  ble_conn_params.o(.bss)
    m_conn_params_config                     0x20002ce0   Data          28  ble_conn_params.o(.bss)
    .bss                                     0x20002cfc   Section      287  device_manager_peripheral.o(.bss)
    m_peer_table                             0x20002cfc   Data         196  device_manager_peripheral.o(.bss)
    m_bond_table                             0x20002dc0   Data          28  device_manager_peripheral.o(.bss)
    m_gatts_table                            0x20002ddc   Data          16  device_manager_peripheral.o(.bss)
    m_connection_table                       0x20002dec   Data          12  device_manager_peripheral.o(.bss)
    m_application_table                      0x20002df8   Data          12  device_manager_peripheral.o(.bss)
    m_local_id_info                          0x20002e04   Data          23  device_manager_peripheral.o(.bss)
    .bss                                     0x20002e1c   Section       32  app_uart_fifo.o(.bss)
    m_rx_fifo                                0x20002e1c   Data          16  app_uart_fifo.o(.bss)
    m_tx_fifo                                0x20002e2c   Data          16  app_uart_fifo.o(.bss)
    .bss                                     0x20002e3c   Section       80  nrf_drv_gpiote.o(.bss)
    m_cb                                     0x20002e3c   Data          80  nrf_drv_gpiote.o(.bss)
    .bss                                     0x20002e8c   Section      216  pstorage.o(.bss)
    m_cmd_queue                              0x20002e8c   Data         204  pstorage.o(.bss)
    m_app_table                              0x20002f58   Data          12  pstorage.o(.bss)
    .bss                                     0x20002f64   Section     1024  app_trace.o(.bss)
    tx_buf                                   0x20002f64   Data        1024  app_trace.o(.bss)
    STACK                                    0x20003368   Section     2048  arm_startup_nrf51.o(STACK)

    Global Symbols

    Symbol Name                              Value     Ov Type        Size  Object(Section)

    BuildAttributes$$THM_ISAv3M$S$PE$A:L22$X:L11$S22$IEEE1$IW$USESV6$~STKCKD$USESV7$~SHL$OSPACE$ROPI$EBA8$MICROLIB$REQ8$PRES8$EABIv2 0x00000000   Number         0  anon$$obj.o ABSOLUTE
    __ARM_use_no_argv                        0x00000000   Number         0  main.o ABSOLUTE
    _printf_a                                0x00000000   Number         0  stubs.o ABSOLUTE
    _printf_c                                0x00000000   Number         0  stubs.o ABSOLUTE
    _printf_charcount                        0x00000000   Number         0  stubs.o ABSOLUTE
    _printf_d                                0x00000000   Number         0  stubs.o ABSOLUTE
    _printf_e                                0x00000000   Number         0  stubs.o ABSOLUTE
    _printf_f                                0x00000000   Number         0  stubs.o ABSOLUTE
    _printf_flags                            0x00000000   Number         0  stubs.o ABSOLUTE
    _printf_fp_dec                           0x00000000   Number         0  stubs.o ABSOLUTE
    _printf_fp_hex                           0x00000000   Number         0  stubs.o ABSOLUTE
    _printf_g                                0x00000000   Number         0  stubs.o ABSOLUTE
    _printf_i                                0x00000000   Number         0  stubs.o ABSOLUTE
    _printf_int_dec                          0x00000000   Number         0  stubs.o ABSOLUTE
    _printf_l                                0x00000000   Number         0  stubs.o ABSOLUTE
    _printf_lc                               0x00000000   Number         0  stubs.o ABSOLUTE
    _printf_ll                               0x00000000   Number         0  stubs.o ABSOLUTE
    _printf_lld                              0x00000000   Number         0  stubs.o ABSOLUTE
    _printf_lli                              0x00000000   Number         0  stubs.o ABSOLUTE
    _printf_llo                              0x00000000   Number         0  stubs.o ABSOLUTE
    _printf_llu                              0x00000000   Number         0  stubs.o ABSOLUTE
    _printf_llx                              0x00000000   Number         0  stubs.o ABSOLUTE
    _printf_longlong_dec                     0x00000000   Number         0  stubs.o ABSOLUTE
    _printf_longlong_hex                     0x00000000   Number         0  stubs.o ABSOLUTE
    _printf_longlong_oct                     0x00000000   Number         0  stubs.o ABSOLUTE
    _printf_ls                               0x00000000   Number         0  stubs.o ABSOLUTE
    _printf_mbtowc                           0x00000000   Number         0  stubs.o ABSOLUTE
    _printf_n                                0x00000000   Number         0  stubs.o ABSOLUTE
    _printf_o                                0x00000000   Number         0  stubs.o ABSOLUTE
    _printf_p                                0x00000000   Number         0  stubs.o ABSOLUTE
    _printf_percent                          0x00000000   Number         0  stubs.o ABSOLUTE
    _printf_pre_padding                      0x00000000   Number         0  stubs.o ABSOLUTE
    _printf_return_value                     0x00000000   Number         0  stubs.o ABSOLUTE
    _printf_s                                0x00000000   Number         0  stubs.o ABSOLUTE
    _printf_sizespec                         0x00000000   Number         0  stubs.o ABSOLUTE
    _printf_str                              0x00000000   Number         0  stubs.o ABSOLUTE
    _printf_truncate_signed                  0x00000000   Number         0  stubs.o ABSOLUTE
    _printf_truncate_unsigned                0x00000000   Number         0  stubs.o ABSOLUTE
    _printf_u                                0x00000000   Number         0  stubs.o ABSOLUTE
    _printf_wc                               0x00000000   Number         0  stubs.o ABSOLUTE
    _printf_wctomb                           0x00000000   Number         0  stubs.o ABSOLUTE
    _printf_widthprec                        0x00000000   Number         0  stubs.o ABSOLUTE
    _printf_x                                0x00000000   Number         0  stubs.o ABSOLUTE
    __cpp_initialize__aeabi_                  - Undefined Weak Reference
    __cxa_finalize                            - Undefined Weak Reference
    __decompress                              - Undefined Weak Reference
    _clock_init                               - Undefined Weak Reference
    _microlib_exit                            - Undefined Weak Reference
    __Vectors_Size                           0x000000c0   Number         0  arm_startup_nrf51.o ABSOLUTE
    __Vectors                                0x0001c000   Data           4  arm_startup_nrf51.o(RESET)
    __Vectors_End                            0x0001c0c0   Data           0  arm_startup_nrf51.o(RESET)
    __main                                   0x0001c0c1   Thumb Code     0  entry.o(.ARM.Collect$$$$00000000)
    _main_stk                                0x0001c0c1   Thumb Code     0  entry2.o(.ARM.Collect$$$$00000001)
    _main_scatterload                        0x0001c0c5   Thumb Code     0  entry5.o(.ARM.Collect$$$$00000004)
    __main_after_scatterload                 0x0001c0c9   Thumb Code     0  entry5.o(.ARM.Collect$$$$00000004)
    _main_clock                              0x0001c0c9   Thumb Code     0  entry7b.o(.ARM.Collect$$$$00000008)
    _main_cpp_init                           0x0001c0c9   Thumb Code     0  entry8b.o(.ARM.Collect$$$$0000000A)
    _main_init                               0x0001c0c9   Thumb Code     0  entry9a.o(.ARM.Collect$$$$0000000B)
    __rt_final_cpp                           0x0001c0d1   Thumb Code     0  entry10a.o(.ARM.Collect$$$$0000000D)
    __rt_final_exit                          0x0001c0d1   Thumb Code     0  entry11a.o(.ARM.Collect$$$$0000000F)
    __asm___11_app_timer_c_cd27f9c3__nrf_delay_us 0x0001c0d5   Thumb Code    30  app_timer.o(.emb_text)
    Reset_Handler                            0x0001c0f5   Thumb Code    26  arm_startup_nrf51.o(.text)
    NMI_Handler                              0x0001c10f   Thumb Code     2  arm_startup_nrf51.o(.text)
    HardFault_Handler                        0x0001c111   Thumb Code     2  arm_startup_nrf51.o(.text)
    SVC_Handler                              0x0001c113   Thumb Code     2  arm_startup_nrf51.o(.text)
    PendSV_Handler                           0x0001c115   Thumb Code     2  arm_startup_nrf51.o(.text)
    SysTick_Handler                          0x0001c117   Thumb Code     2  arm_startup_nrf51.o(.text)
    CCM_AAR_IRQHandler                       0x0001c119   Thumb Code     0  arm_startup_nrf51.o(.text)
    ECB_IRQHandler                           0x0001c119   Thumb Code     0  arm_startup_nrf51.o(.text)
    LPCOMP_IRQHandler                        0x0001c119   Thumb Code     0  arm_startup_nrf51.o(.text)
    POWER_CLOCK_IRQHandler                   0x0001c119   Thumb Code     0  arm_startup_nrf51.o(.text)
    QDEC_IRQHandler                          0x0001c119   Thumb Code     0  arm_startup_nrf51.o(.text)
    RADIO_IRQHandler                         0x0001c119   Thumb Code     0  arm_startup_nrf51.o(.text)
    RNG_IRQHandler                           0x0001c119   Thumb Code     0  arm_startup_nrf51.o(.text)
    RTC0_IRQHandler                          0x0001c119   Thumb Code     0  arm_startup_nrf51.o(.text)
    SPI0_TWI0_IRQHandler                     0x0001c119   Thumb Code     0  arm_startup_nrf51.o(.text)
    SPI1_TWI1_IRQHandler                     0x0001c119   Thumb Code     0  arm_startup_nrf51.o(.text)
    SWI1_IRQHandler                          0x0001c119   Thumb Code     0  arm_startup_nrf51.o(.text)
    SWI3_IRQHandler                          0x0001c119   Thumb Code     0  arm_startup_nrf51.o(.text)
    SWI4_IRQHandler                          0x0001c119   Thumb Code     0  arm_startup_nrf51.o(.text)
    SWI5_IRQHandler                          0x0001c119   Thumb Code     0  arm_startup_nrf51.o(.text)
    TEMP_IRQHandler                          0x0001c119   Thumb Code     0  arm_startup_nrf51.o(.text)
    TIMER0_IRQHandler                        0x0001c119   Thumb Code     0  arm_startup_nrf51.o(.text)
    TIMER1_IRQHandler                        0x0001c119   Thumb Code     0  arm_startup_nrf51.o(.text)
    TIMER2_IRQHandler                        0x0001c119   Thumb Code     0  arm_startup_nrf51.o(.text)
    WDT_IRQHandler                           0x0001c119   Thumb Code     0  arm_startup_nrf51.o(.text)
    __aeabi_uidiv                            0x0001c12d   Thumb Code     0  uidiv.o(.text)
    __aeabi_uidivmod                         0x0001c12d   Thumb Code    44  uidiv.o(.text)
    __aeabi_idiv                             0x0001c159   Thumb Code     0  idiv.o(.text)
    __aeabi_idivmod                          0x0001c159   Thumb Code    40  idiv.o(.text)
    __aeabi_memcpy                           0x0001c181   Thumb Code    36  memcpya.o(.text)
    __aeabi_memcpy4                          0x0001c181   Thumb Code     0  memcpya.o(.text)
    __aeabi_memcpy8                          0x0001c181   Thumb Code     0  memcpya.o(.text)
    __aeabi_memset                           0x0001c1a5   Thumb Code    14  memseta.o(.text)
    __aeabi_memset4                          0x0001c1a5   Thumb Code     0  memseta.o(.text)
    __aeabi_memset8                          0x0001c1a5   Thumb Code     0  memseta.o(.text)
    __aeabi_memclr                           0x0001c1b3   Thumb Code     4  memseta.o(.text)
    __aeabi_memclr4                          0x0001c1b3   Thumb Code     0  memseta.o(.text)
    __aeabi_memclr8                          0x0001c1b3   Thumb Code     0  memseta.o(.text)
    _memset$wrapper                          0x0001c1b7   Thumb Code    18  memseta.o(.text)
    memcmp                                   0x0001c1c9   Thumb Code    26  memcmp.o(.text)
    __aeabi_uldivmod                         0x0001c1e3   Thumb Code    96  uldiv.o(.text)
    __scatterload                            0x0001c245   Thumb Code    28  init.o(.text)
    __scatterload_rt2                        0x0001c245   Thumb Code     0  init.o(.text)
    __aeabi_llsl                             0x0001c269   Thumb Code    32  llshl.o(.text)
    _ll_shift_l                              0x0001c269   Thumb Code     0  llshl.o(.text)
    __aeabi_llsr                             0x0001c289   Thumb Code    34  llushr.o(.text)
    _ll_ushift_r                             0x0001c289   Thumb Code     0  llushr.o(.text)
    ADC_IRQHandler                           0x0001c2ad   Thumb Code    84  main.o(i.ADC_IRQHandler)
    GPIOTE_IRQHandler                        0x0001c315   Thumb Code   234  nrf_drv_gpiote.o(i.GPIOTE_IRQHandler)
    RTC1_IRQHandler                          0x0001c461   Thumb Code    28  app_timer.o(i.RTC1_IRQHandler)
    SWI0_IRQHandler                          0x0001c481   Thumb Code    78  app_timer.o(i.SWI0_IRQHandler)
    SWI2_IRQHandler                          0x0001c4d5   Thumb Code    32  softdevice_handler.o(i.SWI2_IRQHandler)
    SystemInit                               0x0001c4f9   Thumb Code    64  system_nrf51.o(i.SystemInit)
    UART0_IRQHandler                         0x0001c54d   Thumb Code   110  app_uart_fifo.o(i.UART0_IRQHandler)
    __0printf$8                              0x0001c5cd   Thumb Code    24  printf8.o(i.__0printf$8)
    __1printf$8                              0x0001c5cd   Thumb Code     0  printf8.o(i.__0printf$8)
    __2printf                                0x0001c5cd   Thumb Code     0  printf8.o(i.__0printf$8)
    __ARM_common_switch8                     0x0001c5ed   Thumb Code    26  bsp.o(i.__ARM_common_switch8)
    __scatterload_copy                       0x0001c607   Thumb Code    14  handlers.o(i.__scatterload_copy)
    __scatterload_null                       0x0001c615   Thumb Code     2  handlers.o(i.__scatterload_null)
    __scatterload_zeroinit                   0x0001c617   Thumb Code    14  handlers.o(i.__scatterload_zeroinit)
    action_tx_stop                           0x0001cae5   Thumb Code    26  app_uart_fifo.o(i.action_tx_stop)
    app_button_enable                        0x0001cfb5   Thumb Code    32  app_button.o(i.app_button_enable)
    app_button_init                          0x0001cfd9   Thumb Code   102  app_button.o(i.app_button_init)
    app_error_handler                        0x0001d051   Thumb Code    18  app_error.o(i.app_error_handler)
    app_fifo_get                             0x0001d079   Thumb Code    34  app_fifo.o(i.app_fifo_get)
    app_fifo_init                            0x0001d09b   Thumb Code    36  app_fifo.o(i.app_fifo_init)
    app_fifo_put                             0x0001d0bf   Thumb Code    34  app_fifo.o(i.app_fifo_put)
    app_timer_create                         0x0001d12d   Thumb Code    72  app_timer.o(i.app_timer_create)
    app_timer_init                           0x0001d179   Thumb Code   164  app_timer.o(i.app_timer_init)
    app_timer_start                          0x0001d22d   Thumb Code   122  app_timer.o(i.app_timer_start)
    app_timer_stop                           0x0001d2b1   Thumb Code    82  app_timer.o(i.app_timer_stop)
    app_trace_init                           0x0001d309   Thumb Code    56  app_trace.o(i.app_trace_init)
    app_uart_init                            0x0001d351   Thumb Code   354  app_uart_fifo.o(i.app_uart_init)
    app_uart_put                             0x0001d4e5   Thumb Code    22  app_uart_fifo.o(i.app_uart_put)
    ble_advdata_set                          0x0001d731   Thumb Code    90  ble_advdata.o(i.ble_advdata_set)
    ble_bas_battery_level_update             0x0001d78d   Thumb Code   102  ble_bas.o(i.ble_bas_battery_level_update)
    ble_bas_init                             0x0001d7f9   Thumb Code    56  ble_bas.o(i.ble_bas_init)
    ble_bas_on_ble_evt                       0x0001d835   Thumb Code    86  ble_bas.o(i.ble_bas_on_ble_evt)
    ble_conn_params_init                     0x0001d88d   Thumb Code    72  ble_conn_params.o(i.ble_conn_params_init)
    ble_conn_params_on_ble_evt               0x0001d8e1   Thumb Code   134  ble_conn_params.o(i.ble_conn_params_on_ble_evt)
    ble_ias_c_init                           0x0001d9c1   Thumb Code    40  ble_ias_c.o(i.ble_ias_c_init)
    ble_ias_c_on_ble_evt                     0x0001d9f1   Thumb Code   128  ble_ias_c.o(i.ble_ias_c_on_ble_evt)
    ble_ias_c_send_alert_level               0x0001da75   Thumb Code    48  ble_ias_c.o(i.ble_ias_c_send_alert_level)
    ble_ias_init                             0x0001daa5   Thumb Code    46  ble_ias.o(i.ble_ias_init)
    ble_ias_on_ble_evt                       0x0001dad9   Thumb Code    52  ble_ias.o(i.ble_ias_on_ble_evt)
    ble_lls_alert_level_get                  0x0001db0d   Thumb Code    26  ble_lls.o(i.ble_lls_alert_level_get)
    ble_lls_init                             0x0001db29   Thumb Code    56  ble_lls.o(i.ble_lls_init)
    ble_lls_on_ble_evt                       0x0001db65   Thumb Code    48  ble_lls.o(i.ble_lls_on_ble_evt)
    ble_srv_report_ref_encode                0x0001db95   Thumb Code    12  ble_srv_common.o(i.ble_srv_report_ref_encode)
    ble_tps_init                             0x0001dc09   Thumb Code    38  ble_tps.o(i.ble_tps_init)
    ble_tps_on_ble_evt                       0x0001dc35   Thumb Code    12  ble_tps.o(i.ble_tps_on_ble_evt)
    bond_data_load                           0x0001dc41   Thumb Code    58  device_manager_peripheral.o(i.bond_data_load)
    bsp_btn_ble_init                         0x0001dc89   Thumb Code    80  bsp_btn_ble.o(i.bsp_btn_ble_init)
    bsp_btn_ble_on_ble_evt                   0x0001dcdd   Thumb Code   114  bsp_btn_ble.o(i.bsp_btn_ble_on_ble_evt)
    bsp_btn_ble_sleep_mode_prepare           0x0001dd55   Thumb Code    20  bsp_btn_ble.o(i.bsp_btn_ble_sleep_mode_prepare)
    bsp_button_is_pressed                    0x0001de05   Thumb Code    34  bsp.o(i.bsp_button_is_pressed)
    bsp_event_to_button_action_assign        0x0001deb5   Thumb Code    66  bsp.o(i.bsp_event_to_button_action_assign)
    bsp_indication_set                       0x0001defd   Thumb Code    22  bsp.o(i.bsp_indication_set)
    bsp_init                                 0x0001df19   Thumb Code   134  bsp.o(i.bsp_init)
    bsp_wakeup_buttons_set                   0x0001e1a9   Thumb Code    50  bsp.o(i.bsp_wakeup_buttons_set)
    dm_ble_evt_handler                       0x0001e935   Thumb Code   940  device_manager_peripheral.o(i.dm_ble_evt_handler)
    dm_handle_initialize                     0x0001ecf1   Thumb Code    22  device_manager_peripheral.o(i.dm_handle_initialize)
    dm_init                                  0x0001ed0d   Thumb Code   178  device_manager_peripheral.o(i.dm_init)
    dm_register                              0x0001ef31   Thumb Code   104  device_manager_peripheral.o(i.dm_register)
    dm_whitelist_create                      0x0001efa5   Thumb Code   168  device_manager_peripheral.o(i.dm_whitelist_create)
    fputc                                    0x0001f1a5   Thumb Code    14  retarget.o(i.fputc)
    intern_softdevice_events_execute         0x0001f4b5   Thumb Code   124  softdevice_handler.o(i.intern_softdevice_events_execute)
    main                                     0x0001f785   Thumb Code   230  main.o(i.main)
    nrf_adc_configure                        0x0001f985   Thumb Code    60  nrf_adc.o(i.nrf_adc_configure)
    nrf_drv_common_irq_enable                0x0001f9e5   Thumb Code    78  nrf_drv_common.o(i.nrf_drv_common_irq_enable)
    nrf_drv_gpiote_in_event_enable           0x0001fa45   Thumb Code   138  nrf_drv_gpiote.o(i.nrf_drv_gpiote_in_event_enable)
    nrf_drv_gpiote_in_init                   0x0001fae5   Thumb Code   130  nrf_drv_gpiote.o(i.nrf_drv_gpiote_in_init)
    nrf_drv_gpiote_in_is_set                 0x0001fb79   Thumb Code    16  nrf_drv_gpiote.o(i.nrf_drv_gpiote_in_is_set)
    nrf_drv_gpiote_init                      0x0001fb8d   Thumb Code    76  nrf_drv_gpiote.o(i.nrf_drv_gpiote_init)
    nrf_drv_gpiote_is_init                   0x0001fbe1   Thumb Code    12  nrf_drv_gpiote.o(i.nrf_drv_gpiote_is_init)
    nrf_drv_gpiote_out_init                  0x0001fbf1   Thumb Code   130  nrf_drv_gpiote.o(i.nrf_drv_gpiote_out_init)
    pstorage_access_status_get               0x0001ff99   Thumb Code    30  pstorage.o(i.pstorage_access_status_get)
    pstorage_block_identifier_get            0x0001ffc1   Thumb Code    74  pstorage.o(i.pstorage_block_identifier_get)
    pstorage_clear                           0x00020015   Thumb Code   156  pstorage.o(i.pstorage_clear)
    pstorage_init                            0x000200e9   Thumb Code    68  pstorage.o(i.pstorage_init)
    pstorage_load                            0x00020135   Thumb Code   158  pstorage.o(i.pstorage_load)
    pstorage_register                        0x000201dd   Thumb Code   170  pstorage.o(i.pstorage_register)
    pstorage_store                           0x00020291   Thumb Code   134  pstorage.o(i.pstorage_store)
    pstorage_sys_event_handler               0x00020321   Thumb Code    72  pstorage.o(i.pstorage_sys_event_handler)
    pstorage_update                          0x0002036d   Thumb Code   134  pstorage.o(i.pstorage_update)
    softdevice_assertion_handler             0x00020605   Thumb Code    12  softdevice_handler.o(i.softdevice_assertion_handler)
    softdevice_ble_evt_handler_set           0x00020611   Thumb Code    16  softdevice_handler.o(i.softdevice_ble_evt_handler_set)
    softdevice_handler_init                  0x00020625   Thumb Code    40  softdevice_handler.o(i.softdevice_handler_init)
    softdevice_sys_evt_handler_set           0x00020655   Thumb Code    16  softdevice_handler.o(i.softdevice_sys_evt_handler_set)
    uart_error_handle                        0x00020a7d   Thumb Code    24  app_trace.o(i.uart_error_handle)
    m_service_context_store                  0x00020c9c   Data          16  device_manager_peripheral.o(.constdata)
    m_service_context_load                   0x00020cac   Data          16  device_manager_peripheral.o(.constdata)
    m_service_context_apply                  0x00020cbc   Data          16  device_manager_peripheral.o(.constdata)
    Region$$Table$$Base                      0x00020d0c   Number         0  anon$$obj.o(Region$$Table)
    Region$$Table$$Limit                     0x00020d2c   Number         0  anon$$obj.o(Region$$Table)
    __stdout                                 0x200028d4   Data           4  retarget.o(.data)
    SystemCoreClock                          0x200028ec   Data           4  system_nrf51.o(.data)
    __initial_sp                             0x20003b68   Data           0  arm_startup_nrf51.o(STACK)



==============================================================================

Memory Map of the image

  Image Entry point : 0x0001c0c1

  Load Region LR_IROM1 (Base: 0x0001c000, Size: 0x00004e1c, Max: 0x00024000, ABSOLUTE)

    Execution Region ER_IROM1 (Base: 0x0001c000, Size: 0x00004d2c, Max: 0x00024000, ABSOLUTE)

    Base Addr    Size         Type   Attr      Idx    E Section Name        Object

    0x0001c000   0x000000c0   Data   RO         2128    RESET               arm_startup_nrf51.o
    0x0001c0c0   0x00000000   Code   RO         2170  * .ARM.Collect$$$$00000000  mc_p.l(entry.o)
    0x0001c0c0   0x00000004   Code   RO         2448    .ARM.Collect$$$$00000001  mc_p.l(entry2.o)
    0x0001c0c4   0x00000004   Code   RO         2451    .ARM.Collect$$$$00000004  mc_p.l(entry5.o)
    0x0001c0c8   0x00000000   Code   RO         2453    .ARM.Collect$$$$00000008  mc_p.l(entry7b.o)
    0x0001c0c8   0x00000000   Code   RO         2455    .ARM.Collect$$$$0000000A  mc_p.l(entry8b.o)
    0x0001c0c8   0x00000008   Code   RO         2456    .ARM.Collect$$$$0000000B  mc_p.l(entry9a.o)
    0x0001c0d0   0x00000000   Code   RO         2458    .ARM.Collect$$$$0000000D  mc_p.l(entry10a.o)
    0x0001c0d0   0x00000000   Code   RO         2460    .ARM.Collect$$$$0000000F  mc_p.l(entry11a.o)
    0x0001c0d0   0x00000004   Code   RO         2449    .ARM.Collect$$$$00002712  mc_p.l(entry2.o)
    0x0001c0d4   0x0000001e   Code   RO         1819    .emb_text           app_timer.o
    0x0001c0f2   0x00000002   PAD
    0x0001c0f4   0x00000038   Code   RO         2129    .text               arm_startup_nrf51.o
    0x0001c12c   0x0000002c   Code   RO         2173    .text               mc_p.l(uidiv.o)
    0x0001c158   0x00000028   Code   RO         2175    .text               mc_p.l(idiv.o)
    0x0001c180   0x00000024   Code   RO         2177    .text               mc_p.l(memcpya.o)
    0x0001c1a4   0x00000024   Code   RO         2179    .text               mc_p.l(memseta.o)
    0x0001c1c8   0x0000001a   Code   RO         2183    .text               mc_p.l(memcmp.o)
    0x0001c1e2   0x00000060   Code   RO         2462    .text               mc_p.l(uldiv.o)
    0x0001c242   0x00000002   PAD
    0x0001c244   0x00000024   Code   RO         2475    .text               mc_p.l(init.o)
    0x0001c268   0x00000020   Code   RO         2477    .text               mc_p.l(llshl.o)
    0x0001c288   0x00000022   Code   RO         2479    .text               mc_p.l(llushr.o)
    0x0001c2aa   0x00000002   PAD
    0x0001c2ac   0x00000068   Code   RO            3    i.ADC_IRQHandler    main.o
    0x0001c314   0x00000108   Code   RO         1288    i.GPIOTE_IRQHandler  nrf_drv_gpiote.o
    0x0001c41c   0x00000044   Code   RO         1820    i.NVIC_SetPriority  app_timer.o
    0x0001c460   0x00000020   Code   RO         1821    i.RTC1_IRQHandler   app_timer.o
    0x0001c480   0x00000054   Code   RO         1822    i.SWI0_IRQHandler   app_timer.o
    0x0001c4d4   0x00000024   Code   RO         2070    i.SWI2_IRQHandler   softdevice_handler.o
    0x0001c4f8   0x00000054   Code   RO         2136    i.SystemInit        system_nrf51.o
    0x0001c54c   0x00000080   Code   RO         1087    i.UART0_IRQHandler  app_uart_fifo.o
    0x0001c5cc   0x00000020   Code   RO         2394    i.__0printf$8       mc_p.l(printf8.o)
    0x0001c5ec   0x0000001a   Code   RO          436    i.__ARM_common_switch8  bsp.o
    0x0001c606   0x0000000e   Code   RO         2489    i.__scatterload_copy  mc_p.l(handlers.o)
    0x0001c614   0x00000002   Code   RO         2490    i.__scatterload_null  mc_p.l(handlers.o)
    0x0001c616   0x0000000e   Code   RO         2491    i.__scatterload_zeroinit  mc_p.l(handlers.o)
    0x0001c624   0x00000428   Code   RO         2401    i._printf_core      mc_p.l(printf8.o)
    0x0001ca4c   0x00000020   Code   RO         2402    i._printf_post_padding  mc_p.l(printf8.o)
    0x0001ca6c   0x0000002c   Code   RO         2403    i._printf_pre_padding  mc_p.l(printf8.o)
    0x0001ca98   0x0000004c   Code   RO         1088    i.action_tx_send    app_uart_fifo.o
    0x0001cae4   0x00000024   Code   RO         1089    i.action_tx_stop    app_uart_fifo.o
    0x0001cb08   0x00000020   Code   RO         1090    i.action_uart_deactivate  app_uart_fifo.o
    0x0001cb28   0x0000005c   Code   RO            4    i.adc_configure     main.o
    0x0001cb84   0x0000014a   Code   RO          491    i.adv_data_encode   ble_advdata.o
    0x0001ccce   0x0000003c   Code   RO          454    i.advertising_buttons_configure  bsp_btn_ble.o
    0x0001cd0a   0x00000002   PAD
    0x0001cd0c   0x0000005c   Code   RO            5    i.advertising_init  main.o
    0x0001cd68   0x000000f8   Code   RO            6    i.advertising_start  main.o
    0x0001ce60   0x00000084   Code   RO          645    i.alert_level_char_add  ble_ias.o
    0x0001cee4   0x0000008c   Code   RO          711    i.alert_level_char_add  ble_lls.o
    0x0001cf70   0x0000002c   Code   RO            7    i.alert_signal      main.o
    0x0001cf9c   0x00000018   Code   RO          345    i.alert_timer_handler  bsp.o
    0x0001cfb4   0x00000024   Code   RO         1713    i.app_button_enable  app_button.o
    0x0001cfd8   0x00000078   Code   RO         1714    i.app_button_init   app_button.o
    0x0001d050   0x0000001c   Code   RO         1766    i.app_error_handler  app_error.o
    0x0001d06c   0x0000000c   Code   RO          817    i.app_evt_notify    device_manager_peripheral.o
    0x0001d078   0x00000022   Code   RO         1788    i.app_fifo_get      app_fifo.o
    0x0001d09a   0x00000024   Code   RO         1789    i.app_fifo_init     app_fifo.o
    0x0001d0be   0x00000022   Code   RO         1790    i.app_fifo_put      app_fifo.o
    0x0001d0e0   0x0000002c   Code   RO         1468    i.app_notify        pstorage.o
    0x0001d10c   0x00000020   Code   RO         1469    i.app_notify_error_state_transit  pstorage.o
    0x0001d12c   0x0000004c   Code   RO         1825    i.app_timer_create  app_timer.o
    0x0001d178   0x000000b4   Code   RO         1826    i.app_timer_init    app_timer.o
    0x0001d22c   0x00000084   Code   RO         1827    i.app_timer_start   app_timer.o
    0x0001d2b0   0x00000058   Code   RO         1828    i.app_timer_stop    app_timer.o
    0x0001d308   0x00000048   Code   RO         1968    i.app_trace_init    app_trace.o
    0x0001d350   0x00000194   Code   RO         1095    i.app_uart_init     app_uart_fifo.o
    0x0001d4e4   0x0000001c   Code   RO         1096    i.app_uart_put      app_uart_fifo.o
    0x0001d500   0x00000068   Code   RO            9    i.bas_init          main.o
    0x0001d568   0x00000138   Code   RO          552    i.battery_level_char_add  ble_bas.o
    0x0001d6a0   0x00000084   Code   RO           10    i.battery_level_in_percent  main.o
    0x0001d724   0x0000000c   Code   RO           11    i.battery_level_meas_timeout_handler  main.o
    0x0001d730   0x0000005a   Code   RO          492    i.ble_advdata_set   ble_advdata.o
    0x0001d78a   0x00000002   PAD
    0x0001d78c   0x0000006c   Code   RO          553    i.ble_bas_battery_level_update  ble_bas.o
    0x0001d7f8   0x0000003c   Code   RO          554    i.ble_bas_init      ble_bas.o
    0x0001d834   0x00000056   Code   RO          555    i.ble_bas_on_ble_evt  ble_bas.o
    0x0001d88a   0x00000002   PAD
    0x0001d88c   0x00000054   Code   RO          588    i.ble_conn_params_init  ble_conn_params.o
    0x0001d8e0   0x00000090   Code   RO          589    i.ble_conn_params_on_ble_evt  ble_conn_params.o
    0x0001d970   0x00000050   Code   RO           12    i.ble_evt_dispatch  main.o
    0x0001d9c0   0x00000030   Code   RO          674    i.ble_ias_c_init    ble_ias_c.o
    0x0001d9f0   0x00000084   Code   RO          675    i.ble_ias_c_on_ble_evt  ble_ias_c.o
    0x0001da74   0x00000030   Code   RO          676    i.ble_ias_c_send_alert_level  ble_ias_c.o
    0x0001daa4   0x00000034   Code   RO          647    i.ble_ias_init      ble_ias.o
    0x0001dad8   0x00000034   Code   RO          648    i.ble_ias_on_ble_evt  ble_ias.o
    0x0001db0c   0x0000001a   Code   RO          712    i.ble_lls_alert_level_get  ble_lls.o
    0x0001db26   0x00000002   PAD
    0x0001db28   0x0000003c   Code   RO          713    i.ble_lls_init      ble_lls.o
    0x0001db64   0x00000030   Code   RO          714    i.ble_lls_on_ble_evt  ble_lls.o
    0x0001db94   0x0000000c   Code   RO          758    i.ble_srv_report_ref_encode  ble_srv_common.o
    0x0001dba0   0x00000068   Code   RO           13    i.ble_stack_init    main.o
    0x0001dc08   0x0000002c   Code   RO          786    i.ble_tps_init      ble_tps.o
    0x0001dc34   0x0000000c   Code   RO          787    i.ble_tps_on_ble_evt  ble_tps.o
    0x0001dc40   0x00000048   Code   RO          818    i.bond_data_load    device_manager_peripheral.o
    0x0001dc88   0x00000054   Code   RO          455    i.bsp_btn_ble_init  bsp_btn_ble.o
    0x0001dcdc   0x00000078   Code   RO          456    i.bsp_btn_ble_on_ble_evt  bsp_btn_ble.o
    0x0001dd54   0x00000014   Code   RO          457    i.bsp_btn_ble_sleep_mode_prepare  bsp_btn_ble.o
    0x0001dd68   0x0000009c   Code   RO          346    i.bsp_button_event_handler  bsp.o
    0x0001de04   0x0000002c   Code   RO          347    i.bsp_button_is_pressed  bsp.o
    0x0001de30   0x00000084   Code   RO           14    i.bsp_event_handler  main.o
    0x0001deb4   0x00000048   Code   RO          351    i.bsp_event_to_button_action_assign  bsp.o
    0x0001defc   0x0000001c   Code   RO          352    i.bsp_indication_set  bsp.o
    0x0001df18   0x000000a0   Code   RO          354    i.bsp_init          bsp.o
    0x0001dfb8   0x000001f0   Code   RO          355    i.bsp_led_indication  bsp.o
    0x0001e1a8   0x0000003c   Code   RO          356    i.bsp_wakeup_buttons_set  bsp.o
    0x0001e1e4   0x0000000c   Code   RO          357    i.button_timer_handler  bsp.o
    0x0001e1f0   0x0000001c   Code   RO         1289    i.channel_free      nrf_drv_gpiote.o
    0x0001e20c   0x00000048   Code   RO         1290    i.channel_port_alloc  nrf_drv_gpiote.o
    0x0001e254   0x00000010   Code   RO         1291    i.channel_port_get  nrf_drv_gpiote.o
    0x0001e264   0x00000104   Code   RO         1470    i.clear_operation_execute  pstorage.o
    0x0001e368   0x00000024   Code   RO         1471    i.clear_post_processing_run  pstorage.o
    0x0001e38c   0x00000038   Code   RO         1472    i.cmd_process       pstorage.o
    0x0001e3c4   0x00000020   Code   RO         1473    i.cmd_queue_element_init  pstorage.o
    0x0001e3e4   0x0000004c   Code   RO         1474    i.cmd_queue_enqueue  pstorage.o
    0x0001e430   0x0000003c   Code   RO         1475    i.command_end_procedure_run  pstorage.o
    0x0001e46c   0x000000a4   Code   RO         1830    i.compare_reg_update  app_timer.o
    0x0001e510   0x00000084   Code   RO          493    i.conn_int_encode   ble_advdata.o
    0x0001e594   0x0000000c   Code   RO           15    i.conn_params_error_handler  main.o
    0x0001e5a0   0x00000064   Code   RO          591    i.conn_params_negotiation  ble_conn_params.o
    0x0001e604   0x00000030   Code   RO          819    i.connection_instance_find  device_manager_peripheral.o
    0x0001e634   0x00000024   Code   RO          820    i.connection_instance_init  device_manager_peripheral.o
    0x0001e658   0x00000054   Code   RO         1476    i.data_page_erase_state_run  pstorage.o
    0x0001e6ac   0x00000028   Code   RO         1477    i.data_to_swap_write_state_run  pstorage.o
    0x0001e6d4   0x00000060   Code   RO         1716    i.detection_delay_timeout_handler  app_button.o
    0x0001e734   0x000000b0   Code   RO          821    i.device_context_store  device_manager_peripheral.o
    0x0001e7e4   0x00000054   Code   RO          822    i.device_instance_allocate  device_manager_peripheral.o
    0x0001e838   0x00000048   Code   RO          823    i.device_instance_find  device_manager_peripheral.o
    0x0001e880   0x0000002c   Code   RO          824    i.device_instance_free  device_manager_peripheral.o
    0x0001e8ac   0x00000012   Code   RO           16    i.device_manager_evt_handler  main.o
    0x0001e8be   0x00000002   PAD
    0x0001e8c0   0x00000074   Code   RO           17    i.device_manager_init  main.o
    0x0001e934   0x000003bc   Code   RO          829    i.dm_ble_evt_handler  device_manager_peripheral.o
    0x0001ecf0   0x0000001c   Code   RO          835    i.dm_handle_initialize  device_manager_peripheral.o
    0x0001ed0c   0x000000c4   Code   RO          836    i.dm_init           device_manager_peripheral.o
    0x0001edd0   0x00000160   Code   RO          839    i.dm_pstorage_cb_handler  device_manager_peripheral.o
    0x0001ef30   0x00000074   Code   RO          840    i.dm_register       device_manager_peripheral.o
    0x0001efa4   0x000000b4   Code   RO          846    i.dm_whitelist_create  device_manager_peripheral.o
    0x0001f058   0x00000040   Code   RO         1831    i.elapsed_ticks_acquire  app_timer.o
    0x0001f098   0x00000058   Code   RO         1832    i.expired_timers_handler  app_timer.o
    0x0001f0f0   0x00000020   Code   RO         1478    i.flash_api_err_code_process  pstorage.o
    0x0001f110   0x00000080   Code   RO         1479    i.flash_operation_success_run  pstorage.o
    0x0001f190   0x0000000a   Code   RO         1480    i.flash_page_erase  pstorage.o
    0x0001f19a   0x0000000a   Code   RO         1481    i.flash_write       pstorage.o
    0x0001f1a4   0x0000000e   Code   RO         2019    i.fputc             retarget.o
    0x0001f1b2   0x00000002   PAD
    0x0001f1b4   0x00000074   Code   RO           18    i.gap_params_init   main.o
    0x0001f228   0x00000004   Code   RO          847    i.gattc_context_apply  device_manager_peripheral.o
    0x0001f22c   0x00000004   Code   RO          848    i.gattc_context_load  device_manager_peripheral.o
    0x0001f230   0x00000004   Code   RO          849    i.gattc_context_store  device_manager_peripheral.o
    0x0001f234   0x000000b4   Code   RO          850    i.gatts_context_apply  device_manager_peripheral.o
    0x0001f2e8   0x00000030   Code   RO          851    i.gatts_context_load  device_manager_peripheral.o
    0x0001f318   0x000000a8   Code   RO          852    i.gatts_context_store  device_manager_peripheral.o
    0x0001f3c0   0x00000008   Code   RO          853    i.gattsc_context_apply  device_manager_peripheral.o
    0x0001f3c8   0x00000008   Code   RO          854    i.gattsc_context_load  device_manager_peripheral.o
    0x0001f3d0   0x00000008   Code   RO          855    i.gattsc_context_store  device_manager_peripheral.o
    0x0001f3d8   0x0000004c   Code   RO         1717    i.gpiote_event_handler  app_button.o
    0x0001f424   0x00000016   Code   RO         1097    i.gpiote_uart_event_handler  app_uart_fifo.o
    0x0001f43a   0x00000002   PAD
    0x0001f43c   0x00000078   Code   RO         1482    i.head_restore_state_run  pstorage.o
    0x0001f4b4   0x00000080   Code   RO         2071    i.intern_softdevice_events_execute  softdevice_handler.o
    0x0001f534   0x0000001c   Code   RO          592    i.is_conn_params_ok  ble_conn_params.o
    0x0001f550   0x00000048   Code   RO         2137    i.is_manual_peripheral_setup_needed  system_nrf51.o
    0x0001f598   0x00000044   Code   RO         1483    i.is_page_erase_required  pstorage.o
    0x0001f5dc   0x0000000c   Code   RO         1484    i.is_word_aligned   pstorage.o
    0x0001f5e8   0x00000018   Code   RO          358    i.leds_timer_handler  bsp.o
    0x0001f600   0x00000094   Code   RO         1833    i.list_deletions_handler  app_timer.o
    0x0001f694   0x000000f0   Code   RO         1834    i.list_insertions_handler  app_timer.o
    0x0001f784   0x0000010c   Code   RO           19    i.main              main.o
    0x0001f890   0x00000018   Code   RO         1485    i.main_state_err_busy_process  pstorage.o
    0x0001f8a8   0x00000064   Code   RO          494    i.manuf_specific_data_encode  ble_advdata.o
    0x0001f90c   0x0000006a   Code   RO          495    i.name_encode       ble_advdata.o
    0x0001f976   0x00000004   Code   RO          856    i.no_service_context_apply  device_manager_peripheral.o
    0x0001f97a   0x00000004   Code   RO          857    i.no_service_context_load  device_manager_peripheral.o
    0x0001f97e   0x00000004   Code   RO          858    i.no_service_context_store  device_manager_peripheral.o
    0x0001f982   0x00000002   PAD
    0x0001f984   0x00000040   Code   RO         1200    i.nrf_adc_configure  nrf_adc.o
    0x0001f9c4   0x00000020   Code   RO         1202    i.nrf_adc_input_select  nrf_adc.o
    0x0001f9e4   0x00000060   Code   RO         1262    i.nrf_drv_common_irq_enable  nrf_drv_common.o
    0x0001fa44   0x000000a0   Code   RO         1294    i.nrf_drv_gpiote_in_event_enable  nrf_drv_gpiote.o
    0x0001fae4   0x00000094   Code   RO         1295    i.nrf_drv_gpiote_in_init  nrf_drv_gpiote.o
    0x0001fb78   0x00000014   Code   RO         1296    i.nrf_drv_gpiote_in_is_set  nrf_drv_gpiote.o
    0x0001fb8c   0x00000054   Code   RO         1298    i.nrf_drv_gpiote_init  nrf_drv_gpiote.o
    0x0001fbe0   0x00000010   Code   RO         1299    i.nrf_drv_gpiote_is_init  nrf_drv_gpiote.o
    0x0001fbf0   0x00000098   Code   RO         1301    i.nrf_drv_gpiote_out_init  nrf_drv_gpiote.o
    0x0001fc88   0x00000020   Code   RO         1311    i.nrf_gpio_cfg_sense_set  nrf_drv_gpiote.o
    0x0001fca8   0x00000014   Code   RO         1312    i.nrf_gpiote_event_is_set  nrf_drv_gpiote.o
    0x0001fcbc   0x00000034   Code   RO           20    i.on_bas_evt        main.o
    0x0001fcf0   0x00000084   Code   RO           21    i.on_ble_evt        main.o
    0x0001fd74   0x00000054   Code   RO          677    i.on_char_disc_resp  ble_ias_c.o
    0x0001fdc8   0x000000a0   Code   RO          715    i.on_disconnect     ble_lls.o
    0x0001fe68   0x00000020   Code   RO           22    i.on_ias_c_evt      main.o
    0x0001fe88   0x00000010   Code   RO           23    i.on_ias_evt        main.o
    0x0001fe98   0x00000010   Code   RO           24    i.on_lls_evt        main.o
    0x0001fea8   0x00000088   Code   RO         1098    i.on_uart_event     app_uart_fifo.o
    0x0001ff30   0x00000038   Code   RO          859    i.peer_instance_init  device_manager_peripheral.o
    0x0001ff68   0x00000018   Code   RO         1313    i.pin_in_use_by_port  nrf_drv_gpiote.o
    0x0001ff80   0x00000018   Code   RO         1314    i.pin_in_use_by_te  nrf_drv_gpiote.o
    0x0001ff98   0x00000028   Code   RO         1486    i.pstorage_access_status_get  pstorage.o
    0x0001ffc0   0x00000054   Code   RO         1487    i.pstorage_block_identifier_get  pstorage.o
    0x00020014   0x000000a4   Code   RO         1488    i.pstorage_clear    pstorage.o
    0x000200b8   0x00000024   Code   RO         1489    i.pstorage_flash_page_end  pstorage.o
    0x000200dc   0x0000000a   Code   RO         1490    i.pstorage_flash_page_size  pstorage.o
    0x000200e6   0x00000002   PAD
    0x000200e8   0x0000004c   Code   RO         1491    i.pstorage_init     pstorage.o
    0x00020134   0x000000a8   Code   RO         1492    i.pstorage_load     pstorage.o
    0x000201dc   0x000000b4   Code   RO         1493    i.pstorage_register  pstorage.o
    0x00020290   0x00000090   Code   RO         1494    i.pstorage_store    pstorage.o
    0x00020320   0x0000004c   Code   RO         1495    i.pstorage_sys_event_handler  pstorage.o
    0x0002036c   0x00000090   Code   RO         1496    i.pstorage_update   pstorage.o
    0x000203fc   0x00000044   Code   RO         1835    i.rtc1_stop         app_timer.o
    0x00020440   0x0000007c   Code   RO          496    i.service_data_encode  ble_advdata.o
    0x000204bc   0x0000000c   Code   RO           25    i.service_error_handler  main.o
    0x000204c8   0x000000c0   Code   RO           26    i.services_init     main.o
    0x00020588   0x00000034   Code   RO           27    i.sleep_mode_enter  main.o
    0x000205bc   0x00000048   Code   RO         1497    i.sm_state_change   pstorage.o
    0x00020604   0x0000000c   Code   RO         2072    i.softdevice_assertion_handler  softdevice_handler.o
    0x00020610   0x00000014   Code   RO         2073    i.softdevice_ble_evt_handler_set  softdevice_handler.o
    0x00020624   0x00000030   Code   RO         2074    i.softdevice_handler_init  softdevice_handler.o
    0x00020654   0x00000014   Code   RO         2076    i.softdevice_sys_evt_handler_set  softdevice_handler.o
    0x00020668   0x00000064   Code   RO         1498    i.state_data_erase_swap_entry_run  pstorage.o
    0x000206cc   0x00000010   Code   RO         1499    i.state_erase_data_page_entry_run  pstorage.o
    0x000206dc   0x00000028   Code   RO         1500    i.state_restore_head_entry_run  pstorage.o
    0x00020704   0x0000004c   Code   RO         1501    i.state_restore_tail_entry_run  pstorage.o
    0x00020750   0x00000020   Code   RO         1502    i.state_swap_erase_entry_run  pstorage.o
    0x00020770   0x00000030   Code   RO         1503    i.state_write_data_swap_entry_run  pstorage.o
    0x000207a0   0x00000004   Code   RO          860    i.storage_operation_dummy_handler  device_manager_peripheral.o
    0x000207a4   0x0000005c   Code   RO         1504    i.store_cmd_flash_write_execute  pstorage.o
    0x00020800   0x0000001c   Code   RO         1505    i.swap_erase_state_run  pstorage.o
    0x0002081c   0x00000018   Code   RO         1506    i.swap_sub_state_err_busy_process  pstorage.o
    0x00020834   0x00000014   Code   RO         1507    i.swap_sub_state_state_change  pstorage.o
    0x00020848   0x00000028   Code   RO           28    i.sys_evt_dispatch  main.o
    0x00020870   0x0000001c   Code   RO         1508    i.tail_restore_state_run  pstorage.o
    0x0002088c   0x00000010   Code   RO         1836    i.timer_list_handler_sched  app_timer.o
    0x0002089c   0x00000064   Code   RO         1837    i.timer_list_insert  app_timer.o
    0x00020900   0x00000070   Code   RO         1838    i.timer_list_remove  app_timer.o
    0x00020970   0x00000080   Code   RO         1839    i.timer_timeouts_check  app_timer.o
    0x000209f0   0x0000008c   Code   RO          789    i.tx_power_level_char_add  ble_tps.o
    0x00020a7c   0x00000018   Code   RO         1969    i.uart_error_handle  app_trace.o
    0x00020a94   0x0000000a   Code   RO          497    i.uint16_encode     ble_advdata.o
    0x00020a9e   0x00000002   PAD
    0x00020aa0   0x00000014   Code   RO          861    i.update_status_bit_reset  device_manager_peripheral.o
    0x00020ab4   0x00000064   Code   RO          593    i.update_timeout_handler  ble_conn_params.o
    0x00020b18   0x00000054   Code   RO         1840    i.user_id_get       app_timer.o
    0x00020b6c   0x00000024   Code   RO         1841    i.user_op_alloc     app_timer.o
    0x00020b90   0x00000026   Code   RO          498    i.uuid_list_encode  ble_advdata.o
    0x00020bb6   0x000000a2   Code   RO          499    i.uuid_list_sized_encode  ble_advdata.o
    0x00020c58   0x00000014   Data   RO           30    .constdata          main.o
    0x00020c6c   0x00000030   Data   RO          360    .constdata          bsp.o
    0x00020c9c   0x00000030   Data   RO          863    .constdata          device_manager_peripheral.o
    0x00020ccc   0x00000008   Data   RO         1100    .constdata          app_uart_fifo.o
    0x00020cd4   0x00000028   Data   RO         1510    .constdata          pstorage.o
    0x00020cfc   0x00000004   Data   RO         1718    .constdata          app_button.o
    0x00020d00   0x0000000c   Data   RO         1971    .constdata          app_trace.o
    0x00020d0c   0x00000020   Data   RO         2487    Region$$Table       anon$$obj.o


    Execution Region RW_IRAM1 (Base: 0x20002800, Size: 0x00001368, Max: 0x00005800, ABSOLUTE)

    Base Addr    Size         Type   Attr      Idx    E Section Name        Object

    0x20002800   0x0000000c   Data   RW           31    .data               main.o
    0x2000280c   0x00000020   Data   RW          361    .data               bsp.o
    0x2000282c   0x00000008   Data   RW          458    .data               bsp_btn_ble.o
    0x20002834   0x00000018   Data   RW          595    .data               ble_conn_params.o
    0x2000284c   0x00000004   Data   RW          678    .data               ble_ias_c.o
    0x20002850   0x00000018   Data   RW          865    .data               device_manager_peripheral.o
    0x20002868   0x00000008   Data   RW         1101    .data               app_uart_fifo.o
    0x20002870   0x00000024   Data   RW         1511    .data               pstorage.o
    0x20002894   0x00000018   Data   RW         1719    .data               app_button.o
    0x200028ac   0x00000024   Data   RW         1842    .data               app_timer.o
    0x200028d0   0x00000001   Data   RW         1972    .data               app_trace.o
    0x200028d1   0x00000003   PAD
    0x200028d4   0x00000004   Data   RW         2020    .data               retarget.o
    0x200028d8   0x00000014   Data   RW         2077    .data               softdevice_handler.o
    0x200028ec   0x00000004   Data   RW         2138    .data               system_nrf51.o
    0x200028f0   0x000003e4   Zero   RW           29    .bss                main.o
    0x20002cd4   0x0000000c   Zero   RW          359    .bss                bsp.o
    0x20002ce0   0x0000001c   Zero   RW          594    .bss                ble_conn_params.o
    0x20002cfc   0x0000011f   Zero   RW          862    .bss                device_manager_peripheral.o
    0x20002e1b   0x00000001   PAD
    0x20002e1c   0x00000020   Zero   RW         1099    .bss                app_uart_fifo.o
    0x20002e3c   0x00000050   Zero   RW         1315    .bss                nrf_drv_gpiote.o
    0x20002e8c   0x000000d8   Zero   RW         1509    .bss                pstorage.o
    0x20002f64   0x00000400   Zero   RW         1970    .bss                app_trace.o
    0x20003364   0x00000004   PAD
    0x20003368   0x00000800   Zero   RW         2126    STACK               arm_startup_nrf51.o


==============================================================================

Image component sizes


      Code (inc. data)   RO Data    RW Data    ZI Data      Debug   Object Name

       328         34          4         24          0       6150   app_button.o
        28         10          0          0          0       7368   app_error.o
       104          0          0          0          0       2690   app_fifo.o
      1938        160          0         36          0      27231   app_timer.o
        96         16         12          1       1024       2117   app_trace.o
       862        142          8          8         32      25183   app_uart_fifo.o
        56         18        192          0       2048        692   arm_startup_nrf51.o
      1092          6          0          0          0      11694   ble_advdata.o
       566         20          0          0          0      11219   ble_bas.o
       456         50          0         24         28       6196   ble_conn_params.o
       236         10          0          0          0       3096   ble_ias.o
       312         18          0          4          0       5933   ble_ias_c.o
       434         96          0          0          0       4686   ble_lls.o
        12          0          0          0          0       1344   ble_srv_common.o
       196         12          0          0          0       2764   ble_tps.o
      1102        120         48         32         12       8705   bsp.o
       284         10          0          8          0       4449   bsp_btn_ble.o
      2896        200         48         24        287      30647   device_manager_peripheral.o
      2218        214         20         12        996     107916   main.o
        96          8          0          0          0       3808   nrf_adc.o
        96         18          0          0          0       1560   nrf_drv_common.o
      1060        146          0          0         80      20366   nrf_drv_gpiote.o
      2822        264         40         36        216      34786   pstorage.o
        14          0          0          4          0       2738   retarget.o
       264         24          0         20          0       6040   softdevice_handler.o
       156         26          0          4          0       2091   system_nrf51.o

    ----------------------------------------------------------------------
     17746       1622        404        240       4728     341469   Object Totals
         0          0         32          0          0          0   (incl. Generated)
        22          0          0          3          5          0   (incl. Padding)

    ----------------------------------------------------------------------

      Code (inc. data)   RO Data    RW Data    ZI Data      Debug   Library Member Name

         0          0          0          0          0          0   entry.o
         0          0          0          0          0          0   entry10a.o
         0          0          0          0          0          0   entry11a.o
         8          4          0          0          0          0   entry2.o
         4          0          0          0          0          0   entry5.o
         0          0          0          0          0          0   entry7b.o
         0          0          0          0          0          0   entry8b.o
         8          4          0          0          0          0   entry9a.o
        30          0          0          0          0          0   handlers.o
        40          0          0          0          0         72   idiv.o
        36          8          0          0          0         68   init.o
        32          0          0          0          0         68   llshl.o
        34          0          0          0          0         68   llushr.o
        26          0          0          0          0         72   memcmp.o
        36          0          0          0          0         60   memcpya.o
        36          0          0          0          0        100   memseta.o
      1172         52          0          0          0        324   printf8.o
        44          0          0          0          0         72   uidiv.o
        96          0          0          0          0         84   uldiv.o

    ----------------------------------------------------------------------
      1606         68          0          0          0        988   Library Totals
         4          0          0          0          0          0   (incl. Padding)

    ----------------------------------------------------------------------

      Code (inc. data)   RO Data    RW Data    ZI Data      Debug   Library Name

      1602         68          0          0          0        988   mc_p.l

    ----------------------------------------------------------------------
      1606         68          0          0          0        988   Library Totals

    ----------------------------------------------------------------------

==============================================================================


      Code (inc. data)   RO Data    RW Data    ZI Data      Debug   

     19352       1690        404        240       4728     333141   Grand Totals
     19352       1690        404        240       4728     333141   ELF Image Totals
     19352       1690        404        240          0          0   ROM Totals

==============================================================================

    Total RO  Size (Code + RO Data)                19756 (  19.29kB)
    Total RW  Size (RW Data + ZI Data)              4968 (   4.85kB)
    Total ROM Size (Code + RO Data + RW Data)      19996 (  19.53kB)

==============================================================================

