Component: ARM Compiler 5.05 update 1 (build 106) Tool: armlink [4d0efa]

==============================================================================

Section Cross References

    main.o(i.advertising_init) refers to memseta.o(.text) for __aeabi_memclr4
    main.o(i.advertising_init) refers to ble_advertising.o(i.ble_advertising_init) for ble_advertising_init
    main.o(i.advertising_init) refers to app_error.o(i.app_error_handler) for app_error_handler
    main.o(i.advertising_init) refers to main.o(i.on_adv_evt) for on_adv_evt
    main.o(i.alert_signal) refers to bsp.o(i.bsp_indication_set) for bsp_indication_set
    main.o(i.alert_signal) refers to app_error.o(i.app_error_handler) for app_error_handler
    main.o(i.alert_signal) refers to nrf_delay.o(i.nrf_delay_ms) for nrf_delay_ms
    main.o(i.assert_nrf_callback) refers to app_error.o(i.app_error_handler) for app_error_handler
    main.o(i.ble_evt_dispatch) refers to device_manager_peripheral.o(i.dm_ble_evt_handler) for dm_ble_evt_handler
    main.o(i.ble_evt_dispatch) refers to ble_conn_params.o(i.ble_conn_params_on_ble_evt) for ble_conn_params_on_ble_evt
    main.o(i.ble_evt_dispatch) refers to bsp_btn_ble.o(i.bsp_btn_ble_on_ble_evt) for bsp_btn_ble_on_ble_evt
    main.o(i.ble_evt_dispatch) refers to main.o(i.on_ble_evt) for on_ble_evt
    main.o(i.ble_evt_dispatch) refers to ble_lls.o(i.ble_lls_on_ble_evt) for ble_lls_on_ble_evt
    main.o(i.ble_evt_dispatch) refers to ble_advertising.o(i.ble_advertising_on_ble_evt) for ble_advertising_on_ble_evt
    main.o(i.ble_evt_dispatch) refers to main.o(.bss) for m_lls
    main.o(i.ble_stack_init) refers to softdevice_handler.o(i.softdevice_handler_init) for softdevice_handler_init
    main.o(i.ble_stack_init) refers to app_error.o(i.app_error_handler) for app_error_handler
    main.o(i.ble_stack_init) refers to softdevice_handler.o(i.softdevice_ble_evt_handler_set) for softdevice_ble_evt_handler_set
    main.o(i.ble_stack_init) refers to softdevice_handler.o(i.softdevice_sys_evt_handler_set) for softdevice_sys_evt_handler_set
    main.o(i.ble_stack_init) refers to main.o(.bss) for BLE_EVT_BUFFER
    main.o(i.ble_stack_init) refers to main.o(i.ble_evt_dispatch) for ble_evt_dispatch
    main.o(i.ble_stack_init) refers to main.o(i.sys_evt_dispatch) for sys_evt_dispatch
    main.o(i.bsp_event_handler) refers to main.o(i.sleep_mode_enter) for sleep_mode_enter
    main.o(i.bsp_event_handler) refers to app_error.o(i.app_error_handler) for app_error_handler
    main.o(i.bsp_event_handler) refers to ble_advertising.o(i.ble_advertising_restart_without_whitelist) for ble_advertising_restart_without_whitelist
    main.o(i.bsp_event_handler) refers to main.o(.data) for m_conn_handle
    main.o(i.buttons_leds_init) refers to bsp.o(i.bsp_init) for bsp_init
    main.o(i.buttons_leds_init) refers to app_error.o(i.app_error_handler) for app_error_handler
    main.o(i.buttons_leds_init) refers to bsp_btn_ble.o(i.bsp_btn_ble_init) for bsp_btn_ble_init
    main.o(i.buttons_leds_init) refers to main.o(i.bsp_event_handler) for bsp_event_handler
    main.o(i.conn_params_error_handler) refers to app_error.o(i.app_error_handler) for app_error_handler
    main.o(i.conn_params_init) refers to memseta.o(.text) for __aeabi_memclr4
    main.o(i.conn_params_init) refers to ble_conn_params.o(i.ble_conn_params_init) for ble_conn_params_init
    main.o(i.conn_params_init) refers to app_error.o(i.app_error_handler) for app_error_handler
    main.o(i.conn_params_init) refers to main.o(i.on_conn_params_evt) for on_conn_params_evt
    main.o(i.conn_params_init) refers to main.o(i.conn_params_error_handler) for conn_params_error_handler
    main.o(i.device_manager_evt_handler) refers to app_error.o(i.app_error_handler) for app_error_handler
    main.o(i.device_manager_init) refers to pstorage.o(i.pstorage_init) for pstorage_init
    main.o(i.device_manager_init) refers to app_error.o(i.app_error_handler) for app_error_handler
    main.o(i.device_manager_init) refers to device_manager_peripheral.o(i.dm_init) for dm_init
    main.o(i.device_manager_init) refers to memseta.o(.text) for __aeabi_memclr
    main.o(i.device_manager_init) refers to device_manager_peripheral.o(i.dm_register) for dm_register
    main.o(i.device_manager_init) refers to main.o(i.device_manager_evt_handler) for device_manager_evt_handler
    main.o(i.device_manager_init) refers to main.o(.data) for m_app_handle
    main.o(i.gap_params_init) refers to app_error.o(i.app_error_handler) for app_error_handler
    main.o(i.lls_init) refers to ble_lls.o(i.ble_lls_init) for ble_lls_init
    main.o(i.lls_init) refers to app_error.o(i.app_error_handler) for app_error_handler
    main.o(i.lls_init) refers to main.o(i.on_lls_evt) for on_lls_evt
    main.o(i.lls_init) refers to main.o(i.service_error_handler) for service_error_handler
    main.o(i.lls_init) refers to main.o(.bss) for m_lls
    main.o(i.main) refers to app_trace.o(i.app_trace_init) for app_trace_init
[...]
    lls_init                                 0x000209e1   Thumb Code   118  main.o(i.lls_init)
    i.main                                   0x00020a64   Section        0  main.o(i.main)
    i.main_state_err_busy_process            0x00020adc   Section        0  pstorage.o(i.main_state_err_busy_process)
    main_state_err_busy_process              0x00020add   Thumb Code    24  pstorage.o(i.main_state_err_busy_process)
    i.manuf_specific_data_encode             0x00020afc   Section        0  ble_advdata.o(i.manuf_specific_data_encode)
    manuf_specific_data_encode               0x00020afd   Thumb Code   106  ble_advdata.o(i.manuf_specific_data_encode)
    i.name_encode                            0x00020b66   Section        0  ble_advdata.o(i.name_encode)
    name_encode                              0x00020b67   Thumb Code   150  ble_advdata.o(i.name_encode)
    i.no_service_context_apply               0x00020bfc   Section        0  device_manager_peripheral.o(i.no_service_context_apply)
    no_service_context_apply                 0x00020bfd   Thumb Code     6  device_manager_peripheral.o(i.no_service_context_apply)
    i.no_service_context_load                0x00020c02   Section        0  device_manager_peripheral.o(i.no_service_context_load)
    no_service_context_load                  0x00020c03   Thumb Code     6  device_manager_peripheral.o(i.no_service_context_load)
    i.no_service_context_store               0x00020c08   Section        0  device_manager_peripheral.o(i.no_service_context_store)
    no_service_context_store                 0x00020c09   Thumb Code     6  device_manager_peripheral.o(i.no_service_context_store)
    i.nrf_delay_ms                           0x00020c10   Section        0  nrf_delay.o(i.nrf_delay_ms)
    i.nrf_drv_common_irq_enable              0x00020c2c   Section        0  nrf_drv_common.o(i.nrf_drv_common_irq_enable)
    i.nrf_drv_gpiote_in_event_enable         0x00020c64   Section        0  nrf_drv_gpiote.o(i.nrf_drv_gpiote_in_event_enable)
    i.nrf_drv_gpiote_in_init                 0x00020d2c   Section        0  nrf_drv_gpiote.o(i.nrf_drv_gpiote_in_init)
    i.nrf_drv_gpiote_in_is_set               0x00020e20   Section        0  nrf_drv_gpiote.o(i.nrf_drv_gpiote_in_is_set)
    i.nrf_drv_gpiote_init                    0x00020e40   Section        0  nrf_drv_gpiote.o(i.nrf_drv_gpiote_init)
    i.nrf_drv_gpiote_is_init                 0x00020e90   Section        0  nrf_drv_gpiote.o(i.nrf_drv_gpiote_is_init)
    i.nrf_drv_gpiote_out_init                0x00020ea4   Section        0  nrf_drv_gpiote.o(i.nrf_drv_gpiote_out_init)
    i.nrf_gpio_cfg_sense_set                 0x00020f94   Section        0  nrf_drv_gpiote.o(i.nrf_gpio_cfg_sense_set)
    nrf_gpio_cfg_sense_set                   0x00020f95   Thumb Code    70  nrf_drv_gpiote.o(i.nrf_gpio_cfg_sense_set)
    i.nrf_gpio_pin_clear                     0x00020fdc   Section        0  nrf_drv_gpiote.o(i.nrf_gpio_pin_clear)
    nrf_gpio_pin_clear                       0x00020fdd   Thumb Code    10  nrf_drv_gpiote.o(i.nrf_gpio_pin_clear)
    i.nrf_gpio_pin_set                       0x00020fec   Section        0  nrf_drv_gpiote.o(i.nrf_gpio_pin_set)
    nrf_gpio_pin_set                         0x00020fed   Thumb Code    10  nrf_drv_gpiote.o(i.nrf_gpio_pin_set)
    i.nrf_gpiote_event_addr_get              0x00020ffc   Section        0  nrf_drv_gpiote.o(i.nrf_gpiote_event_addr_get)
    nrf_gpiote_event_addr_get                0x00020ffd   Thumb Code     8  nrf_drv_gpiote.o(i.nrf_gpiote_event_addr_get)
    i.nrf_gpiote_event_clear                 0x00021008   Section        0  nrf_drv_gpiote.o(i.nrf_gpiote_event_clear)
    nrf_gpiote_event_clear                   0x00021009   Thumb Code    16  nrf_drv_gpiote.o(i.nrf_gpiote_event_clear)
    i.nrf_gpiote_event_is_set                0x00021018   Section        0  nrf_drv_gpiote.o(i.nrf_gpiote_event_is_set)
    nrf_gpiote_event_is_set                  0x00021019   Thumb Code    22  nrf_drv_gpiote.o(i.nrf_gpiote_event_is_set)
    i.nrf_gpiote_int_enable                  0x00021030   Section        0  nrf_drv_gpiote.o(i.nrf_gpiote_int_enable)
    nrf_gpiote_int_enable                    0x00021031   Thumb Code     6  nrf_drv_gpiote.o(i.nrf_gpiote_int_enable)
    i.on_adv_evt                             0x0002103c   Section        0  main.o(i.on_adv_evt)
    on_adv_evt                               0x0002103d   Thumb Code    58  main.o(i.on_adv_evt)
    i.on_auth_status                         0x00021076   Section        0  ble_lls.o(i.on_auth_status)
    on_auth_status                           0x00021077   Thumb Code    32  ble_lls.o(i.on_auth_status)
    i.on_ble_evt                             0x00021098   Section        0  main.o(i.on_ble_evt)
    on_ble_evt                               0x00021099   Thumb Code    72  main.o(i.on_ble_evt)
    i.on_conn_params_evt                     0x000210e4   Section        0  main.o(i.on_conn_params_evt)
    on_conn_params_evt                       0x000210e5   Thumb Code    46  main.o(i.on_conn_params_evt)
    i.on_conn_params_update                  0x00021118   Section        0  ble_conn_params.o(i.on_conn_params_update)
    on_conn_params_update                    0x00021119   Thumb Code    20  ble_conn_params.o(i.on_conn_params_update)
    i.on_connect                             0x00021130   Section        0  ble_conn_params.o(i.on_connect)
    on_connect                               0x00021131   Thumb Code    42  ble_conn_params.o(i.on_connect)
    i.on_connect                             0x0002116c   Section        0  ble_lls.o(i.on_connect)
    on_connect                               0x0002116d   Thumb Code    28  ble_lls.o(i.on_connect)
    i.on_cts_high                            0x00021188   Section        0  app_uart.o(i.on_cts_high)
    on_cts_high                              0x00021189   Thumb Code    36  app_uart.o(i.on_cts_high)
    i.on_cts_low                             0x000211b0   Section        0  app_uart.o(i.on_cts_low)
    on_cts_low                               0x000211b1   Thumb Code    46  app_uart.o(i.on_cts_low)
    i.on_disconnect                          0x000211ec   Section        0  ble_conn_params.o(i.on_disconnect)
    on_disconnect                            0x000211ed   Thumb Code    50  ble_conn_params.o(i.on_disconnect)
    i.on_disconnect                          0x00021230   Section        0  ble_lls.o(i.on_disconnect)
    on_disconnect                            0x00021231   Thumb Code    92  ble_lls.o(i.on_disconnect)
    i.on_lls_evt                             0x00021294   Section        0  main.o(i.on_lls_evt)
    on_lls_evt                               0x00021295   Thumb Code    26  main.o(i.on_lls_evt)
    i.on_tx_ready                            0x000212b0   Section        0  app_uart.o(i.on_tx_ready)
    on_tx_ready                              0x000212b1   Thumb Code    38  app_uart.o(i.on_tx_ready)
    i.on_uart_close                          0x000212dc   Section        0  app_uart.o(i.on_uart_close)
    on_uart_close                            0x000212dd   Thumb Code     8  app_uart.o(i.on_uart_close)
    i.on_uart_event                          0x000212e4   Section        0  app_uart.o(i.on_uart_event)
    on_uart_event                            0x000212e5   Thumb Code    54  app_uart.o(i.on_uart_event)
    i.on_uart_put                            0x0002131c   Section        0  app_uart.o(i.on_uart_put)
    on_uart_put                              0x0002131d   Thumb Code    16  app_uart.o(i.on_uart_put)
    i.on_write                               0x00021330   Section        0  ble_conn_params.o(i.on_write)
    on_write                                 0x00021331   Thumb Code    84  ble_conn_params.o(i.on_write)
    i.peer_address_exists                    0x0002138c   Section        0  ble_advertising.o(i.peer_address_exists)
    peer_address_exists                      0x0002138d   Thumb Code    26  ble_advertising.o(i.peer_address_exists)
    i.peer_instance_init                     0x000213a8   Section        0  device_manager_peripheral.o(i.peer_instance_init)
    peer_instance_init                       0x000213a9   Thumb Code    84  device_manager_peripheral.o(i.peer_instance_init)
    i.pin_in_use_by_gpiote                   0x00021404   Section        0  nrf_drv_gpiote.o(i.pin_in_use_by_gpiote)
    pin_in_use_by_gpiote                     0x00021405   Thumb Code    22  nrf_drv_gpiote.o(i.pin_in_use_by_gpiote)
    i.pin_in_use_by_port                     0x00021420   Section        0  nrf_drv_gpiote.o(i.pin_in_use_by_port)
    pin_in_use_by_port                       0x00021421   Thumb Code    18  nrf_drv_gpiote.o(i.pin_in_use_by_port)
    i.pin_in_use_by_te                       0x00021438   Section        0  nrf_drv_gpiote.o(i.pin_in_use_by_te)
    pin_in_use_by_te                         0x00021439   Thumb Code    26  nrf_drv_gpiote.o(i.pin_in_use_by_te)
    i.pin_in_use_clear                       0x00021458   Section        0  nrf_drv_gpiote.o(i.pin_in_use_clear)
    pin_in_use_clear                         0x00021459   Thumb Code    10  nrf_drv_gpiote.o(i.pin_in_use_clear)
    i.power_manage                           0x00021468   Section        0  main.o(i.power_manage)
    power_manage                             0x00021469   Thumb Code    32  main.o(i.power_manage)
    i.pstorage_access_status_get             0x00021488   Section        0  pstorage.o(i.pstorage_access_status_get)
    i.pstorage_block_identifier_get          0x000214b8   Section        0  pstorage.o(i.pstorage_block_identifier_get)
    i.pstorage_clear                         0x0002155c   Section        0  pstorage.o(i.pstorage_clear)
    i.pstorage_flash_page_end                0x00021674   Section        0  pstorage.o(i.pstorage_flash_page_end)
    pstorage_flash_page_end                  0x00021675   Thumb Code    36  pstorage.o(i.pstorage_flash_page_end)
    i.pstorage_flash_page_size               0x0002169c   Section        0  pstorage.o(i.pstorage_flash_page_size)
    pstorage_flash_page_size                 0x0002169d   Thumb Code    10  pstorage.o(i.pstorage_flash_page_size)
    i.pstorage_init                          0x000216a8   Section        0  pstorage.o(i.pstorage_init)
    i.pstorage_load                          0x00021730   Section        0  pstorage.o(i.pstorage_load)
    i.pstorage_register                      0x0002182c   Section        0  pstorage.o(i.pstorage_register)
    i.pstorage_store                         0x00021944   Section        0  pstorage.o(i.pstorage_store)
    i.pstorage_sys_event_handler             0x00021a24   Section        0  pstorage.o(i.pstorage_sys_event_handler)
    i.pstorage_update                        0x00021a70   Section        0  pstorage.o(i.pstorage_update)
    i.rtc1_counter_get                       0x00021b50   Section        0  app_timer.o(i.rtc1_counter_get)
    rtc1_counter_get                         0x00021b51   Thumb Code     6  app_timer.o(i.rtc1_counter_get)
    i.rtc1_init                              0x00021b5c   Section        0  app_timer.o(i.rtc1_init)
    rtc1_init                                0x00021b5d   Thumb Code    18  app_timer.o(i.rtc1_init)
    i.rtc1_start                             0x00021b74   Section        0  app_timer.o(i.rtc1_start)
    rtc1_start                               0x00021b75   Thumb Code    48  app_timer.o(i.rtc1_start)
    i.rtc1_stop                              0x00021bb0   Section        0  app_timer.o(i.rtc1_stop)
    rtc1_stop                                0x00021bb1   Thumb Code    66  app_timer.o(i.rtc1_stop)
    i.service_data_encode                    0x00021c08   Section        0  ble_advdata.o(i.service_data_encode)
    service_data_encode                      0x00021c09   Thumb Code   140  ble_advdata.o(i.service_data_encode)
    i.service_error_handler                  0x00021c94   Section        0  main.o(i.service_error_handler)
    service_error_handler                    0x00021c95   Thumb Code    20  main.o(i.service_error_handler)
    i.sleep_mode_enter                       0x00021ca8   Section        0  main.o(i.sleep_mode_enter)
    sleep_mode_enter                         0x00021ca9   Thumb Code    94  main.o(i.sleep_mode_enter)
    i.sm_state_change                        0x00021d08   Section        0  pstorage.o(i.sm_state_change)
    sm_state_change                          0x00021d09   Thumb Code    14  pstorage.o(i.sm_state_change)
    i.softdevice_assertion_handler           0x00021d1c   Section        0  softdevice_handler.o(i.softdevice_assertion_handler)
    i.softdevice_ble_evt_handler_set         0x00021d30   Section        0  softdevice_handler.o(i.softdevice_ble_evt_handler_set)
    i.softdevice_handler_init                0x00021d48   Section        0  softdevice_handler.o(i.softdevice_handler_init)
    i.softdevice_sys_evt_handler_set         0x00021db0   Section        0  softdevice_handler.o(i.softdevice_sys_evt_handler_set)
    i.srdata_check                           0x00021dc8   Section        0  ble_advdata.o(i.srdata_check)
    srdata_check                             0x00021dc9   Thumb Code    16  ble_advdata.o(i.srdata_check)
    i.startup_event_extract                  0x00021dd8   Section        0  bsp_btn_ble.o(i.startup_event_extract)
    startup_event_extract                    0x00021dd9   Thumb Code    84  bsp_btn_ble.o(i.startup_event_extract)
    i.state_data_erase_entry_run             0x00021e2c   Section        0  pstorage.o(i.state_data_erase_entry_run)
    state_data_erase_entry_run               0x00021e2d   Thumb Code    12  pstorage.o(i.state_data_erase_entry_run)
    i.state_data_erase_swap_entry_run        0x00021e3c   Section        0  pstorage.o(i.state_data_erase_swap_entry_run)
    state_data_erase_swap_entry_run          0x00021e3d   Thumb Code   136  pstorage.o(i.state_data_erase_swap_entry_run)
    i.state_entry_action_run                 0x00021ed4   Section        0  pstorage.o(i.state_entry_action_run)
    state_entry_action_run                   0x00021ed5   Thumb Code    54  pstorage.o(i.state_entry_action_run)
    i.state_erase_data_page_entry_run        0x00021f10   Section        0  pstorage.o(i.state_erase_data_page_entry_run)
    state_erase_data_page_entry_run          0x00021f11   Thumb Code    12  pstorage.o(i.state_erase_data_page_entry_run)
    i.state_idle_entry_run                   0x00021f20   Section        0  pstorage.o(i.state_idle_entry_run)
    state_idle_entry_run                     0x00021f21   Thumb Code    18  pstorage.o(i.state_idle_entry_run)
    i.state_restore_head_entry_run           0x00021f3c   Section        0  pstorage.o(i.state_restore_head_entry_run)
    state_restore_head_entry_run             0x00021f3d   Thumb Code    44  pstorage.o(i.state_restore_head_entry_run)
    i.state_restore_tail_entry_run           0x00021f70   Section        0  pstorage.o(i.state_restore_tail_entry_run)
    state_restore_tail_entry_run             0x00021f71   Thumb Code    76  pstorage.o(i.state_restore_tail_entry_run)
    i.state_store_entry_run                  0x00021fc4   Section        0  pstorage.o(i.state_store_entry_run)
    state_store_entry_run                    0x00021fc5   Thumb Code     8  pstorage.o(i.state_store_entry_run)
    i.state_swap_erase_entry_run             0x00021fcc   Section        0  pstorage.o(i.state_swap_erase_entry_run)
    state_swap_erase_entry_run               0x00021fcd   Thumb Code    38  pstorage.o(i.state_swap_erase_entry_run)
    i.state_write_data_swap_entry_run        0x00021ff4   Section        0  pstorage.o(i.state_write_data_swap_entry_run)
    state_write_data_swap_entry_run          0x00021ff5   Thumb Code    46  pstorage.o(i.state_write_data_swap_entry_run)
    i.storage_operation_dummy_handler        0x00022028   Section        0  device_manager_peripheral.o(i.storage_operation_dummy_handler)
    storage_operation_dummy_handler          0x00022029   Thumb Code     8  device_manager_peripheral.o(i.storage_operation_dummy_handler)
    i.store_cmd_flash_write_execute          0x00022030   Section        0  pstorage.o(i.store_cmd_flash_write_execute)
    store_cmd_flash_write_execute            0x00022031   Thumb Code    92  pstorage.o(i.store_cmd_flash_write_execute)
    i.store_operation_execute                0x00022094   Section        0  pstorage.o(i.store_operation_execute)
    store_operation_execute                  0x00022095   Thumb Code    10  pstorage.o(i.store_operation_execute)
    i.store_sub_state_sm_run                 0x000220a0   Section        0  pstorage.o(i.store_sub_state_sm_run)
    store_sub_state_sm_run                   0x000220a1   Thumb Code    62  pstorage.o(i.store_sub_state_sm_run)
    i.swap_erase_state_run                   0x000220ec   Section        0  pstorage.o(i.swap_erase_state_run)
    swap_erase_state_run                     0x000220ed   Thumb Code    28  pstorage.o(i.swap_erase_state_run)
    i.swap_sub_sm_exit_action_run            0x0002210c   Section        0  pstorage.o(i.swap_sub_sm_exit_action_run)
    swap_sub_sm_exit_action_run              0x0002210d   Thumb Code     8  pstorage.o(i.swap_sub_sm_exit_action_run)
    i.swap_sub_state_entry_action_run        0x00022114   Section        0  pstorage.o(i.swap_sub_state_entry_action_run)
    swap_sub_state_entry_action_run          0x00022115   Thumb Code    16  pstorage.o(i.swap_sub_state_entry_action_run)
    i.swap_sub_state_err_busy_process        0x0002212c   Section        0  pstorage.o(i.swap_sub_state_err_busy_process)
    swap_sub_state_err_busy_process          0x0002212d   Thumb Code    24  pstorage.o(i.swap_sub_state_err_busy_process)
    i.swap_sub_state_sm_run                  0x0002214c   Section        0  pstorage.o(i.swap_sub_state_sm_run)
    swap_sub_state_sm_run                    0x0002214d   Thumb Code    16  pstorage.o(i.swap_sub_state_sm_run)
    i.swap_sub_state_state_change            0x00022164   Section        0  pstorage.o(i.swap_sub_state_state_change)
    swap_sub_state_state_change              0x00022165   Thumb Code    14  pstorage.o(i.swap_sub_state_state_change)
    i.sys_evt_dispatch                       0x00022178   Section        0  main.o(i.sys_evt_dispatch)
    sys_evt_dispatch                         0x00022179   Thumb Code    18  main.o(i.sys_evt_dispatch)
    i.tail_restore_state_run                 0x0002218c   Section        0  pstorage.o(i.tail_restore_state_run)
    tail_restore_state_run                   0x0002218d   Thumb Code    26  pstorage.o(i.tail_restore_state_run)
    i.tail_word_size_calculate               0x000221ac   Section        0  pstorage.o(i.tail_word_size_calculate)
    tail_word_size_calculate                 0x000221ad   Thumb Code    84  pstorage.o(i.tail_word_size_calculate)
    i.ticks_diff_get                         0x00022204   Section        0  app_timer.o(i.ticks_diff_get)
    ticks_diff_get                           0x00022205   Thumb Code    10  app_timer.o(i.ticks_diff_get)
    i.timeout_handler_exec                   0x00022210   Section        0  app_timer.o(i.timeout_handler_exec)
    timeout_handler_exec                     0x00022211   Thumb Code    58  app_timer.o(i.timeout_handler_exec)
    i.timer_list_handler                     0x00022250   Section        0  app_timer.o(i.timer_list_handler)
    timer_list_handler                       0x00022251   Thumb Code    76  app_timer.o(i.timer_list_handler)
    i.timer_list_handler_sched               0x000222a8   Section        0  app_timer.o(i.timer_list_handler_sched)
    timer_list_handler_sched                 0x000222a9   Thumb Code    10  app_timer.o(i.timer_list_handler_sched)
    i.timer_list_insert                      0x000222b4   Section        0  app_timer.o(i.timer_list_insert)
    timer_list_insert                        0x000222b5   Thumb Code   212  app_timer.o(i.timer_list_insert)
    i.timer_list_remove                      0x00022390   Section        0  app_timer.o(i.timer_list_remove)
    timer_list_remove                        0x00022391   Thumb Code   184  app_timer.o(i.timer_list_remove)
    i.timer_start_op_schedule                0x0002245c   Section        0  app_timer.o(i.timer_start_op_schedule)
    timer_start_op_schedule                  0x0002245d   Thumb Code    80  app_timer.o(i.timer_start_op_schedule)
    i.timer_stop_op_schedule                 0x000224b0   Section        0  app_timer.o(i.timer_stop_op_schedule)
    timer_stop_op_schedule                   0x000224b1   Thumb Code    58  app_timer.o(i.timer_stop_op_schedule)
    i.timer_timeouts_check                   0x000224f0   Section        0  app_timer.o(i.timer_timeouts_check)
    timer_timeouts_check                     0x000224f1   Thumb Code   132  app_timer.o(i.timer_timeouts_check)
    i.timer_timeouts_check_sched             0x0002258c   Section        0  app_timer.o(i.timer_timeouts_check_sched)
    timer_timeouts_check_sched               0x0002258d   Thumb Code    10  app_timer.o(i.timer_timeouts_check_sched)
    i.timers_init                            0x00022598   Section        0  main.o(i.timers_init)
    timers_init                              0x00022599   Thumb Code    48  main.o(i.timers_init)
    i.tx_power_level_encode                  0x000225cc   Section        0  ble_advdata.o(i.tx_power_level_encode)
    tx_power_level_encode                    0x000225cd   Thumb Code    48  ble_advdata.o(i.tx_power_level_encode)
    i.uart_error_handle                      0x000225fc   Section        0  app_trace.o(i.uart_error_handle)
    i.uart_no_flow_control_init              0x0002262c   Section        0  app_uart.o(i.uart_no_flow_control_init)
    uart_no_flow_control_init                0x0002262d   Thumb Code    50  app_uart.o(i.uart_no_flow_control_init)
    i.uart_standard_flow_control_init        0x0002266c   Section        0  app_uart.o(i.uart_standard_flow_control_init)
    uart_standard_flow_control_init          0x0002266d   Thumb Code    50  app_uart.o(i.uart_standard_flow_control_init)
    i.uint16_encode                          0x000226ac   Section        0  ble_advdata.o(i.uint16_encode)
    uint16_encode                            0x000226ad   Thumb Code    18  ble_advdata.o(i.uint16_encode)
    i.update_operation_execute               0x000226be   Section        0  pstorage.o(i.update_operation_execute)
    update_operation_execute                 0x000226bf   Thumb Code     8  pstorage.o(i.update_operation_execute)
    i.update_status_bit_reset                0x000226c8   Section        0  device_manager_peripheral.o(i.update_status_bit_reset)
    update_status_bit_reset                  0x000226c9   Thumb Code    16  device_manager_peripheral.o(i.update_status_bit_reset)
    i.update_timeout_handler                 0x000226dc   Section        0  ble_conn_params.o(i.update_timeout_handler)
    update_timeout_handler                   0x000226dd   Thumb Code   136  ble_conn_params.o(i.update_timeout_handler)
    i.user_id_get                            0x00022778   Section        0  app_timer.o(i.user_id_get)
    user_id_get                              0x00022779   Thumb Code    34  app_timer.o(i.user_id_get)
    i.user_op_alloc                          0x0002279a   Section        0  app_timer.o(i.user_op_alloc)
    user_op_alloc                            0x0002279b   Thumb Code    44  app_timer.o(i.user_op_alloc)
    i.user_op_enque                          0x000227c6   Section        0  app_timer.o(i.user_op_enque)
    user_op_enque                            0x000227c7   Thumb Code     4  app_timer.o(i.user_op_enque)
    i.uuid_list_encode                       0x000227ca   Section        0  ble_advdata.o(i.uuid_list_encode)
    uuid_list_encode                         0x000227cb   Thumb Code    64  ble_advdata.o(i.uuid_list_encode)
    i.uuid_list_sized_encode                 0x0002280a   Section        0  ble_advdata.o(i.uuid_list_sized_encode)
    uuid_list_sized_encode                   0x0002280b   Thumb Code   196  ble_advdata.o(i.uuid_list_sized_encode)
    i.whitelist_has_entries                  0x000228ce   Section        0  ble_advertising.o(i.whitelist_has_entries)
    whitelist_has_entries                    0x000228cf   Thumb Code    22  ble_advertising.o(i.whitelist_has_entries)
    .constdata                               0x000228e4   Section       48  bsp.o(.constdata)
    m_buttons_list                           0x000228e4   Data          16  bsp.o(.constdata)
    app_buttons                              0x000228f4   Data          32  bsp.o(.constdata)
    .constdata                               0x00022914   Section       52  device_manager_peripheral.o(.constdata)
    .constdata                               0x00022948   Section        8  app_uart.o(.constdata)
    .constdata                               0x00022950   Section       40  pstorage.o(.constdata)
    swap_sub_state_sm_lut                    0x00022950   Data          20  pstorage.o(.constdata)
    swap_sub_state_sm_lut                    0x00022964   Data          20  pstorage.o(.constdata)
    .constdata                               0x00022978   Section        4  app_button.o(.constdata)
    .constdata                               0x0002297c   Section       12  app_trace.o(.constdata)
    .conststring                             0x00022988   Section       69  ble_advertising.o(.conststring)
    .data                                    0x20002800   Section        4  main.o(.data)
    m_app_handle                             0x20002800   Data           1  main.o(.data)
    m_conn_handle                            0x20002802   Data           2  main.o(.data)
    .data                                    0x20002804   Section       33  bsp.o(.data)
    m_stable_state                           0x20002804   Data           1  bsp.o(.data)
    m_app_ticks_per_100ms                    0x20002808   Data           4  bsp.o(.data)
    m_indication_type                        0x2000280c   Data           4  bsp.o(.data)
    m_leds_timer_id                          0x20002810   Data           4  bsp.o(.data)
    m_alert_timer_id                         0x20002814   Data           4  bsp.o(.data)
    m_registered_callback                    0x20002818   Data           4  bsp.o(.data)
    m_button_timer_id                        0x2000281c   Data           4  bsp.o(.data)
    current_long_push_pin_no                 0x20002820   Data           1  bsp.o(.data)
    release_event_at_push                    0x20002821   Data           4  bsp.o(.data)
    .data                                    0x20002828   Section        8  bsp_btn_ble.o(.data)
    m_error_handler                          0x20002828   Data           4  bsp_btn_ble.o(.data)
    m_num_connections                        0x2000282c   Data           4  bsp_btn_ble.o(.data)
    .data                                    0x20002830   Section       32  ble_advertising.o(.data)
    m_advertising_start_pending              0x20002830   Data           1  ble_advertising.o(.data)
    m_peer_address                           0x20002831   Data           7  ble_advertising.o(.data)
    m_adv_evt                                0x20002838   Data           1  ble_advertising.o(.data)
    m_evt_handler                            0x2000283c   Data           4  ble_advertising.o(.data)
    m_error_handler                          0x20002840   Data           4  ble_advertising.o(.data)
    m_adv_mode_current                       0x20002844   Data           1  ble_advertising.o(.data)
    m_whitelist_temporarily_disabled         0x20002845   Data           1  ble_advertising.o(.data)
    m_whitelist_reply_expected               0x20002846   Data           1  ble_advertising.o(.data)
    m_peer_addr_reply_expected               0x20002847   Data           1  ble_advertising.o(.data)
    m_slave_conn_int                         0x20002848   Data           4  ble_advertising.o(.data)
    m_tx_power_level                         0x2000284c   Data           1  ble_advertising.o(.data)
    current_slave_link_conn_handle           0x2000284e   Data           2  ble_advertising.o(.data)
    .data                                    0x20002850   Section       25  ble_conn_params.o(.data)
    m_preferred_conn_params                  0x20002850   Data           8  ble_conn_params.o(.data)
    m_update_count                           0x20002858   Data           1  ble_conn_params.o(.data)
    m_conn_handle                            0x2000285a   Data           2  ble_conn_params.o(.data)
    m_current_conn_params                    0x2000285c   Data           8  ble_conn_params.o(.data)
    m_conn_params_timer_id                   0x20002864   Data           4  ble_conn_params.o(.data)
    m_change_param                           0x20002868   Data           1  ble_conn_params.o(.data)
    .data                                    0x2000286c   Section       20  device_manager_peripheral.o(.data)
    m_storage_handle                         0x2000286c   Data           8  device_manager_peripheral.o(.data)
    m_peer_addr_update                       0x20002874   Data           4  device_manager_peripheral.o(.data)
    m_module_initialized                     0x20002878   Data           1  device_manager_peripheral.o(.data)
    m_irk_index_table                        0x20002879   Data           7  device_manager_peripheral.o(.data)
    .data                                    0x20002880   Section       13  app_uart.o(.data)
    m_tx_byte                                0x20002880   Data           1  app_uart.o(.data)
    m_rx_byte                                0x20002882   Data           2  app_uart.o(.data)
    m_instance_counter                       0x20002884   Data           1  app_uart.o(.data)
    m_event_handler                          0x20002888   Data           4  app_uart.o(.data)
    m_current_state                          0x2000288c   Data           1  app_uart.o(.data)
    .data                                    0x20002890   Section       40  pstorage.o(.data)
    m_next_app_instance                      0x20002890   Data           2  pstorage.o(.data)
    m_next_page_addr                         0x20002894   Data           4  pstorage.o(.data)
    m_state                                  0x20002898   Data           1  pstorage.o(.data)
    m_swap_sub_state                         0x20002899   Data           1  pstorage.o(.data)
    m_head_word_size                         0x2000289c   Data           4  pstorage.o(.data)
    m_tail_word_size                         0x200028a0   Data           4  pstorage.o(.data)
    m_current_page_id                        0x200028a4   Data           4  pstorage.o(.data)
    m_num_of_command_retries                 0x200028a8   Data           4  pstorage.o(.data)
    m_num_of_bytes_written                   0x200028ac   Data           4  pstorage.o(.data)
    m_app_data_size                          0x200028b0   Data           4  pstorage.o(.data)
    m_flags                                  0x200028b4   Data           4  pstorage.o(.data)
    .data                                    0x200028b8   Section       24  app_button.o(.data)
    mp_buttons                               0x200028b8   Data           4  app_button.o(.data)
    m_button_count                           0x200028bc   Data           1  app_button.o(.data)
    m_detection_delay                        0x200028c0   Data           4  app_button.o(.data)
    m_detection_delay_timer_id               0x200028c4   Data           4  app_button.o(.data)
    m_pin_state                              0x200028c8   Data           4  app_button.o(.data)
    m_pin_transition                         0x200028cc   Data           4  app_button.o(.data)
    .data                                    0x200028d0   Section       42  app_timer.o(.data)
    m_node_array_size                        0x200028d0   Data           1  app_timer.o(.data)
    mp_nodes                                 0x200028d4   Data           4  app_timer.o(.data)
    m_user_array_size                        0x200028d8   Data           1  app_timer.o(.data)
    mp_users                                 0x200028dc   Data           4  app_timer.o(.data)
    m_timer_id_head                          0x200028e0   Data           4  app_timer.o(.data)
    m_ticks_latest                           0x200028e4   Data           4  app_timer.o(.data)
    m_ticks_elapsed                          0x200028e8   Data           8  app_timer.o(.data)
    m_ticks_elapsed_q_read_ind               0x200028f0   Data           1  app_timer.o(.data)
    m_ticks_elapsed_q_write_ind              0x200028f1   Data           1  app_timer.o(.data)
    m_evt_schedule_func                      0x200028f4   Data           4  app_timer.o(.data)
    m_rtc1_running                           0x200028f8   Data           1  app_timer.o(.data)
    m_rtc1_reset                             0x200028f9   Data           1  app_timer.o(.data)
    .data                                    0x200028fa   Section        1  app_trace.o(.data)
    rx_buf                                   0x200028fa   Data           1  app_trace.o(.data)
    .data                                    0x200028fc   Section        8  retarget.o(.data)
    .data                                    0x20002904   Section       24  softdevice_handler.o(.data)
    m_evt_schedule_func                      0x20002904   Data           4  softdevice_handler.o(.data)
    m_softdevice_enabled                     0x20002908   Data           1  softdevice_handler.o(.data)
    mp_ble_evt_buffer                        0x2000290c   Data           4  softdevice_handler.o(.data)
    m_ble_evt_buffer_size                    0x20002910   Data           2  softdevice_handler.o(.data)
    m_ble_evt_handler                        0x20002914   Data           4  softdevice_handler.o(.data)
    m_sys_evt_handler                        0x20002918   Data           4  softdevice_handler.o(.data)
    .data                                    0x2000291c   Section        4  system_nrf51.o(.data)
    __tagsym$$used                           0x2000291c   Number         0  system_nrf51.o(.data)
    .bss                                     0x20002920   Section      908  main.o(.bss)
    m_lls                                    0x20002920   Data          20  main.o(.bss)
    APP_TIMER_BUF                            0x20002934   Data         816  main.o(.bss)
    BLE_EVT_BUFFER                           0x20002c64   Data          72  main.o(.bss)
    .bss                                     0x20002cac   Section       12  bsp.o(.bss)
    m_events_list                            0x20002cac   Data          12  bsp.o(.bss)
    .bss                                     0x20002cb8   Section      251  ble_advertising.o(.bss)
    m_advdata                                0x20002cb8   Data          48  ble_advertising.o(.bss)
    m_adv_modes_config                       0x20002ce8   Data          36  ble_advertising.o(.bss)
    m_whitelist                              0x20002d0c   Data          16  ble_advertising.o(.bss)
    mp_whitelist_addr                        0x20002d1c   Data          32  ble_advertising.o(.bss)
    mp_whitelist_irk                         0x20002d3c   Data          32  ble_advertising.o(.bss)
    m_manuf_specific_data                    0x20002d5c   Data          12  ble_advertising.o(.bss)
    m_manuf_data_array                       0x20002d68   Data          31  ble_advertising.o(.bss)
    m_service_data                           0x20002d88   Data          12  ble_advertising.o(.bss)
    m_service_data_array                     0x20002d94   Data          31  ble_advertising.o(.bss)
    .bss                                     0x20002db4   Section       28  ble_conn_params.o(.bss)
    m_conn_params_config                     0x20002db4   Data          28  ble_conn_params.o(.bss)
    .bss                                     0x20002dd0   Section      335  device_manager_peripheral.o(.bss)
    m_app_context_table                      0x20002dd0   Data          28  device_manager_peripheral.o(.bss)
    m_peer_table                             0x20002dec   Data         196  device_manager_peripheral.o(.bss)
    m_bond_table                             0x20002eb0   Data          28  device_manager_peripheral.o(.bss)
    m_gatts_table                            0x20002ecc   Data          36  device_manager_peripheral.o(.bss)
    m_connection_table                       0x20002ef0   Data          12  device_manager_peripheral.o(.bss)
    m_application_table                      0x20002efc   Data          12  device_manager_peripheral.o(.bss)
    m_local_id_info                          0x20002f08   Data          23  device_manager_peripheral.o(.bss)
    .bss                                     0x20002f20   Section       76  nrf_drv_gpiote.o(.bss)
    m_cb                                     0x20002f20   Data          76  nrf_drv_gpiote.o(.bss)
    .bss                                     0x20002f6c   Section      228  pstorage.o(.bss)
    m_cmd_queue                              0x20002f6c   Data         204  pstorage.o(.bss)
    m_app_table                              0x20003038   Data          24  pstorage.o(.bss)
    .bss                                     0x20003050   Section     1024  app_trace.o(.bss)
    tx_buf                                   0x20003050   Data        1024  app_trace.o(.bss)
    STACK                                    0x20003450   Section     2048  arm_startup_nrf51.o(STACK)

    Global Symbols

    Symbol Name                              Value     Ov Type        Size  Object(Section)

    BuildAttributes$$THM_ISAv3M$S$PE$A:L22$X:L11$S22$IEEE1$IW$USESV6$~STKCKD$USESV7$~SHL$OSPACE$ROPI$EBA8$MICROLIB$REQ8$PRES8$EABIv2 0x00000000   Number         0  anon$$obj.o ABSOLUTE
    __ARM_use_no_argv                        0x00000000   Number         0  main.o ABSOLUTE
    _printf_a                                0x00000000   Number         0  stubs.o ABSOLUTE
    _printf_c                                0x00000000   Number         0  stubs.o ABSOLUTE
    _printf_charcount                        0x00000000   Number         0  stubs.o ABSOLUTE
    _printf_d                                0x00000000   Number         0  stubs.o ABSOLUTE
    _printf_e                                0x00000000   Number         0  stubs.o ABSOLUTE
    _printf_f                                0x00000000   Number         0  stubs.o ABSOLUTE
    _printf_flags                            0x00000000   Number         0  stubs.o ABSOLUTE
    _printf_fp_dec                           0x00000000   Number         0  stubs.o ABSOLUTE
    _printf_fp_hex                           0x00000000   Number         0  stubs.o ABSOLUTE
    _printf_g                                0x00000000   Number         0  stubs.o ABSOLUTE
    _printf_i                                0x00000000   Number         0  stubs.o ABSOLUTE
    _printf_int_dec                          0x00000000   Number         0  stubs.o ABSOLUTE
    _printf_l                                0x00000000   Number         0  stubs.o ABSOLUTE
    _printf_lc                               0x00000000   Number         0  stubs.o ABSOLUTE
    _printf_ll                               0x00000000   Number         0  stubs.o ABSOLUTE
    _printf_lld                              0x00000000   Number         0  stubs.o ABSOLUTE
    _printf_lli                              0x00000000   Number         0  stubs.o ABSOLUTE
    _printf_llo                              0x00000000   Number         0  stubs.o ABSOLUTE
    _printf_llu                              0x00000000   Number         0  stubs.o ABSOLUTE
    _printf_llx                              0x00000000   Number         0  stubs.o ABSOLUTE
    _printf_longlong_dec                     0x00000000   Number         0  stubs.o ABSOLUTE
    _printf_longlong_hex                     0x00000000   Number         0  stubs.o ABSOLUTE
    _printf_longlong_oct                     0x00000000   Number         0  stubs.o ABSOLUTE
    _printf_ls                               0x00000000   Number         0  stubs.o ABSOLUTE
    _printf_mbtowc                           0x00000000   Number         0  stubs.o ABSOLUTE
    _printf_n                                0x00000000   Number         0  stubs.o ABSOLUTE
    _printf_o                                0x00000000   Number         0  stubs.o ABSOLUTE
    _printf_p                                0x00000000   Number         0  stubs.o ABSOLUTE
    _printf_percent                          0x00000000   Number         0  stubs.o ABSOLUTE
    _printf_pre_padding                      0x00000000   Number         0  stubs.o ABSOLUTE
    _printf_return_value                     0x00000000   Number         0  stubs.o ABSOLUTE
    _printf_s                                0x00000000   Number         0  stubs.o ABSOLUTE
    _printf_sizespec                         0x00000000   Number         0  stubs.o ABSOLUTE
    _printf_str                              0x00000000   Number         0  stubs.o ABSOLUTE
    _printf_truncate_signed                  0x00000000   Number         0  stubs.o ABSOLUTE
    _printf_truncate_unsigned                0x00000000   Number         0  stubs.o ABSOLUTE
    _printf_u                                0x00000000   Number         0  stubs.o ABSOLUTE
    _printf_wc                               0x00000000   Number         0  stubs.o ABSOLUTE
    _printf_wctomb                           0x00000000   Number         0  stubs.o ABSOLUTE
    _printf_widthprec                        0x00000000   Number         0  stubs.o ABSOLUTE
    _printf_x                                0x00000000   Number         0  stubs.o ABSOLUTE
    __cpp_initialize__aeabi_                  - Undefined Weak Reference
    __cxa_finalize                            - Undefined Weak Reference
    __decompress                              - Undefined Weak Reference
    _clock_init                               - Undefined Weak Reference
    _microlib_exit                            - Undefined Weak Reference
    __Vectors_Size                           0x000000c0   Number         0  arm_startup_nrf51.o ABSOLUTE
    __Vectors                                0x0001c000   Data           4  arm_startup_nrf51.o(RESET)
    __Vectors_End                            0x0001c0c0   Data           0  arm_startup_nrf51.o(RESET)
    __main                                   0x0001c0c1   Thumb Code     0  entry.o(.ARM.Collect$$$$00000000)
    _main_stk                                0x0001c0c1   Thumb Code     0  entry2.o(.ARM.Collect$$$$00000001)
    _main_scatterload                        0x0001c0c5   Thumb Code     0  entry5.o(.ARM.Collect$$$$00000004)
    __main_after_scatterload                 0x0001c0c9   Thumb Code     0  entry5.o(.ARM.Collect$$$$00000004)
    _main_clock                              0x0001c0c9   Thumb Code     0  entry7b.o(.ARM.Collect$$$$00000008)
    _main_cpp_init                           0x0001c0c9   Thumb Code     0  entry8b.o(.ARM.Collect$$$$0000000A)
    _main_init                               0x0001c0c9   Thumb Code     0  entry9a.o(.ARM.Collect$$$$0000000B)
    __rt_final_cpp                           0x0001c0d1   Thumb Code     0  entry10a.o(.ARM.Collect$$$$0000000D)
    __rt_final_exit                          0x0001c0d1   Thumb Code     0  entry11a.o(.ARM.Collect$$$$0000000F)
    __asm___11_nrf_delay_c_532987f3__nrf_delay_us 0x0001c0d5   Thumb Code    30  nrf_delay.o(.emb_text)
    __asm___11_app_timer_c_cd27f9c3__nrf_delay_us 0x0001c0f5   Thumb Code    30  app_timer.o(.emb_text)
    Reset_Handler                            0x0001c115   Thumb Code    26  arm_startup_nrf51.o(.text)
    NMI_Handler                              0x0001c12f   Thumb Code     2  arm_startup_nrf51.o(.text)
    HardFault_Handler                        0x0001c131   Thumb Code     2  arm_startup_nrf51.o(.text)
    SVC_Handler                              0x0001c133   Thumb Code     2  arm_startup_nrf51.o(.text)
    PendSV_Handler                           0x0001c135   Thumb Code     2  arm_startup_nrf51.o(.text)
    SysTick_Handler                          0x0001c137   Thumb Code     2  arm_startup_nrf51.o(.text)
    ADC_IRQHandler                           0x0001c139   Thumb Code     0  arm_startup_nrf51.o(.text)
    CCM_AAR_IRQHandler                       0x0001c139   Thumb Code     0  arm_startup_nrf51.o(.text)
    ECB_IRQHandler                           0x0001c139   Thumb Code     0  arm_startup_nrf51.o(.text)
    LPCOMP_IRQHandler                        0x0001c139   Thumb Code     0  arm_startup_nrf51.o(.text)
    POWER_CLOCK_IRQHandler                   0x0001c139   Thumb Code     0  arm_startup_nrf51.o(.text)
    QDEC_IRQHandler                          0x0001c139   Thumb Code     0  arm_startup_nrf51.o(.text)
    RADIO_IRQHandler                         0x0001c139   Thumb Code     0  arm_startup_nrf51.o(.text)
    RNG_IRQHandler                           0x0001c139   Thumb Code     0  arm_startup_nrf51.o(.text)
    RTC0_IRQHandler                          0x0001c139   Thumb Code     0  arm_startup_nrf51.o(.text)
    SPI0_TWI0_IRQHandler                     0x0001c139   Thumb Code     0  arm_startup_nrf51.o(.text)
    SPI1_TWI1_IRQHandler                     0x0001c139   Thumb Code     0  arm_startup_nrf51.o(.text)
    SWI1_IRQHandler                          0x0001c139   Thumb Code     0  arm_startup_nrf51.o(.text)
    SWI3_IRQHandler                          0x0001c139   Thumb Code     0  arm_startup_nrf51.o(.text)
    SWI4_IRQHandler                          0x0001c139   Thumb Code     0  arm_startup_nrf51.o(.text)
    SWI5_IRQHandler                          0x0001c139   Thumb Code     0  arm_startup_nrf51.o(.text)
    TEMP_IRQHandler                          0x0001c139   Thumb Code     0  arm_startup_nrf51.o(.text)
    TIMER0_IRQHandler                        0x0001c139   Thumb Code     0  arm_startup_nrf51.o(.text)
    TIMER1_IRQHandler                        0x0001c139   Thumb Code     0  arm_startup_nrf51.o(.text)
    TIMER2_IRQHandler                        0x0001c139   Thumb Code     0  arm_startup_nrf51.o(.text)
    WDT_IRQHandler                           0x0001c139   Thumb Code     0  arm_startup_nrf51.o(.text)
    __aeabi_uidiv                            0x0001c14d   Thumb Code     0  uidiv.o(.text)
    __aeabi_uidivmod                         0x0001c14d   Thumb Code    44  uidiv.o(.text)
    __aeabi_idiv                             0x0001c179   Thumb Code     0  idiv.o(.text)
    __aeabi_idivmod                          0x0001c179   Thumb Code    40  idiv.o(.text)
    __aeabi_memcpy                           0x0001c1a1   Thumb Code    36  memcpya.o(.text)
    __aeabi_memcpy4                          0x0001c1a1   Thumb Code     0  memcpya.o(.text)
    __aeabi_memcpy8                          0x0001c1a1   Thumb Code     0  memcpya.o(.text)
    __aeabi_memset                           0x0001c1c5   Thumb Code    14  memseta.o(.text)
    __aeabi_memset4                          0x0001c1c5   Thumb Code     0  memseta.o(.text)
    __aeabi_memset8                          0x0001c1c5   Thumb Code     0  memseta.o(.text)
    __aeabi_memclr                           0x0001c1d3   Thumb Code     4  memseta.o(.text)
    __aeabi_memclr4                          0x0001c1d3   Thumb Code     0  memseta.o(.text)
    __aeabi_memclr8                          0x0001c1d3   Thumb Code     0  memseta.o(.text)
    _memset$wrapper                          0x0001c1d7   Thumb Code    18  memseta.o(.text)
    memcmp                                   0x0001c1e9   Thumb Code    26  memcmp.o(.text)
    __aeabi_uldivmod                         0x0001c203   Thumb Code    96  uldiv.o(.text)
    __scatterload                            0x0001c265   Thumb Code    28  init.o(.text)
    __scatterload_rt2                        0x0001c265   Thumb Code     0  init.o(.text)
    __aeabi_llsl                             0x0001c289   Thumb Code    32  llshl.o(.text)
    _ll_shift_l                              0x0001c289   Thumb Code     0  llshl.o(.text)
    __aeabi_llsr                             0x0001c2a9   Thumb Code    34  llushr.o(.text)
    _ll_ushift_r                             0x0001c2a9   Thumb Code     0  llushr.o(.text)
    GPIOTE_IRQHandler                        0x0001c2cd   Thumb Code   378  nrf_drv_gpiote.o(i.GPIOTE_IRQHandler)
    RTC1_IRQHandler                          0x0001c5fd   Thumb Code    34  app_timer.o(i.RTC1_IRQHandler)
    SWI0_IRQHandler                          0x0001c625   Thumb Code     8  app_timer.o(i.SWI0_IRQHandler)
    SWI2_IRQHandler                          0x0001c62d   Thumb Code    50  softdevice_handler.o(i.SWI2_IRQHandler)
    SystemInit                               0x0001c665   Thumb Code    38  system_nrf51.o(i.SystemInit)
    UART0_IRQHandler                         0x0001c69d   Thumb Code   148  app_uart.o(i.UART0_IRQHandler)
    __0printf$8                              0x0001c745   Thumb Code    24  printf8.o(i.__0printf$8)
    __1printf$8                              0x0001c745   Thumb Code     0  printf8.o(i.__0printf$8)
    __2printf                                0x0001c745   Thumb Code     0  printf8.o(i.__0printf$8)
    __ARM_common_switch8                     0x0001c765   Thumb Code    28  bsp.o(i.__ARM_common_switch8)
    __scatterload_copy                       0x0001c781   Thumb Code    14  handlers.o(i.__scatterload_copy)
    __scatterload_null                       0x0001c78f   Thumb Code     2  handlers.o(i.__scatterload_null)
    __scatterload_zeroinit                   0x0001c791   Thumb Code    14  handlers.o(i.__scatterload_zeroinit)
    action_tx_stop                           0x0001cc4d   Thumb Code    28  app_uart.o(i.action_tx_stop)
    app_button_enable                        0x0001cff5   Thumb Code    34  app_button.o(i.app_button_enable)
    app_button_init                          0x0001d021   Thumb Code   128  app_button.o(i.app_button_init)
    app_error_handler                        0x0001d0c5   Thumb Code    48  app_error.o(i.app_error_handler)
    app_timer_create                         0x0001d16d   Thumb Code   108  app_timer.o(i.app_timer_create)
    app_timer_init                           0x0001d1e1   Thumb Code   204  app_timer.o(i.app_timer_init)
    app_timer_start                          0x0001d2d1   Thumb Code    98  app_timer.o(i.app_timer_start)
    app_timer_stop                           0x0001d33d   Thumb Code    60  app_timer.o(i.app_timer_stop)
    app_trace_init                           0x0001d381   Thumb Code    62  app_trace.o(i.app_trace_init)
    app_uart_init                            0x0001d3d1   Thumb Code   362  app_uart.o(i.app_uart_init)
    app_uart_put                             0x0001d569   Thumb Code    32  app_uart.o(i.app_uart_put)
    ble_advdata_set                          0x0001d5dd   Thumb Code   122  ble_advdata.o(i.ble_advdata_set)
    ble_advertising_init                     0x0001d659   Thumb Code   316  ble_advertising.o(i.ble_advertising_init)
    ble_advertising_on_ble_evt               0x0001d7cd   Thumb Code   268  ble_advertising.o(i.ble_advertising_on_ble_evt)
    ble_advertising_on_sys_evt               0x0001d999   Thumb Code    70  ble_advertising.o(i.ble_advertising_on_sys_evt)
    ble_advertising_restart_without_whitelist 0x0001d9fd   Thumb Code    78  ble_advertising.o(i.ble_advertising_restart_without_whitelist)
    ble_advertising_start                    0x0001da5d   Thumb Code   692  ble_advertising.o(i.ble_advertising_start)
    ble_conn_params_init                     0x0001de25   Thumb Code    90  ble_conn_params.o(i.ble_conn_params_init)
    ble_conn_params_on_ble_evt               0x0001de9d   Thumb Code    62  ble_conn_params.o(i.ble_conn_params_on_ble_evt)
    ble_lls_alert_level_get                  0x0001df0d   Thumb Code    34  ble_lls.o(i.ble_lls_alert_level_get)
    ble_lls_init                             0x0001df31   Thumb Code    68  ble_lls.o(i.ble_lls_init)
    ble_lls_on_ble_evt                       0x0001df79   Thumb Code    58  ble_lls.o(i.ble_lls_on_ble_evt)
    bond_data_load                           0x0001e05d   Thumb Code    62  device_manager_peripheral.o(i.bond_data_load)
    bsp_btn_ble_init                         0x0001e0ad   Thumb Code    54  bsp_btn_ble.o(i.bsp_btn_ble_init)
    bsp_btn_ble_on_ble_evt                   0x0001e0ed   Thumb Code   122  bsp_btn_ble.o(i.bsp_btn_ble_on_ble_evt)
    bsp_btn_ble_sleep_mode_prepare           0x0001e171   Thumb Code    30  bsp_btn_ble.o(i.bsp_btn_ble_sleep_mode_prepare)
    bsp_button_is_pressed                    0x0001e269   Thumb Code    48  bsp.o(i.bsp_button_is_pressed)
    bsp_event_handler                        0x0001e2a1   Thumb Code   104  main.o(i.bsp_event_handler)
    bsp_event_to_button_action_assign        0x0001e30d   Thumb Code    88  bsp.o(i.bsp_event_to_button_action_assign)
    bsp_indication_set                       0x0001e369   Thumb Code    30  bsp.o(i.bsp_indication_set)
    bsp_init                                 0x0001e38d   Thumb Code   166  bsp.o(i.bsp_init)
    bsp_wakeup_buttons_set                   0x0001e94d   Thumb Code    84  bsp.o(i.bsp_wakeup_buttons_set)
    dm_ble_evt_handler                       0x0001f521   Thumb Code  1562  device_manager_peripheral.o(i.dm_ble_evt_handler)
    dm_handle_initialize                     0x0001fb59   Thumb Code    24  device_manager_peripheral.o(i.dm_handle_initialize)
    dm_init                                  0x0001fb75   Thumb Code   230  device_manager_peripheral.o(i.dm_init)
    dm_register                              0x0001fec1   Thumb Code   176  device_manager_peripheral.o(i.dm_register)
    fputc                                    0x00020159   Thumb Code    16  retarget.o(i.fputc)
    intern_softdevice_events_execute         0x0002058d   Thumb Code   168  softdevice_handler.o(i.intern_softdevice_events_execute)
    main                                     0x00020a65   Thumb Code    94  main.o(i.main)
    nrf_delay_ms                             0x00020c11   Thumb Code    24  nrf_delay.o(i.nrf_delay_ms)
    nrf_drv_common_irq_enable                0x00020c2d   Thumb Code    48  nrf_drv_common.o(i.nrf_drv_common_irq_enable)
    nrf_drv_gpiote_in_event_enable           0x00020c65   Thumb Code   186  nrf_drv_gpiote.o(i.nrf_drv_gpiote_in_event_enable)
    nrf_drv_gpiote_in_init                   0x00020d2d   Thumb Code   226  nrf_drv_gpiote.o(i.nrf_drv_gpiote_in_init)
    nrf_drv_gpiote_in_is_set                 0x00020e21   Thumb Code    26  nrf_drv_gpiote.o(i.nrf_drv_gpiote_in_is_set)
    nrf_drv_gpiote_init                      0x00020e41   Thumb Code    76  nrf_drv_gpiote.o(i.nrf_drv_gpiote_init)
    nrf_drv_gpiote_is_init                   0x00020e91   Thumb Code    16  nrf_drv_gpiote.o(i.nrf_drv_gpiote_is_init)
    nrf_drv_gpiote_out_init                  0x00020ea5   Thumb Code   226  nrf_drv_gpiote.o(i.nrf_drv_gpiote_out_init)
    pstorage_access_status_get               0x00021489   Thumb Code    40  pstorage.o(i.pstorage_access_status_get)
    pstorage_block_identifier_get            0x000214b9   Thumb Code   154  pstorage.o(i.pstorage_block_identifier_get)
    pstorage_clear                           0x0002155d   Thumb Code   270  pstorage.o(i.pstorage_clear)
    pstorage_init                            0x000216a9   Thumb Code   104  pstorage.o(i.pstorage_init)
    pstorage_load                            0x00021731   Thumb Code   242  pstorage.o(i.pstorage_load)
    pstorage_register                        0x0002182d   Thumb Code   262  pstorage.o(i.pstorage_register)
    pstorage_store                           0x00021945   Thumb Code   216  pstorage.o(i.pstorage_store)
    pstorage_sys_event_handler               0x00021a25   Thumb Code    66  pstorage.o(i.pstorage_sys_event_handler)
    pstorage_update                          0x00021a71   Thumb Code   216  pstorage.o(i.pstorage_update)
    softdevice_assertion_handler             0x00021d1d   Thumb Code    18  softdevice_handler.o(i.softdevice_assertion_handler)
    softdevice_ble_evt_handler_set           0x00021d31   Thumb Code    18  softdevice_handler.o(i.softdevice_ble_evt_handler_set)
    softdevice_handler_init                  0x00021d49   Thumb Code    84  softdevice_handler.o(i.softdevice_handler_init)
    softdevice_sys_evt_handler_set           0x00021db1   Thumb Code    18  softdevice_handler.o(i.softdevice_sys_evt_handler_set)
    uart_error_handle                        0x000225fd   Thumb Code    46  app_trace.o(i.uart_error_handle)
    m_service_context_store                  0x00022914   Data          16  device_manager_peripheral.o(.constdata)
    m_service_context_load                   0x00022924   Data          16  device_manager_peripheral.o(.constdata)
    m_service_context_apply                  0x00022934   Data          16  device_manager_peripheral.o(.constdata)
    m_context_init_len                       0x00022944   Data           4  device_manager_peripheral.o(.constdata)
    Region$$Table$$Base                      0x000229d0   Number         0  anon$$obj.o(Region$$Table)
    Region$$Table$$Limit                     0x000229f0   Number         0  anon$$obj.o(Region$$Table)
    __stdout                                 0x200028fc   Data           4  retarget.o(.data)
    __stdin                                  0x20002900   Data           4  retarget.o(.data)
    SystemCoreClock                          0x2000291c   Data           4  system_nrf51.o(.data)
    __initial_sp                             0x20003c50   Data           0  arm_startup_nrf51.o(STACK)



==============================================================================

Memory Map of the image

  Image Entry point : 0x0001c0c1

  Load Region LR_IROM1 (Base: 0x0001c000, Size: 0x00006b10, Max: 0x00024000, ABSOLUTE)

    Execution Region ER_IROM1 (Base: 0x0001c000, Size: 0x000069f0, Max: 0x00024000, ABSOLUTE)

    Base Addr    Size         Type   Attr      Idx    E Section Name        Object

    0x0001c000   0x000000c0   Data   RO         2286    RESET               arm_startup_nrf51.o
    0x0001c0c0   0x00000000   Code   RO         2333  * .ARM.Collect$$$$00000000  mc_p.l(entry.o)
    0x0001c0c0   0x00000004   Code   RO         2611    .ARM.Collect$$$$00000001  mc_p.l(entry2.o)
    0x0001c0c4   0x00000004   Code   RO         2614    .ARM.Collect$$$$00000004  mc_p.l(entry5.o)
    0x0001c0c8   0x00000000   Code   RO         2616    .ARM.Collect$$$$00000008  mc_p.l(entry7b.o)
    0x0001c0c8   0x00000000   Code   RO         2618    .ARM.Collect$$$$0000000A  mc_p.l(entry8b.o)
    0x0001c0c8   0x00000008   Code   RO         2619    .ARM.Collect$$$$0000000B  mc_p.l(entry9a.o)
    0x0001c0d0   0x00000000   Code   RO         2621    .ARM.Collect$$$$0000000D  mc_p.l(entry10a.o)
    0x0001c0d0   0x00000000   Code   RO         2623    .ARM.Collect$$$$0000000F  mc_p.l(entry11a.o)
    0x0001c0d0   0x00000004   Code   RO         2612    .ARM.Collect$$$$00002712  mc_p.l(entry2.o)
    0x0001c0d4   0x0000001e   Code   RO         1228    .emb_text           nrf_delay.o
    0x0001c0f2   0x00000002   PAD
    0x0001c0f4   0x0000001e   Code   RO         1921    .emb_text           app_timer.o
    0x0001c112   0x00000002   PAD
    0x0001c114   0x00000038   Code   RO         2287    .text               arm_startup_nrf51.o
    0x0001c14c   0x0000002c   Code   RO         2336    .text               mc_p.l(uidiv.o)
    0x0001c178   0x00000028   Code   RO         2338    .text               mc_p.l(idiv.o)
    0x0001c1a0   0x00000024   Code   RO         2340    .text               mc_p.l(memcpya.o)
    0x0001c1c4   0x00000024   Code   RO         2342    .text               mc_p.l(memseta.o)
    0x0001c1e8   0x0000001a   Code   RO         2346    .text               mc_p.l(memcmp.o)
    0x0001c202   0x00000060   Code   RO         2625    .text               mc_p.l(uldiv.o)
    0x0001c262   0x00000002   PAD
    0x0001c264   0x00000024   Code   RO         2638    .text               mc_p.l(init.o)
    0x0001c288   0x00000020   Code   RO         2640    .text               mc_p.l(llshl.o)
    0x0001c2a8   0x00000022   Code   RO         2642    .text               mc_p.l(llushr.o)
    0x0001c2ca   0x00000002   PAD
    0x0001c2cc   0x0000018c   Code   RO         1287    i.GPIOTE_IRQHandler  nrf_drv_gpiote.o
    0x0001c458   0x00000014   Code   RO         1922    i.NVIC_ClearPendingIRQ  app_timer.o
    0x0001c46c   0x00000014   Code   RO         1923    i.NVIC_EnableIRQ    app_timer.o
    0x0001c480   0x00000014   Code   RO         1924    i.NVIC_SetPendingIRQ  app_timer.o
    0x0001c494   0x00000078   Code   RO         1077    i.NVIC_SetPriority  app_uart.o
    0x0001c50c   0x00000078   Code   RO         1256    i.NVIC_SetPriority  nrf_drv_common.o
    0x0001c584   0x00000078   Code   RO         1925    i.NVIC_SetPriority  app_timer.o
    0x0001c5fc   0x00000028   Code   RO         1926    i.RTC1_IRQHandler   app_timer.o
    0x0001c624   0x00000008   Code   RO         1927    i.SWI0_IRQHandler   app_timer.o
    0x0001c62c   0x00000038   Code   RO         2228    i.SWI2_IRQHandler   softdevice_handler.o
    0x0001c664   0x00000038   Code   RO         2294    i.SystemInit        system_nrf51.o
    0x0001c69c   0x000000a8   Code   RO         1078    i.UART0_IRQHandler  app_uart.o
    0x0001c744   0x00000020   Code   RO         2557    i.__0printf$8       mc_p.l(printf8.o)
    0x0001c764   0x0000001c   Code   RO          415    i.__ARM_common_switch8  bsp.o
    0x0001c780   0x0000000e   Code   RO         2652    i.__scatterload_copy  mc_p.l(handlers.o)
    0x0001c78e   0x00000002   Code   RO         2653    i.__scatterload_null  mc_p.l(handlers.o)
    0x0001c790   0x0000000e   Code   RO         2654    i.__scatterload_zeroinit  mc_p.l(handlers.o)
    0x0001c79e   0x00000002   PAD
    0x0001c7a0   0x00000428   Code   RO         2564    i._printf_core      mc_p.l(printf8.o)
    0x0001cbc8   0x00000020   Code   RO         2565    i._printf_post_padding  mc_p.l(printf8.o)
    0x0001cbe8   0x0000002c   Code   RO         2566    i._printf_pre_padding  mc_p.l(printf8.o)
    0x0001cc14   0x00000008   Code   RO         1079    i.action_tx_ready   app_uart.o
    0x0001cc1c   0x00000030   Code   RO         1080    i.action_tx_send    app_uart.o
    0x0001cc4c   0x00000028   Code   RO         1081    i.action_tx_stop    app_uart.o
    0x0001cc74   0x00000024   Code   RO         1082    i.action_uart_deactivate  app_uart.o
    0x0001cc98   0x00000136   Code   RO          476    i.adv_data_encode   ble_advdata.o
    0x0001cdce   0x00000014   Code   RO          477    i.advdata_check     ble_advdata.o
    0x0001cde2   0x0000005a   Code   RO          429    i.advertising_buttons_configure  bsp_btn_ble.o
    0x0001ce3c   0x00000060   Code   RO            4    i.advertising_init  main.o
    0x0001ce9c   0x000000b8   Code   RO         1022    i.alert_level_char_add  ble_lls.o
    0x0001cf54   0x0000007c   Code   RO            5    i.alert_signal      main.o
    0x0001cfd0   0x00000024   Code   RO          323    i.alert_timer_handler  bsp.o
    0x0001cff4   0x0000002c   Code   RO         1842    i.app_button_enable  app_button.o
    0x0001d020   0x000000a4   Code   RO         1843    i.app_button_init   app_button.o
    0x0001d0c4   0x00000038   Code   RO         1898    i.app_error_handler  app_error.o
    0x0001d0fc   0x0000001c   Code   RO          752    i.app_evt_notify    device_manager_peripheral.o
    0x0001d118   0x00000030   Code   RO         1512    i.app_notify        pstorage.o
    0x0001d148   0x00000024   Code   RO         1513    i.app_notify_error_state_transit  pstorage.o
    0x0001d16c   0x00000074   Code   RO         1930    i.app_timer_create  app_timer.o
    0x0001d1e0   0x000000f0   Code   RO         1931    i.app_timer_init    app_timer.o
    0x0001d2d0   0x0000006c   Code   RO         1932    i.app_timer_start   app_timer.o
    0x0001d33c   0x00000044   Code   RO         1933    i.app_timer_stop    app_timer.o
    0x0001d380   0x00000050   Code   RO         2145    i.app_trace_init    app_trace.o
    0x0001d3d0   0x00000198   Code   RO         1087    i.app_uart_init     app_uart.o
    0x0001d568   0x00000028   Code   RO         1088    i.app_uart_put      app_uart.o
    0x0001d590   0x0000004a   Code   RO          478    i.appearance_encode  ble_advdata.o
    0x0001d5da   0x00000002   Code   RO            6    i.application_timers_start  main.o
    0x0001d5dc   0x0000007a   Code   RO          479    i.ble_advdata_set   ble_advdata.o
    0x0001d656   0x00000002   PAD
    0x0001d658   0x00000174   Code   RO          564    i.ble_advertising_init  ble_advertising.o
    0x0001d7cc   0x000001cc   Code   RO          565    i.ble_advertising_on_ble_evt  ble_advertising.o
    0x0001d998   0x00000054   Code   RO          566    i.ble_advertising_on_sys_evt  ble_advertising.o
    0x0001d9ec   0x00000010   Code   RO          568    i.ble_advertising_peer_address_clear  ble_advertising.o
    0x0001d9fc   0x00000060   Code   RO          569    i.ble_advertising_restart_without_whitelist  ble_advertising.o
    0x0001da5c   0x000003c8   Code   RO          570    i.ble_advertising_start  ble_advertising.o
    0x0001de24   0x00000078   Code   RO          638    i.ble_conn_params_init  ble_conn_params.o
    0x0001de9c   0x0000003e   Code   RO          639    i.ble_conn_params_on_ble_evt  ble_conn_params.o
    0x0001deda   0x00000002   PAD
    0x0001dedc   0x00000030   Code   RO            8    i.ble_evt_dispatch  main.o
    0x0001df0c   0x00000022   Code   RO         1023    i.ble_lls_alert_level_get  ble_lls.o
    0x0001df2e   0x00000002   PAD
    0x0001df30   0x00000048   Code   RO         1024    i.ble_lls_init      ble_lls.o
    0x0001df78   0x0000003a   Code   RO         1025    i.ble_lls_on_ble_evt  ble_lls.o
    0x0001dfb2   0x00000002   PAD
    0x0001dfb4   0x000000a8   Code   RO            9    i.ble_stack_init    main.o
    0x0001e05c   0x00000050   Code   RO          753    i.bond_data_load    device_manager_peripheral.o
    0x0001e0ac   0x00000040   Code   RO          430    i.bsp_btn_ble_init  bsp_btn_ble.o
    0x0001e0ec   0x00000084   Code   RO          431    i.bsp_btn_ble_on_ble_evt  bsp_btn_ble.o
    0x0001e170   0x0000001e   Code   RO          432    i.bsp_btn_ble_sleep_mode_prepare  bsp_btn_ble.o
    0x0001e18e   0x00000002   PAD
    0x0001e190   0x000000d8   Code   RO          324    i.bsp_button_event_handler  bsp.o
    0x0001e268   0x00000038   Code   RO          325    i.bsp_button_is_pressed  bsp.o
    0x0001e2a0   0x0000006c   Code   RO           10    i.bsp_event_handler  main.o
    0x0001e30c   0x0000005c   Code   RO          329    i.bsp_event_to_button_action_assign  bsp.o
    0x0001e368   0x00000024   Code   RO          330    i.bsp_indication_set  bsp.o
    0x0001e38c   0x000000d4   Code   RO          332    i.bsp_init          bsp.o
    0x0001e460   0x000004ec   Code   RO          333    i.bsp_led_indication  bsp.o
    0x0001e94c   0x0000005c   Code   RO          334    i.bsp_wakeup_buttons_set  bsp.o
    0x0001e9a8   0x0000000e   Code   RO          335    i.button_timer_handler  bsp.o
    0x0001e9b6   0x00000002   PAD
    0x0001e9b8   0x00000064   Code   RO           11    i.buttons_leds_init  main.o
    0x0001ea1c   0x00000020   Code   RO         1288    i.channel_free      nrf_drv_gpiote.o
    0x0001ea3c   0x00000010   Code   RO         1289    i.channel_handler_get  nrf_drv_gpiote.o
    0x0001ea4c   0x00000078   Code   RO         1290    i.channel_port_alloc  nrf_drv_gpiote.o
    0x0001eac4   0x0000000c   Code   RO         1291    i.channel_port_get  nrf_drv_gpiote.o
    0x0001ead0   0x00000114   Code   RO         1514    i.clear_operation_execute  pstorage.o
    0x0001ebe4   0x00000028   Code   RO         1515    i.clear_post_processing_run  pstorage.o
    0x0001ec0c   0x00000048   Code   RO         1516    i.cmd_process       pstorage.o
    0x0001ec54   0x00000014   Code   RO         1517    i.cmd_queue_dequeue  pstorage.o
    0x0001ec68   0x0000003c   Code   RO         1518    i.cmd_queue_element_init  pstorage.o
    0x0001eca4   0x00000084   Code   RO         1519    i.cmd_queue_enqueue  pstorage.o
    0x0001ed28   0x00000020   Code   RO         1520    i.cmd_queue_init    pstorage.o
    0x0001ed48   0x00000028   Code   RO         1521    i.command_end_procedure_run  pstorage.o
    0x0001ed70   0x0000002c   Code   RO         1522    i.command_queue_element_consume  pstorage.o
    0x0001ed9c   0x00000090   Code   RO         1935    i.compare_reg_update  app_timer.o
    0x0001ee2c   0x0000005c   Code   RO          480    i.conn_int_check    ble_advdata.o
    0x0001ee88   0x0000005c   Code   RO          481    i.conn_int_encode   ble_advdata.o
    0x0001eee4   0x00000014   Code   RO           12    i.conn_params_error_handler  main.o
    0x0001eef8   0x0000005c   Code   RO           13    i.conn_params_init  main.o
    0x0001ef54   0x00000094   Code   RO          641    i.conn_params_negotiation  ble_conn_params.o
    0x0001efe8   0x0000005a   Code   RO          433    i.connection_buttons_configure  bsp_btn_ble.o
    0x0001f042   0x00000002   PAD
    0x0001f044   0x00000048   Code   RO          754    i.connection_instance_find  device_manager_peripheral.o
    0x0001f08c   0x00000038   Code   RO          755    i.connection_instance_init  device_manager_peripheral.o
    0x0001f0c4   0x0000005c   Code   RO         1936    i.current_int_priority_get  app_timer.o
    0x0001f120   0x00000084   Code   RO         1523    i.data_page_erase_state_run  pstorage.o
    0x0001f1a4   0x00000038   Code   RO         1524    i.data_to_swap_write_state_run  pstorage.o
    0x0001f1dc   0x0000008c   Code   RO         1845    i.detection_delay_timeout_handler  app_button.o
    0x0001f268   0x000000d0   Code   RO          756    i.device_context_store  device_manager_peripheral.o
    0x0001f338   0x0000007c   Code   RO          757    i.device_instance_allocate  device_manager_peripheral.o
    0x0001f3b4   0x00000058   Code   RO          758    i.device_instance_find  device_manager_peripheral.o
    0x0001f40c   0x00000030   Code   RO          759    i.device_instance_free  device_manager_peripheral.o
    0x0001f43c   0x00000024   Code   RO           14    i.device_manager_evt_handler  main.o
    0x0001f460   0x000000c0   Code   RO           15    i.device_manager_init  main.o
    0x0001f520   0x00000638   Code   RO          764    i.dm_ble_evt_handler  device_manager_peripheral.o
    0x0001fb58   0x0000001c   Code   RO          770    i.dm_handle_initialize  device_manager_peripheral.o
    0x0001fb74   0x00000108   Code   RO          771    i.dm_init           device_manager_peripheral.o
    0x0001fc7c   0x00000244   Code   RO          774    i.dm_pstorage_cb_handler  device_manager_peripheral.o
    0x0001fec0   0x000000bc   Code   RO          775    i.dm_register       device_manager_peripheral.o
    0x0001ff7c   0x00000064   Code   RO         1937    i.elapsed_ticks_acquire  app_timer.o
    0x0001ffe0   0x00000044   Code   RO         1525    i.erase_sub_state_sm_run  pstorage.o
    0x00020024   0x0000006c   Code   RO         1938    i.expired_timers_handler  app_timer.o
    0x00020090   0x00000030   Code   RO         1526    i.flash_api_err_code_process  pstorage.o
    0x000200c0   0x00000040   Code   RO         1527    i.flash_operation_failure_run  pstorage.o
    0x00020100   0x00000030   Code   RO         1528    i.flash_operation_success_run  pstorage.o
    0x00020130   0x00000010   Code   RO         1529    i.flash_page_erase  pstorage.o
    0x00020140   0x00000018   Code   RO         1530    i.flash_write       pstorage.o
    0x00020158   0x00000010   Code   RO         2196    i.fputc             retarget.o
    0x00020168   0x00000090   Code   RO           16    i.gap_params_init   main.o
    0x000201f8   0x00000006   Code   RO          782    i.gattc_context_apply  device_manager_peripheral.o
    0x000201fe   0x00000006   Code   RO          783    i.gattc_context_load  device_manager_peripheral.o
    0x00020204   0x00000006   Code   RO          784    i.gattc_context_store  device_manager_peripheral.o
    0x0002020a   0x00000002   PAD
    0x0002020c   0x000000f4   Code   RO          785    i.gatts_context_apply  device_manager_peripheral.o
    0x00020300   0x00000048   Code   RO          786    i.gatts_context_load  device_manager_peripheral.o
    0x00020348   0x000000dc   Code   RO          787    i.gatts_context_store  device_manager_peripheral.o
    0x00020424   0x0000001a   Code   RO          788    i.gattsc_context_apply  device_manager_peripheral.o
    0x0002043e   0x0000001e   Code   RO          789    i.gattsc_context_load  device_manager_peripheral.o
    0x0002045c   0x0000001e   Code   RO          790    i.gattsc_context_store  device_manager_peripheral.o
    0x0002047a   0x00000002   PAD
    0x0002047c   0x00000080   Code   RO         1846    i.gpiote_event_handler  app_button.o
    0x000204fc   0x00000020   Code   RO         1089    i.gpiote_uart_event_handler  app_uart.o
    0x0002051c   0x00000070   Code   RO         1531    i.head_restore_state_run  pstorage.o
    0x0002058c   0x000000bc   Code   RO         2229    i.intern_softdevice_events_execute  softdevice_handler.o
    0x00020648   0x00000024   Code   RO          642    i.is_conn_params_ok  ble_conn_params.o
    0x0002066c   0x00000038   Code   RO         2295    i.is_disabled_in_debug_needed  system_nrf51.o
    0x000206a4   0x0000006c   Code   RO         2296    i.is_manual_peripheral_setup_needed  system_nrf51.o
    0x00020710   0x00000058   Code   RO         1532    i.is_page_erase_required  pstorage.o
    0x00020768   0x00000050   Code   RO         1533    i.is_tail_data_page_swap_required  pstorage.o
    0x000207b8   0x00000012   Code   RO         1534    i.is_word_aligned   pstorage.o
    0x000207ca   0x00000002   PAD
    0x000207cc   0x00000024   Code   RO          336    i.leds_timer_handler  bsp.o
    0x000207f0   0x000000c0   Code   RO         1939    i.list_deletions_handler  app_timer.o
    0x000208b0   0x00000130   Code   RO         1940    i.list_insertions_handler  app_timer.o
    0x000209e0   0x00000084   Code   RO           17    i.lls_init          main.o
    0x00020a64   0x00000078   Code   RO           18    i.main              main.o
    0x00020adc   0x00000020   Code   RO         1535    i.main_state_err_busy_process  pstorage.o
    0x00020afc   0x0000006a   Code   RO          482    i.manuf_specific_data_encode  ble_advdata.o
    0x00020b66   0x00000096   Code   RO          483    i.name_encode       ble_advdata.o
    0x00020bfc   0x00000006   Code   RO          791    i.no_service_context_apply  device_manager_peripheral.o
    0x00020c02   0x00000006   Code   RO          792    i.no_service_context_load  device_manager_peripheral.o
    0x00020c08   0x00000006   Code   RO          793    i.no_service_context_store  device_manager_peripheral.o
    0x00020c0e   0x00000002   PAD
    0x00020c10   0x0000001c   Code   RO         1229    i.nrf_delay_ms      nrf_delay.o
    0x00020c2c   0x00000038   Code   RO         1257    i.nrf_drv_common_irq_enable  nrf_drv_common.o
    0x00020c64   0x000000c8   Code   RO         1294    i.nrf_drv_gpiote_in_event_enable  nrf_drv_gpiote.o
    0x00020d2c   0x000000f4   Code   RO         1295    i.nrf_drv_gpiote_in_init  nrf_drv_gpiote.o
    0x00020e20   0x00000020   Code   RO         1296    i.nrf_drv_gpiote_in_is_set  nrf_drv_gpiote.o
    0x00020e40   0x00000050   Code   RO         1298    i.nrf_drv_gpiote_init  nrf_drv_gpiote.o
    0x00020e90   0x00000014   Code   RO         1299    i.nrf_drv_gpiote_is_init  nrf_drv_gpiote.o
    0x00020ea4   0x000000f0   Code   RO         1301    i.nrf_drv_gpiote_out_init  nrf_drv_gpiote.o
    0x00020f94   0x00000046   Code   RO         1312    i.nrf_gpio_cfg_sense_set  nrf_drv_gpiote.o
    0x00020fda   0x00000002   PAD
    0x00020fdc   0x00000010   Code   RO         1313    i.nrf_gpio_pin_clear  nrf_drv_gpiote.o
    0x00020fec   0x00000010   Code   RO         1314    i.nrf_gpio_pin_set  nrf_drv_gpiote.o
    0x00020ffc   0x0000000c   Code   RO         1315    i.nrf_gpiote_event_addr_get  nrf_drv_gpiote.o
    0x00021008   0x00000010   Code   RO         1316    i.nrf_gpiote_event_clear  nrf_drv_gpiote.o
    0x00021018   0x00000016   Code   RO         1317    i.nrf_gpiote_event_is_set  nrf_drv_gpiote.o
    0x0002102e   0x00000002   PAD
    0x00021030   0x0000000c   Code   RO         1318    i.nrf_gpiote_int_enable  nrf_drv_gpiote.o
    0x0002103c   0x0000003a   Code   RO           19    i.on_adv_evt        main.o
    0x00021076   0x00000020   Code   RO         1026    i.on_auth_status    ble_lls.o
    0x00021096   0x00000002   PAD
    0x00021098   0x0000004c   Code   RO           20    i.on_ble_evt        main.o
    0x000210e4   0x00000034   Code   RO           21    i.on_conn_params_evt  main.o
    0x00021118   0x00000018   Code   RO          643    i.on_conn_params_update  ble_conn_params.o
    0x00021130   0x0000003c   Code   RO          644    i.on_connect        ble_conn_params.o
    0x0002116c   0x0000001c   Code   RO         1027    i.on_connect        ble_lls.o
    0x00021188   0x00000028   Code   RO         1090    i.on_cts_high       app_uart.o
    0x000211b0   0x0000003c   Code   RO         1091    i.on_cts_low        app_uart.o
    0x000211ec   0x00000044   Code   RO          645    i.on_disconnect     ble_conn_params.o
    0x00021230   0x00000064   Code   RO         1028    i.on_disconnect     ble_lls.o
    0x00021294   0x0000001a   Code   RO           22    i.on_lls_evt        main.o
    0x000212ae   0x00000002   PAD
    0x000212b0   0x0000002c   Code   RO         1092    i.on_tx_ready       app_uart.o
    0x000212dc   0x00000008   Code   RO         1093    i.on_uart_close     app_uart.o
    0x000212e4   0x00000036   Code   RO         1094    i.on_uart_event     app_uart.o
    0x0002131a   0x00000002   PAD
    0x0002131c   0x00000014   Code   RO         1095    i.on_uart_put       app_uart.o
    0x00021330   0x0000005c   Code   RO          646    i.on_write          ble_conn_params.o
    0x0002138c   0x0000001a   Code   RO          572    i.peer_address_exists  ble_advertising.o
    0x000213a6   0x00000002   PAD
    0x000213a8   0x0000005c   Code   RO          794    i.peer_instance_init  device_manager_peripheral.o
    0x00021404   0x0000001c   Code   RO         1319    i.pin_in_use_by_gpiote  nrf_drv_gpiote.o
    0x00021420   0x00000018   Code   RO         1320    i.pin_in_use_by_port  nrf_drv_gpiote.o
    0x00021438   0x00000020   Code   RO         1321    i.pin_in_use_by_te  nrf_drv_gpiote.o
    0x00021458   0x00000010   Code   RO         1322    i.pin_in_use_clear  nrf_drv_gpiote.o
    0x00021468   0x00000020   Code   RO           23    i.power_manage      main.o
    0x00021488   0x00000030   Code   RO         1536    i.pstorage_access_status_get  pstorage.o
    0x000214b8   0x000000a4   Code   RO         1537    i.pstorage_block_identifier_get  pstorage.o
    0x0002155c   0x00000118   Code   RO         1538    i.pstorage_clear    pstorage.o
    0x00021674   0x00000028   Code   RO         1539    i.pstorage_flash_page_end  pstorage.o
    0x0002169c   0x0000000a   Code   RO         1540    i.pstorage_flash_page_size  pstorage.o
    0x000216a6   0x00000002   PAD
    0x000216a8   0x00000088   Code   RO         1541    i.pstorage_init     pstorage.o
    0x00021730   0x000000fc   Code   RO         1542    i.pstorage_load     pstorage.o
    0x0002182c   0x00000118   Code   RO         1543    i.pstorage_register  pstorage.o
    0x00021944   0x000000e0   Code   RO         1544    i.pstorage_store    pstorage.o
    0x00021a24   0x0000004c   Code   RO         1545    i.pstorage_sys_event_handler  pstorage.o
    0x00021a70   0x000000e0   Code   RO         1546    i.pstorage_update   pstorage.o
    0x00021b50   0x0000000c   Code   RO         1941    i.rtc1_counter_get  app_timer.o
    0x00021b5c   0x00000018   Code   RO         1942    i.rtc1_init         app_timer.o
    0x00021b74   0x0000003c   Code   RO         1943    i.rtc1_start        app_timer.o
    0x00021bb0   0x00000058   Code   RO         1944    i.rtc1_stop         app_timer.o
    0x00021c08   0x0000008c   Code   RO          484    i.service_data_encode  ble_advdata.o
    0x00021c94   0x00000014   Code   RO           24    i.service_error_handler  main.o
    0x00021ca8   0x0000005e   Code   RO           25    i.sleep_mode_enter  main.o
    0x00021d06   0x00000002   PAD
    0x00021d08   0x00000014   Code   RO         1547    i.sm_state_change   pstorage.o
    0x00021d1c   0x00000012   Code   RO         2230    i.softdevice_assertion_handler  softdevice_handler.o
    0x00021d2e   0x00000002   PAD
    0x00021d30   0x00000018   Code   RO         2231    i.softdevice_ble_evt_handler_set  softdevice_handler.o
    0x00021d48   0x00000068   Code   RO         2232    i.softdevice_handler_init  softdevice_handler.o
    0x00021db0   0x00000018   Code   RO         2234    i.softdevice_sys_evt_handler_set  softdevice_handler.o
    0x00021dc8   0x00000010   Code   RO          485    i.srdata_check      ble_advdata.o
    0x00021dd8   0x00000054   Code   RO          434    i.startup_event_extract  bsp_btn_ble.o
    0x00021e2c   0x00000010   Code   RO         1548    i.state_data_erase_entry_run  pstorage.o
    0x00021e3c   0x00000098   Code   RO         1549    i.state_data_erase_swap_entry_run  pstorage.o
    0x00021ed4   0x0000003c   Code   RO         1550    i.state_entry_action_run  pstorage.o
    0x00021f10   0x00000010   Code   RO         1551    i.state_erase_data_page_entry_run  pstorage.o
    0x00021f20   0x0000001c   Code   RO         1552    i.state_idle_entry_run  pstorage.o
    0x00021f3c   0x00000034   Code   RO         1553    i.state_restore_head_entry_run  pstorage.o
    0x00021f70   0x00000054   Code   RO         1554    i.state_restore_tail_entry_run  pstorage.o
    0x00021fc4   0x00000008   Code   RO         1555    i.state_store_entry_run  pstorage.o
    0x00021fcc   0x00000026   Code   RO         1556    i.state_swap_erase_entry_run  pstorage.o
    0x00021ff2   0x00000002   PAD
    0x00021ff4   0x00000034   Code   RO         1557    i.state_write_data_swap_entry_run  pstorage.o
    0x00022028   0x00000008   Code   RO          795    i.storage_operation_dummy_handler  device_manager_peripheral.o
    0x00022030   0x00000064   Code   RO         1558    i.store_cmd_flash_write_execute  pstorage.o
    0x00022094   0x0000000a   Code   RO         1559    i.store_operation_execute  pstorage.o
    0x0002209e   0x00000002   PAD
    0x000220a0   0x0000004c   Code   RO         1560    i.store_sub_state_sm_run  pstorage.o
    0x000220ec   0x00000020   Code   RO         1561    i.swap_erase_state_run  pstorage.o
    0x0002210c   0x00000008   Code   RO         1562    i.swap_sub_sm_exit_action_run  pstorage.o
    0x00022114   0x00000018   Code   RO         1563    i.swap_sub_state_entry_action_run  pstorage.o
    0x0002212c   0x00000020   Code   RO         1564    i.swap_sub_state_err_busy_process  pstorage.o
    0x0002214c   0x00000018   Code   RO         1565    i.swap_sub_state_sm_run  pstorage.o
    0x00022164   0x00000014   Code   RO         1566    i.swap_sub_state_state_change  pstorage.o
    0x00022178   0x00000012   Code   RO           26    i.sys_evt_dispatch  main.o
    0x0002218a   0x00000002   PAD
    0x0002218c   0x00000020   Code   RO         1567    i.tail_restore_state_run  pstorage.o
    0x000221ac   0x00000058   Code   RO         1568    i.tail_word_size_calculate  pstorage.o
    0x00022204   0x0000000a   Code   RO         1945    i.ticks_diff_get    app_timer.o
    0x0002220e   0x00000002   PAD
    0x00022210   0x00000040   Code   RO         1946    i.timeout_handler_exec  app_timer.o
    0x00022250   0x00000058   Code   RO         1947    i.timer_list_handler  app_timer.o
    0x000222a8   0x0000000a   Code   RO         1948    i.timer_list_handler_sched  app_timer.o
    0x000222b2   0x00000002   PAD
    0x000222b4   0x000000dc   Code   RO         1949    i.timer_list_insert  app_timer.o
    0x00022390   0x000000cc   Code   RO         1950    i.timer_list_remove  app_timer.o
    0x0002245c   0x00000054   Code   RO         1951    i.timer_start_op_schedule  app_timer.o
    0x000224b0   0x00000040   Code   RO         1953    i.timer_stop_op_schedule  app_timer.o
    0x000224f0   0x0000009c   Code   RO         1954    i.timer_timeouts_check  app_timer.o
    0x0002258c   0x0000000a   Code   RO         1955    i.timer_timeouts_check_sched  app_timer.o
    0x00022596   0x00000002   PAD
    0x00022598   0x00000034   Code   RO           27    i.timers_init       main.o
    0x000225cc   0x00000030   Code   RO          486    i.tx_power_level_encode  ble_advdata.o
    0x000225fc   0x0000002e   Code   RO         2146    i.uart_error_handle  app_trace.o
    0x0002262a   0x00000002   PAD
    0x0002262c   0x00000040   Code   RO         1096    i.uart_no_flow_control_init  app_uart.o
    0x0002266c   0x00000040   Code   RO         1097    i.uart_standard_flow_control_init  app_uart.o
    0x000226ac   0x00000012   Code   RO          487    i.uint16_encode     ble_advdata.o
    0x000226be   0x00000008   Code   RO         1569    i.update_operation_execute  pstorage.o
    0x000226c6   0x00000002   PAD
    0x000226c8   0x00000014   Code   RO          796    i.update_status_bit_reset  device_manager_peripheral.o
    0x000226dc   0x0000009c   Code   RO          647    i.update_timeout_handler  ble_conn_params.o
    0x00022778   0x00000022   Code   RO         1956    i.user_id_get       app_timer.o
    0x0002279a   0x0000002c   Code   RO         1957    i.user_op_alloc     app_timer.o
    0x000227c6   0x00000004   Code   RO         1958    i.user_op_enque     app_timer.o
    0x000227ca   0x00000040   Code   RO          488    i.uuid_list_encode  ble_advdata.o
    0x0002280a   0x000000c4   Code   RO          489    i.uuid_list_sized_encode  ble_advdata.o
    0x000228ce   0x00000016   Code   RO          573    i.whitelist_has_entries  ble_advertising.o
    0x000228e4   0x00000030   Data   RO          338    .constdata          bsp.o
    0x00022914   0x00000034   Data   RO          798    .constdata          device_manager_peripheral.o
    0x00022948   0x00000008   Data   RO         1098    .constdata          app_uart.o
    0x00022950   0x00000028   Data   RO         1571    .constdata          pstorage.o
    0x00022978   0x00000004   Data   RO         1847    .constdata          app_button.o
    0x0002297c   0x0000000c   Data   RO         2148    .constdata          app_trace.o
    0x00022988   0x00000045   Data   RO          575    .conststring        ble_advertising.o
    0x000229cd   0x00000003   PAD
    0x000229d0   0x00000020   Data   RO         2650    Region$$Table       anon$$obj.o


    Execution Region RW_IRAM1 (Base: 0x20002800, Size: 0x00001450, Max: 0x00005800, ABSOLUTE)

    Base Addr    Size         Type   Attr      Idx    E Section Name        Object

    0x20002800   0x00000004   Data   RW           29    .data               main.o
    0x20002804   0x00000021   Data   RW          339    .data               bsp.o
    0x20002825   0x00000003   PAD
    0x20002828   0x00000008   Data   RW          435    .data               bsp_btn_ble.o
    0x20002830   0x00000020   Data   RW          576    .data               ble_advertising.o
    0x20002850   0x00000019   Data   RW          649    .data               ble_conn_params.o
    0x20002869   0x00000003   PAD
    0x2000286c   0x00000014   Data   RW          799    .data               device_manager_peripheral.o
    0x20002880   0x0000000d   Data   RW         1099    .data               app_uart.o
    0x2000288d   0x00000003   PAD
    0x20002890   0x00000028   Data   RW         1572    .data               pstorage.o
    0x200028b8   0x00000018   Data   RW         1848    .data               app_button.o
    0x200028d0   0x0000002a   Data   RW         1959    .data               app_timer.o
    0x200028fa   0x00000001   Data   RW         2149    .data               app_trace.o
    0x200028fb   0x00000001   PAD
    0x200028fc   0x00000008   Data   RW         2197    .data               retarget.o
    0x20002904   0x00000018   Data   RW         2235    .data               softdevice_handler.o
    0x2000291c   0x00000004   Data   RW         2297    .data               system_nrf51.o
    0x20002920   0x0000038c   Zero   RW           28    .bss                main.o
    0x20002cac   0x0000000c   Zero   RW          337    .bss                bsp.o
    0x20002cb8   0x000000fb   Zero   RW          574    .bss                ble_advertising.o
    0x20002db3   0x00000001   PAD
    0x20002db4   0x0000001c   Zero   RW          648    .bss                ble_conn_params.o
    0x20002dd0   0x0000014f   Zero   RW          797    .bss                device_manager_peripheral.o
    0x20002f1f   0x00000001   PAD
    0x20002f20   0x0000004c   Zero   RW         1323    .bss                nrf_drv_gpiote.o
    0x20002f6c   0x000000e4   Zero   RW         1570    .bss                pstorage.o
    0x20003050   0x00000400   Zero   RW         2147    .bss                app_trace.o
    0x20003450   0x00000800   Zero   RW         2284    STACK               arm_startup_nrf51.o


==============================================================================

Image component sizes


      Code (inc. data)   RO Data    RW Data    ZI Data      Debug   Object Name

       476         78          4         24          0       6342   app_button.o
        56          8          0          0          0       7376   app_error.o
      2906        320          0         42          0      34375   app_timer.o
       126         18         12          1       1024       2129   app_trace.o
      1254        192          8         13          0      28543   app_uart.o
        56         18        192          0       2048        684   arm_startup_nrf51.o
      1448          4          0          0          0      14946   ble_advdata.o
      2044        560         69         32        251       8597   ble_advertising.o
       766        126          0         25         28      15512   ble_conn_params.o
       508         16          0          0          0       5822   ble_lls.o
      2078        172         48         33         12       9469   bsp.o
       490         20          0          8          0       5589   bsp_btn_ble.o
      4134        300         52         20        335      31437   device_manager_peripheral.o
      1810        134          0          4        908      98899   main.o
        58          4          0          0          0       1643   nrf_delay.o
       176         18          0          0          0       2160   nrf_drv_common.o
      1656        144          0          0         76      25194   nrf_drv_gpiote.o
      4300        438         40         40        228      43178   pstorage.o
        16          0          0          8          0       2766   retarget.o
       414         58          0         24          0       6356   softdevice_handler.o
       220         26          0          4          0       1943   system_nrf51.o

    ----------------------------------------------------------------------
     25052       2654        460        288       4912     352960   Object Totals
         0          0         32          0          0          0   (incl. Generated)
        60          0          3         10          2          0   (incl. Padding)

    ----------------------------------------------------------------------

      Code (inc. data)   RO Data    RW Data    ZI Data      Debug   Library Member Name

         0          0          0          0          0          0   entry.o
         0          0          0          0          0          0   entry10a.o
         0          0          0          0          0          0   entry11a.o
         8          4          0          0          0          0   entry2.o
         4          0          0          0          0          0   entry5.o
         0          0          0          0          0          0   entry7b.o
         0          0          0          0          0          0   entry8b.o
         8          4          0          0          0          0   entry9a.o
        30          0          0          0          0          0   handlers.o
        40          0          0          0          0         72   idiv.o
        36          8          0          0          0         68   init.o
        32          0          0          0          0         68   llshl.o
        34          0          0          0          0         68   llushr.o
        26          0          0          0          0         72   memcmp.o
        36          0          0          0          0         60   memcpya.o
        36          0          0          0          0        100   memseta.o
      1172         52          0          0          0        324   printf8.o
        44          0          0          0          0         72   uidiv.o
        96          0          0          0          0         84   uldiv.o

    ----------------------------------------------------------------------
      1608         68          0          0          0        988   Library Totals
         6          0          0          0          0          0   (incl. Padding)

    ----------------------------------------------------------------------

      Code (inc. data)   RO Data    RW Data    ZI Data      Debug   Library Name

      1602         68          0          0          0        988   mc_p.l

    ----------------------------------------------------------------------
      1608         68          0          0          0        988   Library Totals

    ----------------------------------------------------------------------

==============================================================================


      Code (inc. data)   RO Data    RW Data    ZI Data      Debug   

     26660       2722        460        288       4912     342424   Grand Totals
     26660       2722        460        288       4912     342424   ELF Image Totals
     26660       2722        460        288          0          0   ROM Totals

==============================================================================

    Total RO  Size (Code + RO Data)                27120 (  26.48kB)
    Total RW  Size (RW Data + ZI Data)              5200 (   5.08kB)
    Total ROM Size (Code + RO Data + RW Data)      27408 (  26.77kB)

==============================================================================

